stm32g4xx_hal_tim.c:275:19:HAL_TIM_Base_Init	16	static
stm32g4xx_hal_tim.c:334:19:HAL_TIM_Base_DeInit	16	static
stm32g4xx_hal_tim.c:377:13:HAL_TIM_Base_MspInit	16	static
stm32g4xx_hal_tim.c:392:13:HAL_TIM_Base_MspDeInit	16	static
stm32g4xx_hal_tim.c:408:19:HAL_TIM_Base_Start	24	static
stm32g4xx_hal_tim.c:447:19:HAL_TIM_Base_Stop	16	static
stm32g4xx_hal_tim.c:467:19:HAL_TIM_Base_Start_IT	24	static
stm32g4xx_hal_tim.c:509:19:HAL_TIM_Base_Stop_IT	16	static
stm32g4xx_hal_tim.c:534:19:HAL_TIM_Base_Start_DMA	32	static
stm32g4xx_hal_tim.c:601:19:HAL_TIM_Base_Stop_DMA	16	static
stm32g4xx_hal_tim.c:656:19:HAL_TIM_OC_Init	16	static
stm32g4xx_hal_tim.c:715:19:HAL_TIM_OC_DeInit	16	static
stm32g4xx_hal_tim.c:758:13:HAL_TIM_OC_MspInit	16	static
stm32g4xx_hal_tim.c:773:13:HAL_TIM_OC_MspDeInit	16	static
stm32g4xx_hal_tim.c:796:19:HAL_TIM_OC_Start	24	static
stm32g4xx_hal_tim.c:852:19:HAL_TIM_OC_Stop	16	static
stm32g4xx_hal_tim.c:887:19:HAL_TIM_OC_Start_IT	24	static
stm32g4xx_hal_tim.c:975:19:HAL_TIM_OC_Stop_IT	16	static
stm32g4xx_hal_tim.c:1046:19:HAL_TIM_OC_Start_DMA	32	static
stm32g4xx_hal_tim.c:1196:19:HAL_TIM_OC_Stop_DMA	16	static
stm32g4xx_hal_tim.c:1293:19:HAL_TIM_PWM_Init	16	static
stm32g4xx_hal_tim.c:1352:19:HAL_TIM_PWM_DeInit	16	static
stm32g4xx_hal_tim.c:1395:13:HAL_TIM_PWM_MspInit	16	static
stm32g4xx_hal_tim.c:1410:13:HAL_TIM_PWM_MspDeInit	16	static
stm32g4xx_hal_tim.c:1433:19:HAL_TIM_PWM_Start	24	static
stm32g4xx_hal_tim.c:1489:19:HAL_TIM_PWM_Stop	16	static
stm32g4xx_hal_tim.c:1524:19:HAL_TIM_PWM_Start_IT	24	static
stm32g4xx_hal_tim.c:1611:19:HAL_TIM_PWM_Stop_IT	16	static
stm32g4xx_hal_tim.c:1682:19:HAL_TIM_PWM_Start_DMA	32	static
stm32g4xx_hal_tim.c:1831:19:HAL_TIM_PWM_Stop_DMA	16	static
stm32g4xx_hal_tim.c:1928:19:HAL_TIM_IC_Init	16	static
stm32g4xx_hal_tim.c:1987:19:HAL_TIM_IC_DeInit	16	static
stm32g4xx_hal_tim.c:2030:13:HAL_TIM_IC_MspInit	16	static
stm32g4xx_hal_tim.c:2045:13:HAL_TIM_IC_MspDeInit	16	static
stm32g4xx_hal_tim.c:2066:19:HAL_TIM_IC_Start	24	static
stm32g4xx_hal_tim.c:2118:19:HAL_TIM_IC_Stop	16	static
stm32g4xx_hal_tim.c:2148:19:HAL_TIM_IC_Start_IT	24	static
stm32g4xx_hal_tim.c:2233:19:HAL_TIM_IC_Stop_IT	16	static
stm32g4xx_hal_tim.c:2299:19:HAL_TIM_IC_Start_DMA	32	static
stm32g4xx_hal_tim.c:2447:19:HAL_TIM_IC_Stop_DMA	16	static
stm32g4xx_hal_tim.c:2546:19:HAL_TIM_OnePulse_Init	16	static
stm32g4xx_hal_tim.c:2614:19:HAL_TIM_OnePulse_DeInit	16	static
stm32g4xx_hal_tim.c:2659:13:HAL_TIM_OnePulse_MspInit	16	static
stm32g4xx_hal_tim.c:2674:13:HAL_TIM_OnePulse_MspDeInit	16	static
stm32g4xx_hal_tim.c:2693:19:HAL_TIM_OnePulse_Start	24	static
stm32g4xx_hal_tim.c:2749:19:HAL_TIM_OnePulse_Stop	16	static
stm32g4xx_hal_tim.c:2791:19:HAL_TIM_OnePulse_Start_IT	24	static
stm32g4xx_hal_tim.c:2853:19:HAL_TIM_OnePulse_Stop_IT	16	static
stm32g4xx_hal_tim.c:2932:19:HAL_TIM_Encoder_Init	32	static
stm32g4xx_hal_tim.c:3046:19:HAL_TIM_Encoder_DeInit	16	static
stm32g4xx_hal_tim.c:3091:13:HAL_TIM_Encoder_MspInit	16	static
stm32g4xx_hal_tim.c:3106:13:HAL_TIM_Encoder_MspDeInit	16	static
stm32g4xx_hal_tim.c:3126:19:HAL_TIM_Encoder_Start	24	static
stm32g4xx_hal_tim.c:3220:19:HAL_TIM_Encoder_Stop	16	static
stm32g4xx_hal_tim.c:3280:19:HAL_TIM_Encoder_Start_IT	24	static
stm32g4xx_hal_tim.c:3380:19:HAL_TIM_Encoder_Stop_IT	16	static
stm32g4xx_hal_tim.c:3445:19:HAL_TIM_Encoder_Start_DMA	32	static
stm32g4xx_hal_tim.c:3649:19:HAL_TIM_Encoder_Stop_DMA	16	static
stm32g4xx_hal_tim.c:3726:6:HAL_TIM_IRQHandler	16	static
stm32g4xx_hal_tim.c:4008:19:HAL_TIM_OC_ConfigChannel	24	static
stm32g4xx_hal_tim.c:4104:19:HAL_TIM_IC_ConfigChannel	24	static
stm32g4xx_hal_tim.c:4199:19:HAL_TIM_PWM_ConfigChannel	24	static
stm32g4xx_hal_tim.c:4344:19:HAL_TIM_OnePulse_ConfigChannel	56	static
stm32g4xx_hal_tim.c:4492:19:HAL_TIM_DMABurst_WriteStart	32	static
stm32g4xx_hal_tim.c:4547:19:HAL_TIM_DMABurst_MultiWriteStart	24	static
stm32g4xx_hal_tim.c:4717:19:HAL_TIM_DMABurst_WriteStop	16	static
stm32g4xx_hal_tim.c:4821:19:HAL_TIM_DMABurst_ReadStart	32	static
stm32g4xx_hal_tim.c:4876:19:HAL_TIM_DMABurst_MultiReadStart	24	static
stm32g4xx_hal_tim.c:5047:19:HAL_TIM_DMABurst_ReadStop	16	static
stm32g4xx_hal_tim.c:5125:19:HAL_TIM_GenerateEvent	16	static
stm32g4xx_hal_tim.c:5164:19:HAL_TIM_ConfigOCrefClear	24	static
stm32g4xx_hal_tim.c:5360:19:HAL_TIM_ConfigClockSource	24	static
stm32g4xx_hal_tim.c:5526:19:HAL_TIM_ConfigTI1Input	24	static
stm32g4xx_hal_tim.c:5558:19:HAL_TIM_SlaveConfigSynchro	16	static
stm32g4xx_hal_tim.c:5598:19:HAL_TIM_SlaveConfigSynchro_IT	16	static
stm32g4xx_hal_tim.c:5641:10:HAL_TIM_ReadCapturedValue	24	static
stm32g4xx_hal_tim.c:5729:13:HAL_TIM_PeriodElapsedCallback	16	static
stm32g4xx_hal_tim.c:5744:13:HAL_TIM_PeriodElapsedHalfCpltCallback	16	static
stm32g4xx_hal_tim.c:5759:13:HAL_TIM_OC_DelayElapsedCallback	16	static
stm32g4xx_hal_tim.c:5774:13:HAL_TIM_IC_CaptureCallback	16	static
stm32g4xx_hal_tim.c:5789:13:HAL_TIM_IC_CaptureHalfCpltCallback	16	static
stm32g4xx_hal_tim.c:5804:13:HAL_TIM_PWM_PulseFinishedCallback	16	static
stm32g4xx_hal_tim.c:5819:13:HAL_TIM_PWM_PulseFinishedHalfCpltCallback	16	static
stm32g4xx_hal_tim.c:5834:13:HAL_TIM_TriggerCallback	16	static
stm32g4xx_hal_tim.c:5849:13:HAL_TIM_TriggerHalfCpltCallback	16	static
stm32g4xx_hal_tim.c:5864:13:HAL_TIM_ErrorCallback	16	static
stm32g4xx_hal_tim.c:6431:22:HAL_TIM_Base_GetState	16	static
stm32g4xx_hal_tim.c:6441:22:HAL_TIM_OC_GetState	16	static
stm32g4xx_hal_tim.c:6451:22:HAL_TIM_PWM_GetState	16	static
stm32g4xx_hal_tim.c:6461:22:HAL_TIM_IC_GetState	16	static
stm32g4xx_hal_tim.c:6471:22:HAL_TIM_OnePulse_GetState	16	static
stm32g4xx_hal_tim.c:6481:22:HAL_TIM_Encoder_GetState	16	static
stm32g4xx_hal_tim.c:6491:23:HAL_TIM_GetActiveChannel	16	static
stm32g4xx_hal_tim.c:6509:29:HAL_TIM_GetChannelState	24	static
stm32g4xx_hal_tim.c:6526:30:HAL_TIM_DMABurstState	16	static
stm32g4xx_hal_tim.c:6551:6:TIM_DMAError	24	static
stm32g4xx_hal_tim.c:6594:6:TIM_DMADelayPulseCplt	24	static
stm32g4xx_hal_tim.c:6653:6:TIM_DMADelayPulseHalfCplt	24	static
stm32g4xx_hal_tim.c:6692:6:TIM_DMACaptureCplt	24	static
stm32g4xx_hal_tim.c:6755:6:TIM_DMACaptureHalfCplt	24	static
stm32g4xx_hal_tim.c:6794:13:TIM_DMAPeriodElapsedCplt	24	static
stm32g4xx_hal_tim.c:6815:13:TIM_DMAPeriodElapsedHalfCplt	24	static
stm32g4xx_hal_tim.c:6831:13:TIM_DMATriggerCplt	24	static
stm32g4xx_hal_tim.c:6852:13:TIM_DMATriggerHalfCplt	24	static
stm32g4xx_hal_tim.c:6869:6:TIM_Base_SetConfig	24	static
stm32g4xx_hal_tim.c:6917:13:TIM_OC1_SetConfig	32	static
stm32g4xx_hal_tim.c:6992:6:TIM_OC2_SetConfig	32	static
stm32g4xx_hal_tim.c:7068:13:TIM_OC3_SetConfig	32	static
stm32g4xx_hal_tim.c:7142:13:TIM_OC4_SetConfig	32	static
stm32g4xx_hal_tim.c:7219:13:TIM_OC5_SetConfig	32	static
stm32g4xx_hal_tim.c:7272:13:TIM_OC6_SetConfig	32	static
stm32g4xx_hal_tim.c:7326:26:TIM_SlaveTimer_SetConfig	32	static
stm32g4xx_hal_tim.c:7471:6:TIM_TI1_SetConfig	32	static
stm32g4xx_hal_tim.c:7518:13:TIM_TI1_ConfigInputStage	32	static
stm32g4xx_hal_tim.c:7561:13:TIM_TI2_SetConfig	32	static
stm32g4xx_hal_tim.c:7601:13:TIM_TI2_ConfigInputStage	32	static
stm32g4xx_hal_tim.c:7644:13:TIM_TI3_SetConfig	32	static
stm32g4xx_hal_tim.c:7692:13:TIM_TI4_SetConfig	32	static
stm32g4xx_hal_tim.c:7746:13:TIM_ITRx_SetConfig	24	static
stm32g4xx_hal_tim.c:7776:6:TIM_ETR_SetConfig	32	static
stm32g4xx_hal_tim.c:7808:6:TIM_CCxChannelCmd	32	static
