stm32g4xx_hal_tim_ex.c:154:19:HAL_TIMEx_HallSensor_Init	48	static
stm32g4xx_hal_tim_ex.c:255:19:HAL_TIMEx_HallSensor_DeInit	16	static
stm32g4xx_hal_tim_ex.c:300:13:HAL_TIMEx_HallSensor_MspInit	16	static
stm32g4xx_hal_tim_ex.c:315:13:HAL_TIMEx_HallSensor_MspDeInit	16	static
stm32g4xx_hal_tim_ex.c:330:19:HAL_TIMEx_HallSensor_Start	24	static
stm32g4xx_hal_tim_ex.c:383:19:HAL_TIMEx_HallSensor_Stop	16	static
stm32g4xx_hal_tim_ex.c:410:19:HAL_TIMEx_HallSensor_Start_IT	24	static
stm32g4xx_hal_tim_ex.c:466:19:HAL_TIMEx_HallSensor_Stop_IT	16	static
stm32g4xx_hal_tim_ex.c:498:19:HAL_TIMEx_HallSensor_Start_DMA	32	static
stm32g4xx_hal_tim_ex.c:572:19:HAL_TIMEx_HallSensor_Stop_DMA	16	static
stm32g4xx_hal_tim_ex.c:634:19:HAL_TIMEx_OCN_Start	24	static
stm32g4xx_hal_tim_ex.c:686:19:HAL_TIMEx_OCN_Stop	16	static
stm32g4xx_hal_tim_ex.c:719:19:HAL_TIMEx_OCN_Start_IT	24	static
stm32g4xx_hal_tim_ex.c:809:19:HAL_TIMEx_OCN_Stop_IT	24	static
stm32g4xx_hal_tim_ex.c:886:19:HAL_TIMEx_OCN_Start_DMA	32	static
stm32g4xx_hal_tim_ex.c:1032:19:HAL_TIMEx_OCN_Stop_DMA	16	static
stm32g4xx_hal_tim_ex.c:1136:19:HAL_TIMEx_PWMN_Start	24	static
stm32g4xx_hal_tim_ex.c:1187:19:HAL_TIMEx_PWMN_Stop	16	static
stm32g4xx_hal_tim_ex.c:1220:19:HAL_TIMEx_PWMN_Start_IT	24	static
stm32g4xx_hal_tim_ex.c:1309:19:HAL_TIMEx_PWMN_Stop_IT	24	static
stm32g4xx_hal_tim_ex.c:1387:19:HAL_TIMEx_PWMN_Start_DMA	32	static
stm32g4xx_hal_tim_ex.c:1533:19:HAL_TIMEx_PWMN_Stop_DMA	16	static
stm32g4xx_hal_tim_ex.c:1624:19:HAL_TIMEx_OnePulseN_Start	24	static
stm32g4xx_hal_tim_ex.c:1665:19:HAL_TIMEx_OnePulseN_Stop	24	static
stm32g4xx_hal_tim_ex.c:1700:19:HAL_TIMEx_OnePulseN_Start_IT	24	static
stm32g4xx_hal_tim_ex.c:1747:19:HAL_TIMEx_OnePulseN_Stop_IT	24	static
stm32g4xx_hal_tim_ex.c:1839:19:HAL_TIMEx_ConfigCommutEvent	24	static
stm32g4xx_hal_tim_ex.c:1930:19:HAL_TIMEx_ConfigCommutEvent_IT	24	static
stm32g4xx_hal_tim_ex.c:2022:19:HAL_TIMEx_ConfigCommutEvent_DMA	24	static
stm32g4xx_hal_tim_ex.c:2095:19:HAL_TIMEx_MasterConfigSynchronization	24	static
stm32g4xx_hal_tim_ex.c:2168:19:HAL_TIMEx_ConfigBreakDeadTime	24	static
stm32g4xx_hal_tim_ex.c:2250:19:HAL_TIMEx_ConfigBreakInput	48	static
stm32g4xx_hal_tim_ex.c:2512:19:HAL_TIMEx_RemapConfig	16	static
stm32g4xx_hal_tim_ex.c:2686:20:HAL_TIMEx_TISelection	32	static
stm32g4xx_hal_tim_ex.c:2741:19:HAL_TIMEx_GroupChannel5	16	static
stm32g4xx_hal_tim_ex.c:2779:19:HAL_TIMEx_DisarmBreakInput	24	static
stm32g4xx_hal_tim_ex.c:2832:19:HAL_TIMEx_ReArmBreakInput	24	static
stm32g4xx_hal_tim_ex.c:2908:19:HAL_TIMEx_DitheringEnable	16	static
stm32g4xx_hal_tim_ex.c:2932:19:HAL_TIMEx_DitheringDisable	16	static
stm32g4xx_hal_tim_ex.c:2950:19:HAL_TIMEx_OC_ConfigPulseOnCompare	32	static
stm32g4xx_hal_tim_ex.c:2995:19:HAL_TIMEx_ConfigSlaveModePreload	16	static
stm32g4xx_hal_tim_ex.c:3010:19:HAL_TIMEx_EnableSlaveModePreload	16	static
stm32g4xx_hal_tim_ex.c:3024:19:HAL_TIMEx_DisableSlaveModePreload	16	static
stm32g4xx_hal_tim_ex.c:3038:19:HAL_TIMEx_EnableDeadTimePreload	16	static
stm32g4xx_hal_tim_ex.c:3052:19:HAL_TIMEx_DisableDeadTimePreload	16	static
stm32g4xx_hal_tim_ex.c:3068:19:HAL_TIMEx_ConfigDeadTime	16	static
stm32g4xx_hal_tim_ex.c:3085:19:HAL_TIMEx_ConfigAsymmetricalDeadTime	16	static
stm32g4xx_hal_tim_ex.c:3100:19:HAL_TIMEx_EnableAsymmetricalDeadTime	16	static
stm32g4xx_hal_tim_ex.c:3114:19:HAL_TIMEx_DisableAsymmetricalDeadTime	16	static
stm32g4xx_hal_tim_ex.c:3132:19:HAL_TIMEx_ConfigEncoderIndex	16	static
stm32g4xx_hal_tim_ex.c:3171:19:HAL_TIMEx_EnableEncoderIndex	16	static
stm32g4xx_hal_tim_ex.c:3185:19:HAL_TIMEx_DisableEncoderIndex	16	static
stm32g4xx_hal_tim_ex.c:3199:19:HAL_TIMEx_EnableEncoderFirstIndex	16	static
stm32g4xx_hal_tim_ex.c:3213:19:HAL_TIMEx_DisableEncoderFirstIndex	16	static
stm32g4xx_hal_tim_ex.c:3247:13:HAL_TIMEx_CommutCallback	16	static
stm32g4xx_hal_tim_ex.c:3261:13:HAL_TIMEx_CommutHalfCpltCallback	16	static
stm32g4xx_hal_tim_ex.c:3276:13:HAL_TIMEx_BreakCallback	16	static
stm32g4xx_hal_tim_ex.c:3291:13:HAL_TIMEx_Break2Callback	16	static
stm32g4xx_hal_tim_ex.c:3306:13:HAL_TIMEx_EncoderIndexCallback	16	static
stm32g4xx_hal_tim_ex.c:3321:13:HAL_TIMEx_DirectionChangeCallback	16	static
stm32g4xx_hal_tim_ex.c:3336:13:HAL_TIMEx_IndexErrorCallback	16	static
stm32g4xx_hal_tim_ex.c:3351:13:HAL_TIMEx_TransitionErrorCallback	16	static
stm32g4xx_hal_tim_ex.c:3385:22:HAL_TIMEx_HallSensor_GetState	16	static
stm32g4xx_hal_tim_ex.c:3401:29:HAL_TIMEx_GetChannelNState	24	static
stm32g4xx_hal_tim_ex.c:3430:6:TIMEx_DMACommutationCplt	24	static
stm32g4xx_hal_tim_ex.c:3449:6:TIMEx_DMACommutationHalfCplt	24	static
stm32g4xx_hal_tim_ex.c:3469:13:TIM_DMADelayPulseNCplt	24	static
stm32g4xx_hal_tim_ex.c:3528:6:TIM_DMAErrorCCxN	24	static
stm32g4xx_hal_tim_ex.c:3574:13:TIM_CCxNChannelCmd	32	static
