stm32g4xx_hal_uart.c:298:19:HAL_UART_Init	16	static
stm32g4xx_hal_uart.c:371:19:HAL_HalfDuplex_Init	16	static
stm32g4xx_hal_uart.c:444:19:HAL_LIN_Init	16	static
stm32g4xx_hal_uart.c:541:19:HAL_MultiProcessor_Init	24	static
stm32g4xx_hal_uart.c:615:19:HAL_UART_DeInit	16	static
stm32g4xx_hal_uart.c:660:13:HAL_UART_MspInit	16	static
stm32g4xx_hal_uart.c:675:13:HAL_UART_MspDeInit	16	static
stm32g4xx_hal_uart.c:1039:19:HAL_UART_Transmit	48	static
stm32g4xx_hal_uart.c:1128:19:HAL_UART_Receive	48	static
stm32g4xx_hal_uart.c:1213:19:HAL_UART_Transmit_IT	24	static
stm32g4xx_hal_uart.c:1287:19:HAL_UART_Receive_IT	24	static
stm32g4xx_hal_uart.c:1368:19:HAL_UART_Transmit_DMA	24	static
stm32g4xx_hal_uart.c:1444:19:HAL_UART_Receive_DMA	24	static
stm32g4xx_hal_uart.c:1515:19:HAL_UART_DMAPause	24	static
stm32g4xx_hal_uart.c:1549:19:HAL_UART_DMAResume	16	static
stm32g4xx_hal_uart.c:1581:19:HAL_UART_DMAStop	24	static
stm32g4xx_hal_uart.c:1656:19:HAL_UART_Abort	16	static
stm32g4xx_hal_uart.c:1750:19:HAL_UART_AbortTransmit	16	static
stm32g4xx_hal_uart.c:1808:19:HAL_UART_AbortReceive	16	static
stm32g4xx_hal_uart.c:1868:19:HAL_UART_Abort_IT	24	static
stm32g4xx_hal_uart.c:2013:19:HAL_UART_AbortTransmit_IT	16	static
stm32g4xx_hal_uart.c:2103:19:HAL_UART_AbortReceive_IT	16	static
stm32g4xx_hal_uart.c:2187:6:HAL_UART_IRQHandler	40	static
stm32g4xx_hal_uart.c:2419:13:HAL_UART_TxCpltCallback	16	static
stm32g4xx_hal_uart.c:2434:13:HAL_UART_TxHalfCpltCallback	16	static
stm32g4xx_hal_uart.c:2449:13:HAL_UART_RxCpltCallback	16	static
stm32g4xx_hal_uart.c:2464:13:HAL_UART_RxHalfCpltCallback	16	static
stm32g4xx_hal_uart.c:2479:13:HAL_UART_ErrorCallback	16	static
stm32g4xx_hal_uart.c:2494:13:HAL_UART_AbortCpltCallback	16	static
stm32g4xx_hal_uart.c:2509:13:HAL_UART_AbortTransmitCpltCallback	16	static
stm32g4xx_hal_uart.c:2524:13:HAL_UART_AbortReceiveCpltCallback	16	static
stm32g4xx_hal_uart.c:2571:6:HAL_UART_ReceiverTimeout_Config	16	static
stm32g4xx_hal_uart.c:2586:19:HAL_UART_EnableReceiverTimeout	16	static
stm32g4xx_hal_uart.c:2624:19:HAL_UART_DisableReceiverTimeout	16	static
stm32g4xx_hal_uart.c:2662:19:HAL_MultiProcessor_EnableMuteMode	16	static
stm32g4xx_hal_uart.c:2682:19:HAL_MultiProcessor_DisableMuteMode	16	static
stm32g4xx_hal_uart.c:2702:6:HAL_MultiProcessor_EnterMuteMode	16	static
stm32g4xx_hal_uart.c:2712:19:HAL_HalfDuplex_EnableTransmitter	16	static
stm32g4xx_hal_uart.c:2735:19:HAL_HalfDuplex_EnableReceiver	16	static
stm32g4xx_hal_uart.c:2759:19:HAL_LIN_SendBreak	16	static
stm32g4xx_hal_uart.c:2804:23:HAL_UART_GetState	24	static
stm32g4xx_hal_uart.c:2820:10:HAL_UART_GetError	16	static
stm32g4xx_hal_uart.c:2865:19:UART_SetConfig	48	static
stm32g4xx_hal_uart.c:3083:6:UART_AdvFeatureConfig	16	static
stm32g4xx_hal_uart.c:3157:19:UART_CheckIdleState	32	static
stm32g4xx_hal_uart.c:3207:19:UART_WaitOnFlagUntilTimeout	24	static
stm32g4xx_hal_uart.c:3264:13:UART_EndTxTransfer	16	static
stm32g4xx_hal_uart.c:3280:13:UART_EndRxTransfer	16	static
stm32g4xx_hal_uart.c:3299:13:UART_DMATransmitCplt	24	static
stm32g4xx_hal_uart.c:3333:13:UART_DMATxHalfCplt	24	static
stm32g4xx_hal_uart.c:3351:13:UART_DMAReceiveCplt	24	static
stm32g4xx_hal_uart.c:3386:13:UART_DMARxHalfCplt	24	static
stm32g4xx_hal_uart.c:3404:13:UART_DMAError	32	static
stm32g4xx_hal_uart.c:3444:13:UART_DMAAbortOnError	24	static
stm32g4xx_hal_uart.c:3467:13:UART_DMATxAbortCallback	24	static
stm32g4xx_hal_uart.c:3521:13:UART_DMARxAbortCallback	24	static
stm32g4xx_hal_uart.c:3572:13:UART_DMATxOnlyAbortCallback	24	static
stm32g4xx_hal_uart.c:3605:13:UART_DMARxOnlyAbortCallback	24	static
stm32g4xx_hal_uart.c:3637:13:UART_TxISR_8BIT	16	static
stm32g4xx_hal_uart.c:3666:13:UART_TxISR_16BIT	24	static
stm32g4xx_hal_uart.c:3698:13:UART_TxISR_8BIT_FIFOEN	24	static
stm32g4xx_hal_uart.c:3738:13:UART_TxISR_16BIT_FIFOEN	24	static
stm32g4xx_hal_uart.c:3779:13:UART_EndTransmit_IT	16	static
stm32g4xx_hal_uart.c:3804:13:UART_RxISR_8BIT	24	static
stm32g4xx_hal_uart.c:3854:13:UART_RxISR_16BIT	24	static
stm32g4xx_hal_uart.c:3906:13:UART_RxISR_8BIT_FIFOEN	24	static
stm32g4xx_hal_uart.c:3979:13:UART_RxISR_16BIT_FIFOEN	32	static
