Archive member included to satisfy reference by file (symbol)

c:/st/stm32cubeide_1.4.0/stm32cubeide/plugins/com.st.stm32cube.ide.mcu.externaltools.gnu-tools-for-stm32.7-2018-q2-update.win32_1.5.0.202011040924/tools/bin/../lib/gcc/arm-none-eabi/7.3.1/../../../../arm-none-eabi/lib/thumb/v7e-m/fpv4-sp/hard\libc_nano.a(lib_a-errno.o)
                              Core/Src/syscalls.o (__errno)
c:/st/stm32cubeide_1.4.0/stm32cubeide/plugins/com.st.stm32cube.ide.mcu.externaltools.gnu-tools-for-stm32.7-2018-q2-update.win32_1.5.0.202011040924/tools/bin/../lib/gcc/arm-none-eabi/7.3.1/../../../../arm-none-eabi/lib/thumb/v7e-m/fpv4-sp/hard\libc_nano.a(lib_a-exit.o)
                              c:/st/stm32cubeide_1.4.0/stm32cubeide/plugins/com.st.stm32cube.ide.mcu.externaltools.gnu-tools-for-stm32.7-2018-q2-update.win32_1.5.0.202011040924/tools/bin/../lib/gcc/arm-none-eabi/7.3.1/../../../../arm-none-eabi/lib/thumb/v7e-m/fpv4-sp/hard/crt0.o (exit)
c:/st/stm32cubeide_1.4.0/stm32cubeide/plugins/com.st.stm32cube.ide.mcu.externaltools.gnu-tools-for-stm32.7-2018-q2-update.win32_1.5.0.202011040924/tools/bin/../lib/gcc/arm-none-eabi/7.3.1/../../../../arm-none-eabi/lib/thumb/v7e-m/fpv4-sp/hard\libc_nano.a(lib_a-impure.o)
                              c:/st/stm32cubeide_1.4.0/stm32cubeide/plugins/com.st.stm32cube.ide.mcu.externaltools.gnu-tools-for-stm32.7-2018-q2-update.win32_1.5.0.202011040924/tools/bin/../lib/gcc/arm-none-eabi/7.3.1/../../../../arm-none-eabi/lib/thumb/v7e-m/fpv4-sp/hard\libc_nano.a(lib_a-exit.o) (_global_impure_ptr)
c:/st/stm32cubeide_1.4.0/stm32cubeide/plugins/com.st.stm32cube.ide.mcu.externaltools.gnu-tools-for-stm32.7-2018-q2-update.win32_1.5.0.202011040924/tools/bin/../lib/gcc/arm-none-eabi/7.3.1/../../../../arm-none-eabi/lib/thumb/v7e-m/fpv4-sp/hard\libc_nano.a(lib_a-init.o)
                              c:/st/stm32cubeide_1.4.0/stm32cubeide/plugins/com.st.stm32cube.ide.mcu.externaltools.gnu-tools-for-stm32.7-2018-q2-update.win32_1.5.0.202011040924/tools/bin/../lib/gcc/arm-none-eabi/7.3.1/../../../../arm-none-eabi/lib/thumb/v7e-m/fpv4-sp/hard/crt0.o (__libc_init_array)
c:/st/stm32cubeide_1.4.0/stm32cubeide/plugins/com.st.stm32cube.ide.mcu.externaltools.gnu-tools-for-stm32.7-2018-q2-update.win32_1.5.0.202011040924/tools/bin/../lib/gcc/arm-none-eabi/7.3.1/../../../../arm-none-eabi/lib/thumb/v7e-m/fpv4-sp/hard\libc_nano.a(lib_a-memcpy-stub.o)
                              Core/Src/eeprom.o (memcpy)
c:/st/stm32cubeide_1.4.0/stm32cubeide/plugins/com.st.stm32cube.ide.mcu.externaltools.gnu-tools-for-stm32.7-2018-q2-update.win32_1.5.0.202011040924/tools/bin/../lib/gcc/arm-none-eabi/7.3.1/../../../../arm-none-eabi/lib/thumb/v7e-m/fpv4-sp/hard\libc_nano.a(lib_a-memset.o)
                              c:/st/stm32cubeide_1.4.0/stm32cubeide/plugins/com.st.stm32cube.ide.mcu.externaltools.gnu-tools-for-stm32.7-2018-q2-update.win32_1.5.0.202011040924/tools/bin/../lib/gcc/arm-none-eabi/7.3.1/../../../../arm-none-eabi/lib/thumb/v7e-m/fpv4-sp/hard/crt0.o (memset)
c:/st/stm32cubeide_1.4.0/stm32cubeide/plugins/com.st.stm32cube.ide.mcu.externaltools.gnu-tools-for-stm32.7-2018-q2-update.win32_1.5.0.202011040924/tools/bin/../lib/gcc/arm-none-eabi/7.3.1/thumb/v7e-m/fpv4-sp/hard\libgcc.a(_aeabi_uldivmod.o)
                              Drivers/STM32G4xx_HAL_Driver/Src/stm32g4xx_hal_uart.o (__aeabi_uldivmod)
c:/st/stm32cubeide_1.4.0/stm32cubeide/plugins/com.st.stm32cube.ide.mcu.externaltools.gnu-tools-for-stm32.7-2018-q2-update.win32_1.5.0.202011040924/tools/bin/../lib/gcc/arm-none-eabi/7.3.1/thumb/v7e-m/fpv4-sp/hard\libgcc.a(_udivmoddi4.o)
                              c:/st/stm32cubeide_1.4.0/stm32cubeide/plugins/com.st.stm32cube.ide.mcu.externaltools.gnu-tools-for-stm32.7-2018-q2-update.win32_1.5.0.202011040924/tools/bin/../lib/gcc/arm-none-eabi/7.3.1/thumb/v7e-m/fpv4-sp/hard\libgcc.a(_aeabi_uldivmod.o) (__udivmoddi4)
c:/st/stm32cubeide_1.4.0/stm32cubeide/plugins/com.st.stm32cube.ide.mcu.externaltools.gnu-tools-for-stm32.7-2018-q2-update.win32_1.5.0.202011040924/tools/bin/../lib/gcc/arm-none-eabi/7.3.1/thumb/v7e-m/fpv4-sp/hard\libgcc.a(_dvmd_tls.o)
                              c:/st/stm32cubeide_1.4.0/stm32cubeide/plugins/com.st.stm32cube.ide.mcu.externaltools.gnu-tools-for-stm32.7-2018-q2-update.win32_1.5.0.202011040924/tools/bin/../lib/gcc/arm-none-eabi/7.3.1/thumb/v7e-m/fpv4-sp/hard\libgcc.a(_aeabi_uldivmod.o) (__aeabi_ldiv0)

Allocating common symbols
Common symbol       size              file

hdma_usart2_rx      0x60              Core/Src/main.o
htim4               0x4c              Core/Src/main.o
htim15              0x4c              Core/Src/main.o
uwTick              0x4               Drivers/STM32G4xx_HAL_Driver/Src/stm32g4xx_hal.o
hopamp1             0x3c              Core/Src/main.o
hadc1               0x6c              Core/Src/main.o
hdma_usart2_tx      0x60              Core/Src/main.o
serial              0x28a8            Core/Src/main.o
hdma_adc1           0x60              Core/Src/main.o
[...]
Memory Configuration

Name             Origin             Length             Attributes
RAM              0x0000000020000000 0x0000000000008000 xrw
FLASH            0x0000000008000000 0x0000000000020000 xr
*default*        0x0000000000000000 0xffffffffffffffff

Linker script and memory map

LOAD c:/st/stm32cubeide_1.4.0/stm32cubeide/plugins/com.st.stm32cube.ide.mcu.externaltools.gnu-tools-for-stm32.7-2018-q2-update.win32_1.5.0.202011040924/tools/bin/../lib/gcc/arm-none-eabi/7.3.1/thumb/v7e-m/fpv4-sp/hard/crti.o
LOAD c:/st/stm32cubeide_1.4.0/stm32cubeide/plugins/com.st.stm32cube.ide.mcu.externaltools.gnu-tools-for-stm32.7-2018-q2-update.win32_1.5.0.202011040924/tools/bin/../lib/gcc/arm-none-eabi/7.3.1/thumb/v7e-m/fpv4-sp/hard/crtbegin.o
LOAD c:/st/stm32cubeide_1.4.0/stm32cubeide/plugins/com.st.stm32cube.ide.mcu.externaltools.gnu-tools-for-stm32.7-2018-q2-update.win32_1.5.0.202011040924/tools/bin/../lib/gcc/arm-none-eabi/7.3.1/../../../../arm-none-eabi/lib/thumb/v7e-m/fpv4-sp/hard/crt0.o
LOAD Core/Src/control_table.o
LOAD Core/Src/eeprom.o
LOAD Core/Src/led.o
LOAD Core/Src/main.o
LOAD Core/Src/protocol.o
LOAD Core/Src/serial.o
LOAD Core/Src/stm32g4xx_hal_msp.o
LOAD Core/Src/stm32g4xx_it.o
LOAD Core/Src/syscalls.o
LOAD Core/Src/sysmem.o
LOAD Core/Src/system_stm32g4xx.o
LOAD Core/Startup/startup_stm32g431kbtx.o
LOAD Drivers/STM32G4xx_HAL_Driver/Src/stm32g4xx_hal.o
LOAD Drivers/STM32G4xx_HAL_Driver/Src/stm32g4xx_hal_adc.o
LOAD Drivers/STM32G4xx_HAL_Driver/Src/stm32g4xx_hal_adc_ex.o
LOAD Drivers/STM32G4xx_HAL_Driver/Src/stm32g4xx_hal_cortex.o
LOAD Drivers/STM32G4xx_HAL_Driver/Src/stm32g4xx_hal_dma.o
LOAD Drivers/STM32G4xx_HAL_Driver/Src/stm32g4xx_hal_dma_ex.o
LOAD Drivers/STM32G4xx_HAL_Driver/Src/stm32g4xx_hal_exti.o
LOAD Drivers/STM32G4xx_HAL_Driver/Src/stm32g4xx_hal_flash.o
LOAD Drivers/STM32G4xx_HAL_Driver/Src/stm32g4xx_hal_flash_ex.o
LOAD Drivers/STM32G4xx_HAL_Driver/Src/stm32g4xx_hal_flash_ramfunc.o
LOAD Drivers/STM32G4xx_HAL_Driver/Src/stm32g4xx_hal_gpio.o
LOAD Drivers/STM32G4xx_HAL_Driver/Src/stm32g4xx_hal_opamp.o
LOAD Drivers/STM32G4xx_HAL_Driver/Src/stm32g4xx_hal_opamp_ex.o
LOAD Drivers/STM32G4xx_HAL_Driver/Src/stm32g4xx_hal_pwr.o
LOAD Drivers/STM32G4xx_HAL_Driver/Src/stm32g4xx_hal_pwr_ex.o
LOAD Drivers/STM32G4xx_HAL_Driver/Src/stm32g4xx_hal_rcc.o
LOAD Drivers/STM32G4xx_HAL_Driver/Src/stm32g4xx_hal_rcc_ex.o
LOAD Drivers/STM32G4xx_HAL_Driver/Src/stm32g4xx_hal_tim.o
LOAD Drivers/STM32G4xx_HAL_Driver/Src/stm32g4xx_hal_tim_ex.o
LOAD Drivers/STM32G4xx_HAL_Driver/Src/stm32g4xx_hal_uart.o
LOAD Drivers/STM32G4xx_HAL_Driver/Src/stm32g4xx_hal_uart_ex.o
LOAD Drivers/STM32G4xx_HAL_Driver/Src/stm32g4xx_ll_adc.o
START GROUP
LOAD c:/st/stm32cubeide_1.4.0/stm32cubeide/plugins/com.st.stm32cube.ide.mcu.externaltools.gnu-tools-for-stm32.7-2018-q2-update.win32_1.5.0.202011040924/tools/bin/../lib/gcc/arm-none-eabi/7.3.1/../../../../arm-none-eabi/lib/thumb/v7e-m/fpv4-sp/hard\libc_nano.a
LOAD c:/st/stm32cubeide_1.4.0/stm32cubeide/plugins/com.st.stm32cube.ide.mcu.externaltools.gnu-tools-for-stm32.7-2018-q2-update.win32_1.5.0.202011040924/tools/bin/../lib/gcc/arm-none-eabi/7.3.1/../../../../arm-none-eabi/lib/thumb/v7e-m/fpv4-sp/hard\libm.a
END GROUP
START GROUP
LOAD c:/st/stm32cubeide_1.4.0/stm32cubeide/plugins/com.st.stm32cube.ide.mcu.externaltools.gnu-tools-for-stm32.7-2018-q2-update.win32_1.5.0.202011040924/tools/bin/../lib/gcc/arm-none-eabi/7.3.1/thumb/v7e-m/fpv4-sp/hard\libgcc.a
LOAD c:/st/stm32cubeide_1.4.0/stm32cubeide/plugins/com.st.stm32cube.ide.mcu.externaltools.gnu-tools-for-stm32.7-2018-q2-update.win32_1.5.0.202011040924/tools/bin/../lib/gcc/arm-none-eabi/7.3.1/../../../../arm-none-eabi/lib/thumb/v7e-m/fpv4-sp/hard\libc_nano.a
END GROUP
START GROUP
LOAD c:/st/stm32cubeide_1.4.0/stm32cubeide/plugins/com.st.stm32cube.ide.mcu.externaltools.gnu-tools-for-stm32.7-2018-q2-update.win32_1.5.0.202011040924/tools/bin/../lib/gcc/arm-none-eabi/7.3.1/thumb/v7e-m/fpv4-sp/hard\libgcc.a
LOAD c:/st/stm32cubeide_1.4.0/stm32cubeide/plugins/com.st.stm32cube.ide.mcu.externaltools.gnu-tools-for-stm32.7-2018-q2-update.win32_1.5.0.202011040924/tools/bin/../lib/gcc/arm-none-eabi/7.3.1/../../../../arm-none-eabi/lib/thumb/v7e-m/fpv4-sp/hard\libc_nano.a
LOAD c:/st/stm32cubeide_1.4.0/stm32cubeide/plugins/com.st.stm32cube.ide.mcu.externaltools.gnu-tools-for-stm32.7-2018-q2-update.win32_1.5.0.202011040924/tools/bin/../lib/gcc/arm-none-eabi/7.3.1/../../../../arm-none-eabi/lib/thumb/v7e-m/fpv4-sp/hard\libnosys.a
END GROUP
START GROUP
LOAD c:/st/stm32cubeide_1.4.0/stm32cubeide/plugins/com.st.stm32cube.ide.mcu.externaltools.gnu-tools-for-stm32.7-2018-q2-update.win32_1.5.0.202011040924/tools/bin/../lib/gcc/arm-none-eabi/7.3.1/thumb/v7e-m/fpv4-sp/hard\libgcc.a
LOAD c:/st/stm32cubeide_1.4.0/stm32cubeide/plugins/com.st.stm32cube.ide.mcu.externaltools.gnu-tools-for-stm32.7-2018-q2-update.win32_1.5.0.202011040924/tools/bin/../lib/gcc/arm-none-eabi/7.3.1/../../../../arm-none-eabi/lib/thumb/v7e-m/fpv4-sp/hard\libc_nano.a
LOAD c:/st/stm32cubeide_1.4.0/stm32cubeide/plugins/com.st.stm32cube.ide.mcu.externaltools.gnu-tools-for-stm32.7-2018-q2-update.win32_1.5.0.202011040924/tools/bin/../lib/gcc/arm-none-eabi/7.3.1/../../../../arm-none-eabi/lib/thumb/v7e-m/fpv4-sp/hard\libnosys.a
END GROUP
LOAD c:/st/stm32cubeide_1.4.0/stm32cubeide/plugins/com.st.stm32cube.ide.mcu.externaltools.gnu-tools-for-stm32.7-2018-q2-update.win32_1.5.0.202011040924/tools/bin/../lib/gcc/arm-none-eabi/7.3.1/thumb/v7e-m/fpv4-sp/hard/crtend.o
LOAD c:/st/stm32cubeide_1.4.0/stm32cubeide/plugins/com.st.stm32cube.ide.mcu.externaltools.gnu-tools-for-stm32.7-2018-q2-update.win32_1.5.0.202011040924/tools/bin/../lib/gcc/arm-none-eabi/7.3.1/thumb/v7e-m/fpv4-sp/hard/crtn.o
                0x0000000020008000                _estack = (ORIGIN (RAM) + LENGTH (RAM))
                0x0000000000000200                _Min_Heap_Size = 0x200
                0x0000000000000400                _Min_Stack_Size = 0x400

.isr_vector     0x0000000008000000      0x1d8
                0x0000000008000000                . = ALIGN (0x4)
 *(.isr_vector)
 .isr_vector    0x0000000008000000      0x1d8 Core/Startup/startup_stm32g431kbtx.o
                0x0000000008000000                g_pfnVectors
                0x00000000080001d8                . = ALIGN (0x4)

.text           0x00000000080001d8     0x800c
                0x00000000080001d8                . = ALIGN (0x4)
 *(.text)
 .text          0x00000000080001d8       0x40 c:/st/stm32cubeide_1.4.0/stm32cubeide/plugins/com.st.stm32cube.ide.mcu.externaltools.gnu-tools-for-stm32.7-2018-q2-update.win32_1.5.0.202011040924/tools/bin/../lib/gcc/arm-none-eabi/7.3.1/thumb/v7e-m/fpv4-sp/hard/crtbegin.o
 .text          0x0000000008000218       0x30 c:/st/stm32cubeide_1.4.0/stm32cubeide/plugins/com.st.stm32cube.ide.mcu.externaltools.gnu-tools-for-stm32.7-2018-q2-update.win32_1.5.0.202011040924/tools/bin/../lib/gcc/arm-none-eabi/7.3.1/thumb/v7e-m/fpv4-sp/hard\libgcc.a(_aeabi_uldivmod.o)
                0x0000000008000218                __aeabi_uldivmod
 .text          0x0000000008000248      0x2cc c:/st/stm32cubeide_1.4.0/stm32cubeide/plugins/com.st.stm32cube.ide.mcu.externaltools.gnu-tools-for-stm32.7-2018-q2-update.win32_1.5.0.202011040924/tools/bin/../lib/gcc/arm-none-eabi/7.3.1/thumb/v7e-m/fpv4-sp/hard\libgcc.a(_udivmoddi4.o)
                0x0000000008000248                __udivmoddi4
 .text          0x0000000008000514        0x4 c:/st/stm32cubeide_1.4.0/stm32cubeide/plugins/com.st.stm32cube.ide.mcu.externaltools.gnu-tools-for-stm32.7-2018-q2-update.win32_1.5.0.202011040924/tools/bin/../lib/gcc/arm-none-eabi/7.3.1/thumb/v7e-m/fpv4-sp/hard\libgcc.a(_dvmd_tls.o)
                0x0000000008000514                __aeabi_idiv0
                0x0000000008000514                __aeabi_ldiv0
 *(.text*)
 .text.factory_reset_eeprom_regs
                0x0000000008000518      0x188 Core/Src/control_table.o
                0x0000000008000518                factory_reset_eeprom_regs
 .text.load_eeprom_regs
                0x00000000080006a0       0x14 Core/Src/control_table.o
                0x00000000080006a0                load_eeprom_regs
 .text.store_eeprom_regs
                0x00000000080006b4       0x14 Core/Src/control_table.o
                0x00000000080006b4                store_eeprom_regs
 .text.reset_ram_regs
                0x00000000080006c8      0x124 Core/Src/control_table.o
                0x00000000080006c8                reset_ram_regs
 .text.eeprom_empty
                0x00000000080007ec       0x24 Core/Src/eeprom.o
                0x00000000080007ec                eeprom_empty
 .text.eeprom_restore
                0x0000000008000810       0x24 Core/Src/eeprom.o
                0x0000000008000810                eeprom_restore
 *fill*         0x0000000008000834        0x4 
 .text.eeprom_store
                0x0000000008000838       0xdc Core/Src/eeprom.o
                0x0000000008000838                eeprom_store
 .text.stop_blinking
                0x0000000008000914       0x4c Core/Src/led.o
                0x0000000008000914                stop_blinking
 .text.HAL_Led_Init
                0x0000000008000960       0x3a Core/Src/led.o
                0x0000000008000960                HAL_Led_Init
 *fill*         0x000000000800099a        0x2 
 .text.HAL_Led_Process
                0x000000000800099c       0xe8 Core/Src/led.o
                0x000000000800099c                HAL_Led_Process
 .text.HAL_Led_Set
                0x0000000008000a84       0x26 Core/Src/led.o
                0x0000000008000a84                HAL_Led_Set
 .text.HAL_Led_Reset
                0x0000000008000aaa       0x26 Core/Src/led.o
                0x0000000008000aaa                HAL_Led_Reset
 .text.HAL_Led_Blink
                0x0000000008000ad0       0x7c Core/Src/led.o
                0x0000000008000ad0                HAL_Led_Blink
 .text.main     0x0000000008000b4c       0xdc Core/Src/main.o
                0x0000000008000b4c                main
 .text.SystemClock_Config
                0x0000000008000c28       0xd2 Core/Src/main.o
                0x0000000008000c28                SystemClock_Config
 *fill*         0x0000000008000cfa        0x2 
 .text.MX_ADC1_Init
                0x0000000008000cfc      0x12c Core/Src/main.o
 .text.MX_OPAMP1_Init
                0x0000000008000e28       0x5c Core/Src/main.o
 .text.MX_TIM4_Init
                0x0000000008000e84      0x108 Core/Src/main.o
 .text.MX_TIM15_Init
                0x0000000008000f8c       0xa4 Core/Src/main.o
 .text.MX_USART2_UART_Init
                0x0000000008001030       0x9c Core/Src/main.o
 .text.MX_DMA_Init
                0x00000000080010cc       0x74 Core/Src/main.o
 .text.MX_GPIO_Init
                0x0000000008001140       0xfc Core/Src/main.o
 .text.Error_Handler
                0x000000000800123c        0x8 Core/Src/main.o
                0x000000000800123c                Error_Handler
 .text.updateCRC
                0x0000000008001244       0x64 Core/Src/protocol.o
                0x0000000008001244                updateCRC
 .text.packet_encapsulate
                0x00000000080012a8       0x90 Core/Src/protocol.o
                0x00000000080012a8                packet_encapsulate
 .text.instruction_handler
                0x0000000008001338      0x2ec Core/Src/protocol.o
                0x0000000008001338                instruction_handler
 .text.packet_handler
                0x0000000008001624      0x23c Core/Src/protocol.o
                0x0000000008001624                packet_handler
 .text.HAL_UART_ErrorCallback
                0x0000000008001860       0x98 Core/Src/serial.o
                0x0000000008001860                HAL_UART_ErrorCallback
 .text.HAL_Serial_Init_Half_Duplex
                0x00000000080018f8      0x12c Core/Src/serial.o
                0x00000000080018f8                HAL_Serial_Init_Half_Duplex
 .text.HAL_Serial_Available
                0x0000000008001a24       0x60 Core/Src/serial.o
                0x0000000008001a24                HAL_Serial_Available
 .text.HAL_Serial_GetChar
                0x0000000008001a84       0xa0 Core/Src/serial.o
                0x0000000008001a84                HAL_Serial_GetChar
 .text.HAL_Serial_Write
                0x0000000008001b24      0x156 Core/Src/serial.o
                0x0000000008001b24                HAL_Serial_Write
 *fill*         0x0000000008001c7a        0x2 
 .text.HAL_UART_TxCpltCallback
                0x0000000008001c7c      0x1dc Core/Src/serial.o
                0x0000000008001c7c                HAL_UART_TxCpltCallback
 .text.HAL_MspInit
                0x0000000008001e58       0x48 Core/Src/stm32g4xx_hal_msp.o
                0x0000000008001e58                HAL_MspInit
 .text.HAL_ADC_MspInit
                0x0000000008001ea0      0x11c Core/Src/stm32g4xx_hal_msp.o
                0x0000000008001ea0                HAL_ADC_MspInit
 .text.HAL_OPAMP_MspInit
                0x0000000008001fbc       0x64 Core/Src/stm32g4xx_hal_msp.o
                0x0000000008001fbc                HAL_OPAMP_MspInit
 .text.HAL_TIM_Base_MspInit
                0x0000000008002020       0x74 Core/Src/stm32g4xx_hal_msp.o
                0x0000000008002020                HAL_TIM_Base_MspInit
 .text.HAL_TIM_MspPostInit
                0x0000000008002094       0x70 Core/Src/stm32g4xx_hal_msp.o
                0x0000000008002094                HAL_TIM_MspPostInit
 .text.HAL_UART_MspInit
                0x0000000008002104      0x188 Core/Src/stm32g4xx_hal_msp.o
                0x0000000008002104                HAL_UART_MspInit
 .text.NMI_Handler
                0x000000000800228c        0x6 Core/Src/stm32g4xx_it.o
                0x000000000800228c                NMI_Handler
 .text.HardFault_Handler
                0x0000000008002292        0x6 Core/Src/stm32g4xx_it.o
                0x0000000008002292                HardFault_Handler
 .text.MemManage_Handler
                0x0000000008002298        0x6 Core/Src/stm32g4xx_it.o
                0x0000000008002298                MemManage_Handler
 .text.BusFault_Handler
                0x000000000800229e        0x6 Core/Src/stm32g4xx_it.o
                0x000000000800229e                BusFault_Handler
 .text.UsageFault_Handler
                0x00000000080022a4        0x6 Core/Src/stm32g4xx_it.o
                0x00000000080022a4                UsageFault_Handler
 .text.SVC_Handler
                0x00000000080022aa        0xe Core/Src/stm32g4xx_it.o
                0x00000000080022aa                SVC_Handler
 .text.DebugMon_Handler
                0x00000000080022b8        0xe Core/Src/stm32g4xx_it.o
                0x00000000080022b8                DebugMon_Handler
 .text.PendSV_Handler
                0x00000000080022c6        0xe Core/Src/stm32g4xx_it.o
                0x00000000080022c6                PendSV_Handler
 .text.SysTick_Handler
                0x00000000080022d4        0xc Core/Src/stm32g4xx_it.o
                0x00000000080022d4                SysTick_Handler
 .text.DMA1_Channel1_IRQHandler
                0x00000000080022e0       0x14 Core/Src/stm32g4xx_it.o
                0x00000000080022e0                DMA1_Channel1_IRQHandler
 .text.DMA1_Channel2_IRQHandler
                0x00000000080022f4       0x14 Core/Src/stm32g4xx_it.o
                0x00000000080022f4                DMA1_Channel2_IRQHandler
 .text.DMA1_Channel3_IRQHandler
                0x0000000008002308       0x14 Core/Src/stm32g4xx_it.o
                0x0000000008002308                DMA1_Channel3_IRQHandler
 .text.ADC1_2_IRQHandler
                0x000000000800231c       0x14 Core/Src/stm32g4xx_it.o
                0x000000000800231c                ADC1_2_IRQHandler
 .text.TIM4_IRQHandler
                0x0000000008002330       0x14 Core/Src/stm32g4xx_it.o
                0x0000000008002330                TIM4_IRQHandler
 .text.USART2_IRQHandler
                0x0000000008002344       0x14 Core/Src/stm32g4xx_it.o
                0x0000000008002344                USART2_IRQHandler
 .text.SystemInit
                0x0000000008002358       0x2c Core/Src/system_stm32g4xx.o
                0x0000000008002358                SystemInit
 .text.Reset_Handler
                0x0000000008002384       0x50 Core/Startup/startup_stm32g431kbtx.o
                0x0000000008002384                Reset_Handler
 .text.Default_Handler
                0x00000000080023d4        0x2 Core/Startup/startup_stm32g431kbtx.o
                0x00000000080023d4                RTC_Alarm_IRQHandler
                0x00000000080023d4                EXTI2_IRQHandler
                0x00000000080023d4                TIM8_TRG_COM_IRQHandler
                0x00000000080023d4                TIM8_CC_IRQHandler
                0x00000000080023d4                TIM1_CC_IRQHandler
                0x00000000080023d4                USB_HP_IRQHandler
                0x00000000080023d4                CORDIC_IRQHandler
                0x00000000080023d4                EXTI3_IRQHandler
                0x00000000080023d4                I2C3_ER_IRQHandler
                0x00000000080023d4                EXTI0_IRQHandler
                0x00000000080023d4                I2C2_EV_IRQHandler
                0x00000000080023d4                FPU_IRQHandler
                0x00000000080023d4                FDCAN1_IT1_IRQHandler
                0x00000000080023d4                TIM1_UP_TIM16_IRQHandler
                0x00000000080023d4                SPI1_IRQHandler
                0x00000000080023d4                TIM6_DAC_IRQHandler
                0x00000000080023d4                TIM8_UP_IRQHandler
                0x00000000080023d4                DMA2_Channel2_IRQHandler
                0x00000000080023d4                DMA1_Channel4_IRQHandler
                0x00000000080023d4                USART3_IRQHandler
                0x00000000080023d4                DMA2_Channel1_IRQHandler
                0x00000000080023d4                I2C1_EV_IRQHandler
                0x00000000080023d4                DMA1_Channel6_IRQHandler
                0x00000000080023d4                UART4_IRQHandler
                0x00000000080023d4                DMA2_Channel4_IRQHandler
                0x00000000080023d4                TIM3_IRQHandler
                0x00000000080023d4                RCC_IRQHandler
                0x00000000080023d4                Default_Handler
                0x00000000080023d4                RTC_TAMP_LSECSS_IRQHandler
                0x00000000080023d4                FMAC_IRQHandler
                0x00000000080023d4                EXTI15_10_IRQHandler
                0x00000000080023d4                TIM7_IRQHandler
                0x00000000080023d4                UCPD1_IRQHandler
                0x00000000080023d4                I2C3_EV_IRQHandler
                0x00000000080023d4                EXTI9_5_IRQHandler
                0x00000000080023d4                RTC_WKUP_IRQHandler
                0x00000000080023d4                PVD_PVM_IRQHandler
                0x00000000080023d4                SPI2_IRQHandler
                0x00000000080023d4                DMA2_Channel5_IRQHandler
                0x00000000080023d4                CRS_IRQHandler
                0x00000000080023d4                DMA1_Channel5_IRQHandler
                0x00000000080023d4                USB_LP_IRQHandler
                0x00000000080023d4                EXTI4_IRQHandler
                0x00000000080023d4                RNG_IRQHandler
                0x00000000080023d4                TIM1_TRG_COM_TIM17_IRQHandler
                0x00000000080023d4                WWDG_IRQHandler
                0x00000000080023d4                LPUART1_IRQHandler
                0x00000000080023d4                DMA2_Channel6_IRQHandler
                0x00000000080023d4                FDCAN1_IT0_IRQHandler
                0x00000000080023d4                TIM2_IRQHandler
                0x00000000080023d4                COMP1_2_3_IRQHandler
                0x00000000080023d4                EXTI1_IRQHandler
                0x00000000080023d4                I2C2_ER_IRQHandler
                0x00000000080023d4                TIM8_BRK_IRQHandler
                0x00000000080023d4                FLASH_IRQHandler
                0x00000000080023d4                USART1_IRQHandler
                0x00000000080023d4                SPI3_IRQHandler
                0x00000000080023d4                I2C1_ER_IRQHandler
                0x00000000080023d4                LPTIM1_IRQHandler
                0x00000000080023d4                DMAMUX_OVR_IRQHandler
                0x00000000080023d4                USBWakeUp_IRQHandler
                0x00000000080023d4                SAI1_IRQHandler
                0x00000000080023d4                DMA2_Channel3_IRQHandler
                0x00000000080023d4                COMP4_IRQHandler
                0x00000000080023d4                TIM1_BRK_TIM15_IRQHandler
 .text.HAL_Init
                0x00000000080023d6       0x30 Drivers/STM32G4xx_HAL_Driver/Src/stm32g4xx_hal.o
                0x00000000080023d6                HAL_Init
 *fill*         0x0000000008002406        0x2 
 .text.HAL_InitTick
                0x0000000008002408       0x74 Drivers/STM32G4xx_HAL_Driver/Src/stm32g4xx_hal.o
                0x0000000008002408                HAL_InitTick
 .text.HAL_IncTick
                0x000000000800247c       0x24 Drivers/STM32G4xx_HAL_Driver/Src/stm32g4xx_hal.o
                0x000000000800247c                HAL_IncTick
 .text.HAL_GetTick
                0x00000000080024a0       0x18 Drivers/STM32G4xx_HAL_Driver/Src/stm32g4xx_hal.o
                0x00000000080024a0                HAL_GetTick
 .text.HAL_Delay
                0x00000000080024b8       0x44 Drivers/STM32G4xx_HAL_Driver/Src/stm32g4xx_hal.o
                0x00000000080024b8                HAL_Delay
 .text.LL_ADC_SetCommonClock
                0x00000000080024fc       0x26 Drivers/STM32G4xx_HAL_Driver/Src/stm32g4xx_hal_adc.o
 .text.LL_ADC_SetCommonPathInternalCh
                0x0000000008002522       0x26 Drivers/STM32G4xx_HAL_Driver/Src/stm32g4xx_hal_adc.o
 .text.LL_ADC_GetCommonPathInternalCh
                0x0000000008002548       0x1c Drivers/STM32G4xx_HAL_Driver/Src/stm32g4xx_hal_adc.o
 .text.LL_ADC_SetOffset
                0x0000000008002564       0x48 Drivers/STM32G4xx_HAL_Driver/Src/stm32g4xx_hal_adc.o
 .text.LL_ADC_GetOffsetChannel
                0x00000000080025ac       0x2c Drivers/STM32G4xx_HAL_Driver/Src/stm32g4xx_hal_adc.o
 .text.LL_ADC_SetOffsetState
                0x00000000080025d8       0x36 Drivers/STM32G4xx_HAL_Driver/Src/stm32g4xx_hal_adc.o
 .text.LL_ADC_SetOffsetSign
                0x000000000800260e       0x36 Drivers/STM32G4xx_HAL_Driver/Src/stm32g4xx_hal_adc.o
 .text.LL_ADC_SetOffsetSaturation
                0x0000000008002644       0x36 Drivers/STM32G4xx_HAL_Driver/Src/stm32g4xx_hal_adc.o
 .text.LL_ADC_SetSamplingTimeCommonConfig
                0x000000000800267a       0x26 Drivers/STM32G4xx_HAL_Driver/Src/stm32g4xx_hal_adc.o
 .text.LL_ADC_REG_IsTriggerSourceSWStart
                0x00000000080026a0       0x26 Drivers/STM32G4xx_HAL_Driver/Src/stm32g4xx_hal_adc.o
 .text.LL_ADC_REG_SetSequencerRanks
                0x00000000080026c6       0x58 Drivers/STM32G4xx_HAL_Driver/Src/stm32g4xx_hal_adc.o
 .text.LL_ADC_INJ_IsTriggerSourceSWStart
                0x000000000800271e       0x26 Drivers/STM32G4xx_HAL_Driver/Src/stm32g4xx_hal_adc.o
 .text.LL_ADC_SetChannelSamplingTime
                0x0000000008002744       0x56 Drivers/STM32G4xx_HAL_Driver/Src/stm32g4xx_hal_adc.o
 *fill*         0x000000000800279a        0x2 
 .text.LL_ADC_SetChannelSingleDiff
                0x000000000800279c       0x48 Drivers/STM32G4xx_HAL_Driver/Src/stm32g4xx_hal_adc.o
 .text.LL_ADC_GetMultimode
                0x00000000080027e4       0x1c Drivers/STM32G4xx_HAL_Driver/Src/stm32g4xx_hal_adc.o
 .text.LL_ADC_GetMultiDMATransfer
                0x0000000008002800       0x1c Drivers/STM32G4xx_HAL_Driver/Src/stm32g4xx_hal_adc.o
 .text.LL_ADC_DisableDeepPowerDown
                0x000000000800281c       0x24 Drivers/STM32G4xx_HAL_Driver/Src/stm32g4xx_hal_adc.o
 .text.LL_ADC_IsDeepPowerDownEnabled
                0x0000000008002840       0x28 Drivers/STM32G4xx_HAL_Driver/Src/stm32g4xx_hal_adc.o
 .text.LL_ADC_EnableInternalRegulator
                0x0000000008002868       0x28 Drivers/STM32G4xx_HAL_Driver/Src/stm32g4xx_hal_adc.o
 .text.LL_ADC_IsInternalRegulatorEnabled
                0x0000000008002890       0x28 Drivers/STM32G4xx_HAL_Driver/Src/stm32g4xx_hal_adc.o
 .text.LL_ADC_IsEnabled
                0x00000000080028b8       0x26 Drivers/STM32G4xx_HAL_Driver/Src/stm32g4xx_hal_adc.o
 .text.LL_ADC_REG_IsConversionOngoing
                0x00000000080028de       0x26 Drivers/STM32G4xx_HAL_Driver/Src/stm32g4xx_hal_adc.o
 .text.LL_ADC_INJ_IsConversionOngoing
                0x0000000008002904       0x26 Drivers/STM32G4xx_HAL_Driver/Src/stm32g4xx_hal_adc.o
 *fill*         0x000000000800292a        0x2 
 .text.HAL_ADC_Init
                0x000000000800292c      0x310 Drivers/STM32G4xx_HAL_Driver/Src/stm32g4xx_hal_adc.o
                0x000000000800292c                HAL_ADC_Init
 .text.HAL_ADC_IRQHandler
                0x0000000008002c3c      0x434 Drivers/STM32G4xx_HAL_Driver/Src/stm32g4xx_hal_adc.o
                0x0000000008002c3c                HAL_ADC_IRQHandler
 .text.HAL_ADC_ConvCpltCallback
                0x0000000008003070       0x14 Drivers/STM32G4xx_HAL_Driver/Src/stm32g4xx_hal_adc.o
                0x0000000008003070                HAL_ADC_ConvCpltCallback
 .text.HAL_ADC_LevelOutOfWindowCallback
                0x0000000008003084       0x14 Drivers/STM32G4xx_HAL_Driver/Src/stm32g4xx_hal_adc.o
                0x0000000008003084                HAL_ADC_LevelOutOfWindowCallback
 .text.HAL_ADC_ErrorCallback
                0x0000000008003098       0x14 Drivers/STM32G4xx_HAL_Driver/Src/stm32g4xx_hal_adc.o
                0x0000000008003098                HAL_ADC_ErrorCallback
 .text.HAL_ADC_ConfigChannel
                0x00000000080030ac      0x7e0 Drivers/STM32G4xx_HAL_Driver/Src/stm32g4xx_hal_adc.o
                0x00000000080030ac                HAL_ADC_ConfigChannel
 .text.LL_ADC_IsEnabled
                0x000000000800388c       0x26 Drivers/STM32G4xx_HAL_Driver/Src/stm32g4xx_hal_adc_ex.o
 .text.LL_ADC_REG_IsConversionOngoing
                0x00000000080038b2       0x26 Drivers/STM32G4xx_HAL_Driver/Src/stm32g4xx_hal_adc_ex.o
 .text.HAL_ADCEx_InjectedConvCpltCallback
                0x00000000080038d8       0x14 Drivers/STM32G4xx_HAL_Driver/Src/stm32g4xx_hal_adc_ex.o
                0x00000000080038d8                HAL_ADCEx_InjectedConvCpltCallback
 .text.HAL_ADCEx_InjectedQueueOverflowCallback
                0x00000000080038ec       0x14 Drivers/STM32G4xx_HAL_Driver/Src/stm32g4xx_hal_adc_ex.o
                0x00000000080038ec                HAL_ADCEx_InjectedQueueOverflowCallback
 .text.HAL_ADCEx_LevelOutOfWindow2Callback
                0x0000000008003900       0x14 Drivers/STM32G4xx_HAL_Driver/Src/stm32g4xx_hal_adc_ex.o
                0x0000000008003900                HAL_ADCEx_LevelOutOfWindow2Callback
 .text.HAL_ADCEx_LevelOutOfWindow3Callback
                0x0000000008003914       0x14 Drivers/STM32G4xx_HAL_Driver/Src/stm32g4xx_hal_adc_ex.o
                0x0000000008003914                HAL_ADCEx_LevelOutOfWindow3Callback
 .text.HAL_ADCEx_EndOfSamplingCallback
                0x0000000008003928       0x14 Drivers/STM32G4xx_HAL_Driver/Src/stm32g4xx_hal_adc_ex.o
                0x0000000008003928                HAL_ADCEx_EndOfSamplingCallback
 .text.HAL_ADCEx_MultiModeConfigChannel
                0x000000000800393c      0x140 Drivers/STM32G4xx_HAL_Driver/Src/stm32g4xx_hal_adc_ex.o
                0x000000000800393c                HAL_ADCEx_MultiModeConfigChannel
 .text.__NVIC_SetPriorityGrouping
                0x0000000008003a7c       0x48 Drivers/STM32G4xx_HAL_Driver/Src/stm32g4xx_hal_cortex.o
 .text.__NVIC_GetPriorityGrouping
                0x0000000008003ac4       0x1c Drivers/STM32G4xx_HAL_Driver/Src/stm32g4xx_hal_cortex.o
 .text.__NVIC_EnableIRQ
                0x0000000008003ae0       0x3c Drivers/STM32G4xx_HAL_Driver/Src/stm32g4xx_hal_cortex.o
 .text.__NVIC_SetPriority
                0x0000000008003b1c       0x54 Drivers/STM32G4xx_HAL_Driver/Src/stm32g4xx_hal_cortex.o
 .text.NVIC_EncodePriority
                0x0000000008003b70       0x66 Drivers/STM32G4xx_HAL_Driver/Src/stm32g4xx_hal_cortex.o
 *fill*         0x0000000008003bd6        0x2 
 .text.__NVIC_SystemReset
                0x0000000008003bd8       0x28 Drivers/STM32G4xx_HAL_Driver/Src/stm32g4xx_hal_cortex.o
 .text.SysTick_Config
                0x0000000008003c00       0x44 Drivers/STM32G4xx_HAL_Driver/Src/stm32g4xx_hal_cortex.o
 .text.HAL_NVIC_SetPriorityGrouping
                0x0000000008003c44       0x16 Drivers/STM32G4xx_HAL_Driver/Src/stm32g4xx_hal_cortex.o
                0x0000000008003c44                HAL_NVIC_SetPriorityGrouping
 .text.HAL_NVIC_SetPriority
                0x0000000008003c5a       0x34 Drivers/STM32G4xx_HAL_Driver/Src/stm32g4xx_hal_cortex.o
                0x0000000008003c5a                HAL_NVIC_SetPriority
 .text.HAL_NVIC_EnableIRQ
                0x0000000008003c8e       0x1c Drivers/STM32G4xx_HAL_Driver/Src/stm32g4xx_hal_cortex.o
                0x0000000008003c8e                HAL_NVIC_EnableIRQ
 .text.HAL_NVIC_SystemReset
                0x0000000008003caa        0x8 Drivers/STM32G4xx_HAL_Driver/Src/stm32g4xx_hal_cortex.o
                0x0000000008003caa                HAL_NVIC_SystemReset
 .text.HAL_SYSTICK_Config
                0x0000000008003cb2       0x18 Drivers/STM32G4xx_HAL_Driver/Src/stm32g4xx_hal_cortex.o
                0x0000000008003cb2                HAL_SYSTICK_Config
 *fill*         0x0000000008003cca        0x2 
 .text.HAL_DMA_Init
                0x0000000008003ccc      0x150 Drivers/STM32G4xx_HAL_Driver/Src/stm32g4xx_hal_dma.o
                0x0000000008003ccc                HAL_DMA_Init
 .text.HAL_DMA_Start_IT
                0x0000000008003e1c       0xf6 Drivers/STM32G4xx_HAL_Driver/Src/stm32g4xx_hal_dma.o
                0x0000000008003e1c                HAL_DMA_Start_IT
 .text.HAL_DMA_Abort_IT
                0x0000000008003f12       0xce Drivers/STM32G4xx_HAL_Driver/Src/stm32g4xx_hal_dma.o
                0x0000000008003f12                HAL_DMA_Abort_IT
 .text.HAL_DMA_IRQHandler
                0x0000000008003fe0      0x15e Drivers/STM32G4xx_HAL_Driver/Src/stm32g4xx_hal_dma.o
                0x0000000008003fe0                HAL_DMA_IRQHandler
 .text.DMA_SetConfig
                0x000000000800413e       0x7c Drivers/STM32G4xx_HAL_Driver/Src/stm32g4xx_hal_dma.o
 *fill*         0x00000000080041ba        0x2 
 .text.DMA_CalcDMAMUXChannelBaseAndMask
                0x00000000080041bc       0x7c Drivers/STM32G4xx_HAL_Driver/Src/stm32g4xx_hal_dma.o
 .text.DMA_CalcDMAMUXRequestGenBaseAndMask
                0x0000000008004238       0x48 Drivers/STM32G4xx_HAL_Driver/Src/stm32g4xx_hal_dma.o
 .text.HAL_FLASH_Program
                0x0000000008004280       0xac Drivers/STM32G4xx_HAL_Driver/Src/stm32g4xx_hal_flash.o
                0x0000000008004280                HAL_FLASH_Program
 .text.HAL_FLASH_Unlock
                0x000000000800432c       0x44 Drivers/STM32G4xx_HAL_Driver/Src/stm32g4xx_hal_flash.o
                0x000000000800432c                HAL_FLASH_Unlock
 .text.HAL_FLASH_Lock
                0x0000000008004370       0x34 Drivers/STM32G4xx_HAL_Driver/Src/stm32g4xx_hal_flash.o
                0x0000000008004370                HAL_FLASH_Lock
 .text.HAL_FLASH_GetError
                0x00000000080043a4       0x18 Drivers/STM32G4xx_HAL_Driver/Src/stm32g4xx_hal_flash.o
                0x00000000080043a4                HAL_FLASH_GetError
 .text.FLASH_WaitForLastOperation
                0x00000000080043bc       0xa8 Drivers/STM32G4xx_HAL_Driver/Src/stm32g4xx_hal_flash.o
                0x00000000080043bc                FLASH_WaitForLastOperation
 .text.FLASH_Program_DoubleWord
                0x0000000008004464       0x48 Drivers/STM32G4xx_HAL_Driver/Src/stm32g4xx_hal_flash.o
 .text.FLASH_Program_Fast
                0x00000000080044ac       0x68 Drivers/STM32G4xx_HAL_Driver/Src/stm32g4xx_hal_flash.o
 .text.HAL_FLASHEx_Erase
                0x0000000008004514      0x13c Drivers/STM32G4xx_HAL_Driver/Src/stm32g4xx_hal_flash_ex.o
                0x0000000008004514                HAL_FLASHEx_Erase
 .text.FLASH_MassErase
                0x0000000008004650       0x3c Drivers/STM32G4xx_HAL_Driver/Src/stm32g4xx_hal_flash_ex.o
 .text.FLASH_PageErase
                0x000000000800468c       0x48 Drivers/STM32G4xx_HAL_Driver/Src/stm32g4xx_hal_flash_ex.o
                0x000000000800468c                FLASH_PageErase
 .text.FLASH_FlushCaches
                0x00000000080046d4       0x88 Drivers/STM32G4xx_HAL_Driver/Src/stm32g4xx_hal_flash_ex.o
                0x00000000080046d4                FLASH_FlushCaches
 .text.HAL_GPIO_Init
                0x000000000800475c      0x304 Drivers/STM32G4xx_HAL_Driver/Src/stm32g4xx_hal_gpio.o
                0x000000000800475c                HAL_GPIO_Init
 .text.HAL_GPIO_ReadPin
                0x0000000008004a60       0x30 Drivers/STM32G4xx_HAL_Driver/Src/stm32g4xx_hal_gpio.o
                0x0000000008004a60                HAL_GPIO_ReadPin
 .text.HAL_GPIO_WritePin
                0x0000000008004a90       0x30 Drivers/STM32G4xx_HAL_Driver/Src/stm32g4xx_hal_gpio.o
                0x0000000008004a90                HAL_GPIO_WritePin
 .text.HAL_OPAMP_Init
                0x0000000008004ac0      0x1a0 Drivers/STM32G4xx_HAL_Driver/Src/stm32g4xx_hal_opamp.o
                0x0000000008004ac0                HAL_OPAMP_Init
 .text.HAL_PWREx_ControlVoltageScaling
                0x0000000008004c60      0x148 Drivers/STM32G4xx_HAL_Driver/Src/stm32g4xx_hal_pwr_ex.o
                0x0000000008004c60                HAL_PWREx_ControlVoltageScaling
 .text.HAL_PWREx_DisableUCPDDeadBattery
                0x0000000008004da8       0x20 Drivers/STM32G4xx_HAL_Driver/Src/stm32g4xx_hal_pwr_ex.o
                0x0000000008004da8                HAL_PWREx_DisableUCPDDeadBattery
 .text.HAL_RCC_OscConfig
                0x0000000008004dc8      0x630 Drivers/STM32G4xx_HAL_Driver/Src/stm32g4xx_hal_rcc.o
                0x0000000008004dc8                HAL_RCC_OscConfig
 .text.HAL_RCC_ClockConfig
                0x00000000080053f8      0x278 Drivers/STM32G4xx_HAL_Driver/Src/stm32g4xx_hal_rcc.o
                0x00000000080053f8                HAL_RCC_ClockConfig
 .text.HAL_RCC_GetSysClockFreq
                0x0000000008005670       0xc4 Drivers/STM32G4xx_HAL_Driver/Src/stm32g4xx_hal_rcc.o
                0x0000000008005670                HAL_RCC_GetSysClockFreq
 .text.HAL_RCC_GetHCLKFreq
                0x0000000008005734       0x18 Drivers/STM32G4xx_HAL_Driver/Src/stm32g4xx_hal_rcc.o
                0x0000000008005734                HAL_RCC_GetHCLKFreq
 .text.HAL_RCC_GetPCLK1Freq
                0x000000000800574c       0x2c Drivers/STM32G4xx_HAL_Driver/Src/stm32g4xx_hal_rcc.o
                0x000000000800574c                HAL_RCC_GetPCLK1Freq
 .text.HAL_RCC_GetPCLK2Freq
                0x0000000008005778       0x2c Drivers/STM32G4xx_HAL_Driver/Src/stm32g4xx_hal_rcc.o
                0x0000000008005778                HAL_RCC_GetPCLK2Freq
 .text.RCC_GetSysClockFreqFromPLLSource
                0x00000000080057a4       0x8c Drivers/STM32G4xx_HAL_Driver/Src/stm32g4xx_hal_rcc.o
 .text.HAL_RCCEx_PeriphCLKConfig
                0x0000000008005830      0x3e0 Drivers/STM32G4xx_HAL_Driver/Src/stm32g4xx_hal_rcc_ex.o
                0x0000000008005830                HAL_RCCEx_PeriphCLKConfig
 .text.HAL_TIM_Base_Init
                0x0000000008005c10       0xae Drivers/STM32G4xx_HAL_Driver/Src/stm32g4xx_hal_tim.o
                0x0000000008005c10                HAL_TIM_Base_Init
 .text.HAL_TIM_PWM_Init
                0x0000000008005cbe       0xae Drivers/STM32G4xx_HAL_Driver/Src/stm32g4xx_hal_tim.o
                0x0000000008005cbe                HAL_TIM_PWM_Init
 .text.HAL_TIM_PWM_MspInit
                0x0000000008005d6c       0x14 Drivers/STM32G4xx_HAL_Driver/Src/stm32g4xx_hal_tim.o
                0x0000000008005d6c                HAL_TIM_PWM_MspInit
 .text.HAL_TIM_IRQHandler
                0x0000000008005d80      0x2fe Drivers/STM32G4xx_HAL_Driver/Src/stm32g4xx_hal_tim.o
                0x0000000008005d80                HAL_TIM_IRQHandler
 *fill*         0x000000000800607e        0x2 
 .text.HAL_TIM_PWM_ConfigChannel
                0x0000000008006080      0x220 Drivers/STM32G4xx_HAL_Driver/Src/stm32g4xx_hal_tim.o
                0x0000000008006080                HAL_TIM_PWM_ConfigChannel
 .text.HAL_TIM_ConfigClockSource
                0x00000000080062a0      0x1a4 Drivers/STM32G4xx_HAL_Driver/Src/stm32g4xx_hal_tim.o
                0x00000000080062a0                HAL_TIM_ConfigClockSource
 .text.HAL_TIM_PeriodElapsedCallback
                0x0000000008006444       0x14 Drivers/STM32G4xx_HAL_Driver/Src/stm32g4xx_hal_tim.o
                0x0000000008006444                HAL_TIM_PeriodElapsedCallback
 .text.HAL_TIM_OC_DelayElapsedCallback
                0x0000000008006458       0x14 Drivers/STM32G4xx_HAL_Driver/Src/stm32g4xx_hal_tim.o
                0x0000000008006458                HAL_TIM_OC_DelayElapsedCallback
 .text.HAL_TIM_IC_CaptureCallback
                0x000000000800646c       0x14 Drivers/STM32G4xx_HAL_Driver/Src/stm32g4xx_hal_tim.o
                0x000000000800646c                HAL_TIM_IC_CaptureCallback
 .text.HAL_TIM_PWM_PulseFinishedCallback
                0x0000000008006480       0x14 Drivers/STM32G4xx_HAL_Driver/Src/stm32g4xx_hal_tim.o
                0x0000000008006480                HAL_TIM_PWM_PulseFinishedCallback
 .text.HAL_TIM_TriggerCallback
                0x0000000008006494       0x14 Drivers/STM32G4xx_HAL_Driver/Src/stm32g4xx_hal_tim.o
                0x0000000008006494                HAL_TIM_TriggerCallback
 .text.TIM_Base_SetConfig
                0x00000000080064a8      0x120 Drivers/STM32G4xx_HAL_Driver/Src/stm32g4xx_hal_tim.o
                0x00000000080064a8                TIM_Base_SetConfig
 .text.TIM_OC1_SetConfig
                0x00000000080065c8      0x120 Drivers/STM32G4xx_HAL_Driver/Src/stm32g4xx_hal_tim.o
 .text.TIM_OC2_SetConfig
                0x00000000080066e8      0x114 Drivers/STM32G4xx_HAL_Driver/Src/stm32g4xx_hal_tim.o
                0x00000000080066e8                TIM_OC2_SetConfig
 .text.TIM_OC3_SetConfig
                0x00000000080067fc      0x110 Drivers/STM32G4xx_HAL_Driver/Src/stm32g4xx_hal_tim.o
 .text.TIM_OC4_SetConfig
                0x000000000800690c      0x114 Drivers/STM32G4xx_HAL_Driver/Src/stm32g4xx_hal_tim.o
 .text.TIM_OC5_SetConfig
                0x0000000008006a20       0xc8 Drivers/STM32G4xx_HAL_Driver/Src/stm32g4xx_hal_tim.o
 .text.TIM_OC6_SetConfig
                0x0000000008006ae8       0xcc Drivers/STM32G4xx_HAL_Driver/Src/stm32g4xx_hal_tim.o
 .text.TIM_TI1_ConfigInputStage
                0x0000000008006bb4       0x5e Drivers/STM32G4xx_HAL_Driver/Src/stm32g4xx_hal_tim.o
 .text.TIM_TI2_ConfigInputStage
                0x0000000008006c12       0x60 Drivers/STM32G4xx_HAL_Driver/Src/stm32g4xx_hal_tim.o
 .text.TIM_ITRx_SetConfig
                0x0000000008006c72       0x3a Drivers/STM32G4xx_HAL_Driver/Src/stm32g4xx_hal_tim.o
 .text.TIM_ETR_SetConfig
                0x0000000008006cac       0x40 Drivers/STM32G4xx_HAL_Driver/Src/stm32g4xx_hal_tim.o
                0x0000000008006cac                TIM_ETR_SetConfig
 .text.HAL_TIMEx_MasterConfigSynchronization
                0x0000000008006cec      0x104 Drivers/STM32G4xx_HAL_Driver/Src/stm32g4xx_hal_tim_ex.o
                0x0000000008006cec                HAL_TIMEx_MasterConfigSynchronization
 .text.HAL_TIMEx_CommutCallback
                0x0000000008006df0       0x14 Drivers/STM32G4xx_HAL_Driver/Src/stm32g4xx_hal_tim_ex.o
                0x0000000008006df0                HAL_TIMEx_CommutCallback
 .text.HAL_TIMEx_BreakCallback
                0x0000000008006e04       0x14 Drivers/STM32G4xx_HAL_Driver/Src/stm32g4xx_hal_tim_ex.o
                0x0000000008006e04                HAL_TIMEx_BreakCallback
 .text.HAL_TIMEx_Break2Callback
                0x0000000008006e18       0x14 Drivers/STM32G4xx_HAL_Driver/Src/stm32g4xx_hal_tim_ex.o
                0x0000000008006e18                HAL_TIMEx_Break2Callback
 .text.HAL_TIMEx_EncoderIndexCallback
                0x0000000008006e2c       0x14 Drivers/STM32G4xx_HAL_Driver/Src/stm32g4xx_hal_tim_ex.o
                0x0000000008006e2c                HAL_TIMEx_EncoderIndexCallback
 .text.HAL_TIMEx_DirectionChangeCallback
                0x0000000008006e40       0x14 Drivers/STM32G4xx_HAL_Driver/Src/stm32g4xx_hal_tim_ex.o
                0x0000000008006e40                HAL_TIMEx_DirectionChangeCallback
 .text.HAL_TIMEx_IndexErrorCallback
                0x0000000008006e54       0x14 Drivers/STM32G4xx_HAL_Driver/Src/stm32g4xx_hal_tim_ex.o
                0x0000000008006e54                HAL_TIMEx_IndexErrorCallback
 .text.HAL_TIMEx_TransitionErrorCallback
                0x0000000008006e68       0x14 Drivers/STM32G4xx_HAL_Driver/Src/stm32g4xx_hal_tim_ex.o
                0x0000000008006e68                HAL_TIMEx_TransitionErrorCallback
 .text.HAL_UART_Init
                0x0000000008006e7c       0xa0 Drivers/STM32G4xx_HAL_Driver/Src/stm32g4xx_hal_uart.o
                0x0000000008006e7c                HAL_UART_Init
 .text.HAL_UART_Transmit_DMA
                0x0000000008006f1c      0x100 Drivers/STM32G4xx_HAL_Driver/Src/stm32g4xx_hal_uart.o
                0x0000000008006f1c                HAL_UART_Transmit_DMA
 .text.HAL_UART_Receive_DMA
                0x000000000800701c      0x110 Drivers/STM32G4xx_HAL_Driver/Src/stm32g4xx_hal_uart.o
                0x000000000800701c                HAL_UART_Receive_DMA
 .text.HAL_UART_IRQHandler
                0x000000000800712c      0x300 Drivers/STM32G4xx_HAL_Driver/Src/stm32g4xx_hal_uart.o
                0x000000000800712c                HAL_UART_IRQHandler
 .text.HAL_UART_TxHalfCpltCallback
                0x000000000800742c       0x14 Drivers/STM32G4xx_HAL_Driver/Src/stm32g4xx_hal_uart.o
                0x000000000800742c                HAL_UART_TxHalfCpltCallback
 .text.HAL_UART_RxCpltCallback
                0x0000000008007440       0x14 Drivers/STM32G4xx_HAL_Driver/Src/stm32g4xx_hal_uart.o
                0x0000000008007440                HAL_UART_RxCpltCallback
 .text.HAL_UART_RxHalfCpltCallback
                0x0000000008007454       0x14 Drivers/STM32G4xx_HAL_Driver/Src/stm32g4xx_hal_uart.o
                0x0000000008007454                HAL_UART_RxHalfCpltCallback
 .text.UART_SetConfig
                0x0000000008007468      0x550 Drivers/STM32G4xx_HAL_Driver/Src/stm32g4xx_hal_uart.o
                0x0000000008007468                UART_SetConfig
 .text.UART_AdvFeatureConfig
                0x00000000080079b8      0x144 Drivers/STM32G4xx_HAL_Driver/Src/stm32g4xx_hal_uart.o
                0x00000000080079b8                UART_AdvFeatureConfig
 .text.UART_CheckIdleState
                0x0000000008007afc       0x90 Drivers/STM32G4xx_HAL_Driver/Src/stm32g4xx_hal_uart.o
                0x0000000008007afc                UART_CheckIdleState
 .text.UART_WaitOnFlagUntilTimeout
                0x0000000008007b8c      0x100 Drivers/STM32G4xx_HAL_Driver/Src/stm32g4xx_hal_uart.o
                0x0000000008007b8c                UART_WaitOnFlagUntilTimeout
 .text.UART_EndTxTransfer
                0x0000000008007c8c       0x3c Drivers/STM32G4xx_HAL_Driver/Src/stm32g4xx_hal_uart.o
 .text.UART_EndRxTransfer
                0x0000000008007cc8       0x46 Drivers/STM32G4xx_HAL_Driver/Src/stm32g4xx_hal_uart.o
 .text.UART_DMATransmitCplt
                0x0000000008007d0e       0x54 Drivers/STM32G4xx_HAL_Driver/Src/stm32g4xx_hal_uart.o
 .text.UART_DMATxHalfCplt
                0x0000000008007d62       0x1c Drivers/STM32G4xx_HAL_Driver/Src/stm32g4xx_hal_uart.o
 .text.UART_DMAReceiveCplt
                0x0000000008007d7e       0x6a Drivers/STM32G4xx_HAL_Driver/Src/stm32g4xx_hal_uart.o
 .text.UART_DMARxHalfCplt
                0x0000000008007de8       0x1c Drivers/STM32G4xx_HAL_Driver/Src/stm32g4xx_hal_uart.o
 .text.UART_DMAError
                0x0000000008007e04       0x80 Drivers/STM32G4xx_HAL_Driver/Src/stm32g4xx_hal_uart.o
 .text.UART_DMAAbortOnError
                0x0000000008007e84       0x2c Drivers/STM32G4xx_HAL_Driver/Src/stm32g4xx_hal_uart.o
 .text.UART_EndTransmit_IT
                0x0000000008007eb0       0x34 Drivers/STM32G4xx_HAL_Driver/Src/stm32g4xx_hal_uart.o
 .text.HAL_UARTEx_WakeupCallback
                0x0000000008007ee4       0x14 Drivers/STM32G4xx_HAL_Driver/Src/stm32g4xx_hal_uart_ex.o
                0x0000000008007ee4                HAL_UARTEx_WakeupCallback
 .text.HAL_UARTEx_RxFifoFullCallback
                0x0000000008007ef8       0x14 Drivers/STM32G4xx_HAL_Driver/Src/stm32g4xx_hal_uart_ex.o
                0x0000000008007ef8                HAL_UARTEx_RxFifoFullCallback
 .text.HAL_UARTEx_TxFifoEmptyCallback
                0x0000000008007f0c       0x14 Drivers/STM32G4xx_HAL_Driver/Src/stm32g4xx_hal_uart_ex.o
                0x0000000008007f0c                HAL_UARTEx_TxFifoEmptyCallback
 .text.HAL_UARTEx_DisableFifoMode
                0x0000000008007f20       0x72 Drivers/STM32G4xx_HAL_Driver/Src/stm32g4xx_hal_uart_ex.o
                0x0000000008007f20                HAL_UARTEx_DisableFifoMode
 .text.HAL_UARTEx_SetTxFifoThreshold
                0x0000000008007f92       0x7c Drivers/STM32G4xx_HAL_Driver/Src/stm32g4xx_hal_uart_ex.o
                0x0000000008007f92                HAL_UARTEx_SetTxFifoThreshold
 .text.HAL_UARTEx_SetRxFifoThreshold
                0x000000000800800e       0x7c Drivers/STM32G4xx_HAL_Driver/Src/stm32g4xx_hal_uart_ex.o
                0x000000000800800e                HAL_UARTEx_SetRxFifoThreshold
 *fill*         0x000000000800808a        0x2 
 .text.UARTEx_SetNbDataToProcess
                0x000000000800808c       0xd0 Drivers/STM32G4xx_HAL_Driver/Src/stm32g4xx_hal_uart_ex.o
 .text.__libc_init_array
                0x000000000800815c       0x48 c:/st/stm32cubeide_1.4.0/stm32cubeide/plugins/com.st.stm32cube.ide.mcu.externaltools.gnu-tools-for-stm32.7-2018-q2-update.win32_1.5.0.202011040924/tools/bin/../lib/gcc/arm-none-eabi/7.3.1/../../../../arm-none-eabi/lib/thumb/v7e-m/fpv4-sp/hard\libc_nano.a(lib_a-init.o)
                0x000000000800815c                __libc_init_array
 .text.memcpy   0x00000000080081a4       0x16 c:/st/stm32cubeide_1.4.0/stm32cubeide/plugins/com.st.stm32cube.ide.mcu.externaltools.gnu-tools-for-stm32.7-2018-q2-update.win32_1.5.0.202011040924/tools/bin/../lib/gcc/arm-none-eabi/7.3.1/../../../../arm-none-eabi/lib/thumb/v7e-m/fpv4-sp/hard\libc_nano.a(lib_a-memcpy-stub.o)
                0x00000000080081a4                memcpy
 .text.memset   0x00000000080081ba       0x10 c:/st/stm32cubeide_1.4.0/stm32cubeide/plugins/com.st.stm32cube.ide.mcu.externaltools.gnu-tools-for-stm32.7-2018-q2-update.win32_1.5.0.202011040924/tools/bin/../lib/gcc/arm-none-eabi/7.3.1/../../../../arm-none-eabi/lib/thumb/v7e-m/fpv4-sp/hard\libc_nano.a(lib_a-memset.o)
                0x00000000080081ba                memset
 *(.glue_7)
 .glue_7        0x00000000080081ca        0x0 linker stubs
 *(.glue_7t)
 .glue_7t       0x00000000080081ca        0x0 linker stubs
 *(.eh_frame)
 *fill*         0x00000000080081ca        0x2 
 .eh_frame      0x00000000080081cc        0x0 c:/st/stm32cubeide_1.4.0/stm32cubeide/plugins/com.st.stm32cube.ide.mcu.externaltools.gnu-tools-for-stm32.7-2018-q2-update.win32_1.5.0.202011040924/tools/bin/../lib/gcc/arm-none-eabi/7.3.1/thumb/v7e-m/fpv4-sp/hard/crtbegin.o
 *(.init)
 .init          0x00000000080081cc        0x4 c:/st/stm32cubeide_1.4.0/stm32cubeide/plugins/com.st.stm32cube.ide.mcu.externaltools.gnu-tools-for-stm32.7-2018-q2-update.win32_1.5.0.202011040924/tools/bin/../lib/gcc/arm-none-eabi/7.3.1/thumb/v7e-m/fpv4-sp/hard/crti.o
                0x00000000080081cc                _init
 .init          0x00000000080081d0        0x8 c:/st/stm32cubeide_1.4.0/stm32cubeide/plugins/com.st.stm32cube.ide.mcu.externaltools.gnu-tools-for-stm32.7-2018-q2-update.win32_1.5.0.202011040924/tools/bin/../lib/gcc/arm-none-eabi/7.3.1/thumb/v7e-m/fpv4-sp/hard/crtn.o
 *(.fini)
 .fini          0x00000000080081d8        0x4 c:/st/stm32cubeide_1.4.0/stm32cubeide/plugins/com.st.stm32cube.ide.mcu.externaltools.gnu-tools-for-stm32.7-2018-q2-update.win32_1.5.0.202011040924/tools/bin/../lib/gcc/arm-none-eabi/7.3.1/thumb/v7e-m/fpv4-sp/hard/crti.o
                0x00000000080081d8                _fini
 .fini          0x00000000080081dc        0x8 c:/st/stm32cubeide_1.4.0/stm32cubeide/plugins/com.st.stm32cube.ide.mcu.externaltools.gnu-tools-for-stm32.7-2018-q2-update.win32_1.5.0.202011040924/tools/bin/../lib/gcc/arm-none-eabi/7.3.1/thumb/v7e-m/fpv4-sp/hard/crtn.o
                0x00000000080081e4                . = ALIGN (0x4)
                0x00000000080081e4                _etext = .

.vfp11_veneer   0x00000000080081e4        0x0
 .vfp11_veneer  0x00000000080081e4        0x0 linker stubs

.v4_bx          0x00000000080081e4        0x0
 .v4_bx         0x00000000080081e4        0x0 linker stubs

.iplt           0x00000000080081e4        0x0
 .iplt          0x00000000080081e4        0x0 c:/st/stm32cubeide_1.4.0/stm32cubeide/plugins/com.st.stm32cube.ide.mcu.externaltools.gnu-tools-for-stm32.7-2018-q2-update.win32_1.5.0.202011040924/tools/bin/../lib/gcc/arm-none-eabi/7.3.1/thumb/v7e-m/fpv4-sp/hard/crtbegin.o

.rodata         0x00000000080081e4      0x240
                0x00000000080081e4                . = ALIGN (0x4)
 *(.rodata)
 .rodata        0x00000000080081e4       0x10 Drivers/STM32G4xx_HAL_Driver/Src/stm32g4xx_hal_uart_ex.o
 *(.rodata*)
 .rodata.crc_table.9465
                0x00000000080081f4      0x200 Core/Src/protocol.o
 .rodata.AHBPrescTable
                0x00000000080083f4       0x10 Core/Src/system_stm32g4xx.o
                0x00000000080083f4                AHBPrescTable
 .rodata.APBPrescTable
                0x0000000008008404        0x8 Core/Src/system_stm32g4xx.o
                0x0000000008008404                APBPrescTable
 .rodata.UARTPrescTable
                0x000000000800840c       0x18 Drivers/STM32G4xx_HAL_Driver/Src/stm32g4xx_hal_uart.o
                0x000000000800840c                UARTPrescTable
                0x0000000008008424                . = ALIGN (0x4)

.ARM.extab      0x0000000008008424        0x0
                0x0000000008008424                . = ALIGN (0x4)
 *(.ARM.extab* .gnu.linkonce.armextab.*)
                0x0000000008008424                . = ALIGN (0x4)

.ARM            0x0000000008008424        0x8
                0x0000000008008424                . = ALIGN (0x4)
                0x0000000008008424                __exidx_start = .
 *(.ARM.exidx*)
 .ARM.exidx     0x0000000008008424        0x8 c:/st/stm32cubeide_1.4.0/stm32cubeide/plugins/com.st.stm32cube.ide.mcu.externaltools.gnu-tools-for-stm32.7-2018-q2-update.win32_1.5.0.202011040924/tools/bin/../lib/gcc/arm-none-eabi/7.3.1/thumb/v7e-m/fpv4-sp/hard\libgcc.a(_udivmoddi4.o)
                0x000000000800842c                __exidx_end = .
                0x000000000800842c                . = ALIGN (0x4)

.rel.dyn        0x000000000800842c        0x0
 .rel.iplt      0x000000000800842c        0x0 c:/st/stm32cubeide_1.4.0/stm32cubeide/plugins/com.st.stm32cube.ide.mcu.externaltools.gnu-tools-for-stm32.7-2018-q2-update.win32_1.5.0.202011040924/tools/bin/../lib/gcc/arm-none-eabi/7.3.1/thumb/v7e-m/fpv4-sp/hard/crtbegin.o

.preinit_array  0x000000000800842c        0x0
                0x000000000800842c                . = ALIGN (0x4)
                0x000000000800842c                PROVIDE (__preinit_array_start = .)
 *(.preinit_array*)
                0x000000000800842c                PROVIDE (__preinit_array_end = .)
                0x000000000800842c                . = ALIGN (0x4)

.init_array     0x000000000800842c        0x4
                0x000000000800842c                . = ALIGN (0x4)
                0x000000000800842c                PROVIDE (__init_array_start = .)
 *(SORT_BY_NAME(.init_array.*))
 *(.init_array*)
 .init_array    0x000000000800842c        0x4 c:/st/stm32cubeide_1.4.0/stm32cubeide/plugins/com.st.stm32cube.ide.mcu.externaltools.gnu-tools-for-stm32.7-2018-q2-update.win32_1.5.0.202011040924/tools/bin/../lib/gcc/arm-none-eabi/7.3.1/thumb/v7e-m/fpv4-sp/hard/crtbegin.o
                0x0000000008008430                PROVIDE (__init_array_end = .)
                0x0000000008008430                . = ALIGN (0x4)

.fini_array     0x0000000008008430        0x4
                0x0000000008008430                . = ALIGN (0x4)
                [!provide]                        PROVIDE (__fini_array_start = .)
 *(SORT_BY_NAME(.fini_array.*))
 *(.fini_array*)
 .fini_array    0x0000000008008430        0x4 c:/st/stm32cubeide_1.4.0/stm32cubeide/plugins/com.st.stm32cube.ide.mcu.externaltools.gnu-tools-for-stm32.7-2018-q2-update.win32_1.5.0.202011040924/tools/bin/../lib/gcc/arm-none-eabi/7.3.1/thumb/v7e-m/fpv4-sp/hard/crtbegin.o
                [!provide]                        PROVIDE (__fini_array_end = .)
                0x0000000008008434                . = ALIGN (0x4)
                0x0000000008008434                _sidata = LOADADDR (.data)

.data           0x0000000020000000       0x2c load address 0x0000000008008434
                0x0000000020000000                . = ALIGN (0x4)
                0x0000000020000000                _sdata = .
 *(.data)
 *(.data*)
 .data.SystemCoreClock
                0x0000000020000000        0x4 Core/Src/system_stm32g4xx.o
                0x0000000020000000                SystemCoreClock
 .data.uwTickPrio
                0x0000000020000004        0x4 Drivers/STM32G4xx_HAL_Driver/Src/stm32g4xx_hal.o
                0x0000000020000004                uwTickPrio
 .data.uwTickFreq
                0x0000000020000008        0x4 Drivers/STM32G4xx_HAL_Driver/Src/stm32g4xx_hal.o
                0x0000000020000008                uwTickFreq
 .data.pFlash   0x000000002000000c       0x20 Drivers/STM32G4xx_HAL_Driver/Src/stm32g4xx_hal_flash.o
                0x000000002000000c                pFlash
 *(.RamFunc)
 *(.RamFunc*)
                0x000000002000002c                . = ALIGN (0x4)
                0x000000002000002c                _edata = .

.igot.plt       0x000000002000002c        0x0 load address 0x0000000008008460
 .igot.plt      0x000000002000002c        0x0 c:/st/stm32cubeide_1.4.0/stm32cubeide/plugins/com.st.stm32cube.ide.mcu.externaltools.gnu-tools-for-stm32.7-2018-q2-update.win32_1.5.0.202011040924/tools/bin/../lib/gcc/arm-none-eabi/7.3.1/thumb/v7e-m/fpv4-sp/hard/crtbegin.o
                0x000000002000002c                . = ALIGN (0x4)

.bss            0x000000002000002c     0x3500 load address 0x0000000008008460
                0x000000002000002c                _sbss = .
                0x000000002000002c                __bss_start__ = _sbss
 *(.bss)
 .bss           0x000000002000002c       0x1c c:/st/stm32cubeide_1.4.0/stm32cubeide/plugins/com.st.stm32cube.ide.mcu.externaltools.gnu-tools-for-stm32.7-2018-q2-update.win32_1.5.0.202011040924/tools/bin/../lib/gcc/arm-none-eabi/7.3.1/thumb/v7e-m/fpv4-sp/hard/crtbegin.o
 *(.bss*)
 .bss.blinkin_period
                0x0000000020000048        0x4 Core/Src/led.o
 .bss.blinkin_counter
                0x000000002000004c        0x4 Core/Src/led.o
 .bss.blinkin_infinite
                0x0000000020000050        0x1 Core/Src/led.o
 *fill*         0x0000000020000051        0x3 
 .bss.last_state_change_time
                0x0000000020000054        0x4 Core/Src/led.o
 .bss.rx_packet_position
                0x0000000020000058        0x4 Core/Src/protocol.o
                0x0000000020000058                rx_packet_position
 .bss.rx_packet_payload_bytes
                0x000000002000005c        0x4 Core/Src/protocol.o
                0x000000002000005c                rx_packet_payload_bytes
 .bss.tx_packet_length
                0x0000000020000060        0x4 Core/Src/protocol.o
                0x0000000020000060                tx_packet_length
 .bss.packet_state
                0x0000000020000064        0x1 Core/Src/protocol.o
                0x0000000020000064                packet_state
 *fill*         0x0000000020000065        0x3 
 .bss.hserial_table
                0x0000000020000068        0x4 Core/Src/serial.o
                0x0000000020000068                hserial_table
 .bss.serial_counter
                0x000000002000006c        0x4 Core/Src/serial.o
                0x000000002000006c                serial_counter
 .bss.id.9838   0x0000000020000070        0x4 Core/Src/serial.o
 .bss.id.9886   0x0000000020000074        0x4 Core/Src/serial.o
 *(COMMON)
 COMMON         0x0000000020000078       0x82 Core/Src/control_table.o
                0x0000000020000078                regs
 *fill*         0x00000000200000fa        0x2 
 COMMON         0x00000000200000fc     0x2b94 Core/Src/main.o
                0x00000000200000fc                hdma_usart2_rx
                0x000000002000015c                htim4
                0x00000000200001a8                htim15
                0x00000000200001f4                hopamp1
                0x0000000020000230                hadc1
                0x000000002000029c                hdma_usart2_tx
                0x00000000200002fc                serial
                0x0000000020002ba4                hdma_adc1
                0x0000000020002c04                huart2
 COMMON         0x0000000020002c90      0x898 Core/Src/protocol.o
                0x0000000020002c90                rx_packet_buffer
                0x00000000200030dc                tx_packet_buffer
 COMMON         0x0000000020003528        0x4 Drivers/STM32G4xx_HAL_Driver/Src/stm32g4xx_hal.o
                0x0000000020003528                uwTick
                0x000000002000352c                . = ALIGN (0x4)
                0x000000002000352c                _ebss = .
                0x000000002000352c                __bss_end__ = _ebss

._user_heap_stack
                0x000000002000352c      0x604 load address 0x0000000008008460
                0x0000000020003530                . = ALIGN (0x8)
 *fill*         0x000000002000352c        0x4 
                [!provide]                        PROVIDE (end = .)
                0x0000000020003530                PROVIDE (_end = .)
                0x0000000020003730                . = (. + _Min_Heap_Size)
 *fill*         0x0000000020003530      0x200 
                0x0000000020003b30                . = (. + _Min_Stack_Size)
 *fill*         0x0000000020003730      0x400 
                0x0000000020003b30                . = ALIGN (0x8)

/DISCARD/
 libc.a(*)
 libm.a(*)
 libgcc.a(*)

.ARM.attributes
                0x0000000000000000       0x30
 *(.ARM.attributes)
 .ARM.attributes
                0x0000000000000000       0x22 c:/st/stm32cubeide_1.4.0/stm32cubeide/plugins/com.st.stm32cube.ide.mcu.externaltools.gnu-tools-for-stm32.7-2018-q2-update.win32_1.5.0.202011040924/tools/bin/../lib/gcc/arm-none-eabi/7.3.1/thumb/v7e-m/fpv4-sp/hard/crti.o
 .ARM.attributes
                0x0000000000000022       0x34 c:/st/stm32cubeide_1.4.0/stm32cubeide/plugins/com.st.stm32cube.ide.mcu.externaltools.gnu-tools-for-stm32.7-2018-q2-update.win32_1.5.0.202011040924/tools/bin/../lib/gcc/arm-none-eabi/7.3.1/thumb/v7e-m/fpv4-sp/hard/crtbegin.o
 .ARM.attributes
                0x0000000000000056       0x39 Core/Src/control_table.o
 .ARM.attributes
                0x000000000000008f       0x39 Core/Src/eeprom.o
 .ARM.attributes
                0x00000000000000c8       0x39 Core/Src/led.o
 .ARM.attributes
                0x0000000000000101       0x39 Core/Src/main.o
 .ARM.attributes
                0x000000000000013a       0x39 Core/Src/protocol.o
 .ARM.attributes
                0x0000000000000173       0x39 Core/Src/serial.o
 .ARM.attributes
                0x00000000000001ac       0x39 Core/Src/stm32g4xx_hal_msp.o
 .ARM.attributes
                0x00000000000001e5       0x39 Core/Src/stm32g4xx_it.o
 .ARM.attributes
                0x000000000000021e       0x39 Core/Src/system_stm32g4xx.o
 .ARM.attributes
                0x0000000000000257       0x21 Core/Startup/startup_stm32g431kbtx.o
 .ARM.attributes
                0x0000000000000278       0x39 Drivers/STM32G4xx_HAL_Driver/Src/stm32g4xx_hal.o
 .ARM.attributes
                0x00000000000002b1       0x39 Drivers/STM32G4xx_HAL_Driver/Src/stm32g4xx_hal_adc.o
 .ARM.attributes
                0x00000000000002ea       0x39 Drivers/STM32G4xx_HAL_Driver/Src/stm32g4xx_hal_adc_ex.o
 .ARM.attributes
                0x0000000000000323       0x39 Drivers/STM32G4xx_HAL_Driver/Src/stm32g4xx_hal_cortex.o
 .ARM.attributes
                0x000000000000035c       0x39 Drivers/STM32G4xx_HAL_Driver/Src/stm32g4xx_hal_dma.o
 .ARM.attributes
                0x0000000000000395       0x39 Drivers/STM32G4xx_HAL_Driver/Src/stm32g4xx_hal_flash.o
 .ARM.attributes
                0x00000000000003ce       0x39 Drivers/STM32G4xx_HAL_Driver/Src/stm32g4xx_hal_flash_ex.o
 .ARM.attributes
                0x0000000000000407       0x39 Drivers/STM32G4xx_HAL_Driver/Src/stm32g4xx_hal_gpio.o
 .ARM.attributes
                0x0000000000000440       0x39 Drivers/STM32G4xx_HAL_Driver/Src/stm32g4xx_hal_opamp.o
 .ARM.attributes
                0x0000000000000479       0x39 Drivers/STM32G4xx_HAL_Driver/Src/stm32g4xx_hal_pwr_ex.o
 .ARM.attributes
                0x00000000000004b2       0x39 Drivers/STM32G4xx_HAL_Driver/Src/stm32g4xx_hal_rcc.o
 .ARM.attributes
                0x00000000000004eb       0x39 Drivers/STM32G4xx_HAL_Driver/Src/stm32g4xx_hal_rcc_ex.o
 .ARM.attributes
                0x0000000000000524       0x39 Drivers/STM32G4xx_HAL_Driver/Src/stm32g4xx_hal_tim.o
 .ARM.attributes
                0x000000000000055d       0x39 Drivers/STM32G4xx_HAL_Driver/Src/stm32g4xx_hal_tim_ex.o
 .ARM.attributes
                0x0000000000000596       0x39 Drivers/STM32G4xx_HAL_Driver/Src/stm32g4xx_hal_uart.o
 .ARM.attributes
                0x00000000000005cf       0x39 Drivers/STM32G4xx_HAL_Driver/Src/stm32g4xx_hal_uart_ex.o
 .ARM.attributes
                0x0000000000000608       0x34 c:/st/stm32cubeide_1.4.0/stm32cubeide/plugins/com.st.stm32cube.ide.mcu.externaltools.gnu-tools-for-stm32.7-2018-q2-update.win32_1.5.0.202011040924/tools/bin/../lib/gcc/arm-none-eabi/7.3.1/../../../../arm-none-eabi/lib/thumb/v7e-m/fpv4-sp/hard\libc_nano.a(lib_a-init.o)
 .ARM.attributes
                0x000000000000063c       0x34 c:/st/stm32cubeide_1.4.0/stm32cubeide/plugins/com.st.stm32cube.ide.mcu.externaltools.gnu-tools-for-stm32.7-2018-q2-update.win32_1.5.0.202011040924/tools/bin/../lib/gcc/arm-none-eabi/7.3.1/../../../../arm-none-eabi/lib/thumb/v7e-m/fpv4-sp/hard\libc_nano.a(lib_a-memcpy-stub.o)
 .ARM.attributes
                0x0000000000000670       0x34 c:/st/stm32cubeide_1.4.0/stm32cubeide/plugins/com.st.stm32cube.ide.mcu.externaltools.gnu-tools-for-stm32.7-2018-q2-update.win32_1.5.0.202011040924/tools/bin/../lib/gcc/arm-none-eabi/7.3.1/../../../../arm-none-eabi/lib/thumb/v7e-m/fpv4-sp/hard\libc_nano.a(lib_a-memset.o)
 .ARM.attributes
                0x00000000000006a4       0x22 c:/st/stm32cubeide_1.4.0/stm32cubeide/plugins/com.st.stm32cube.ide.mcu.externaltools.gnu-tools-for-stm32.7-2018-q2-update.win32_1.5.0.202011040924/tools/bin/../lib/gcc/arm-none-eabi/7.3.1/thumb/v7e-m/fpv4-sp/hard\libgcc.a(_aeabi_uldivmod.o)
 .ARM.attributes
                0x00000000000006c6       0x34 c:/st/stm32cubeide_1.4.0/stm32cubeide/plugins/com.st.stm32cube.ide.mcu.externaltools.gnu-tools-for-stm32.7-2018-q2-update.win32_1.5.0.202011040924/tools/bin/../lib/gcc/arm-none-eabi/7.3.1/thumb/v7e-m/fpv4-sp/hard\libgcc.a(_udivmoddi4.o)
 .ARM.attributes
                0x00000000000006fa       0x22 c:/st/stm32cubeide_1.4.0/stm32cubeide/plugins/com.st.stm32cube.ide.mcu.externaltools.gnu-tools-for-stm32.7-2018-q2-update.win32_1.5.0.202011040924/tools/bin/../lib/gcc/arm-none-eabi/7.3.1/thumb/v7e-m/fpv4-sp/hard\libgcc.a(_dvmd_tls.o)
 .ARM.attributes
                0x000000000000071c       0x22 c:/st/stm32cubeide_1.4.0/stm32cubeide/plugins/com.st.stm32cube.ide.mcu.externaltools.gnu-tools-for-stm32.7-2018-q2-update.win32_1.5.0.202011040924/tools/bin/../lib/gcc/arm-none-eabi/7.3.1/thumb/v7e-m/fpv4-sp/hard/crtn.o
OUTPUT(STM32G431KBx.elf elf32-littlearm)

.debug_info     0x0000000000000000    0x1aa8f
 .debug_info    0x0000000000000000      0x302 Core/Src/control_table.o
 .debug_info    0x0000000000000302      0xc9b Core/Src/eeprom.o
 .debug_info    0x0000000000000f9d      0x5b2 Core/Src/led.o
 .debug_info    0x000000000000154f     0x1fa1 Core/Src/main.o
 .debug_info    0x00000000000034f0      0xdfe Core/Src/protocol.o
 .debug_info    0x00000000000042ee     0x176d Core/Src/serial.o
 .debug_info    0x0000000000005a5b     0x1a31 Core/Src/stm32g4xx_hal_msp.o
 .debug_info    0x000000000000748c     0x119e Core/Src/stm32g4xx_it.o
 .debug_info    0x000000000000862a      0x6eb Core/Src/system_stm32g4xx.o
 .debug_info    0x0000000000008d15       0x22 Core/Startup/startup_stm32g431kbtx.o
 .debug_info    0x0000000000008d37      0xbe6 Drivers/STM32G4xx_HAL_Driver/Src/stm32g4xx_hal.o
 .debug_info    0x000000000000991d     0x2123 Drivers/STM32G4xx_HAL_Driver/Src/stm32g4xx_hal_adc.o
 .debug_info    0x000000000000ba40     0x1e34 Drivers/STM32G4xx_HAL_Driver/Src/stm32g4xx_hal_adc_ex.o
 .debug_info    0x000000000000d874      0xef7 Drivers/STM32G4xx_HAL_Driver/Src/stm32g4xx_hal_cortex.o
 .debug_info    0x000000000000e76b      0xa43 Drivers/STM32G4xx_HAL_Driver/Src/stm32g4xx_hal_dma.o
 .debug_info    0x000000000000f1ae      0x784 Drivers/STM32G4xx_HAL_Driver/Src/stm32g4xx_hal_flash.o
 .debug_info    0x000000000000f932      0x997 Drivers/STM32G4xx_HAL_Driver/Src/stm32g4xx_hal_flash_ex.o
 .debug_info    0x00000000000102c9      0x99e Drivers/STM32G4xx_HAL_Driver/Src/stm32g4xx_hal_gpio.o
 .debug_info    0x0000000000010c67      0x96a Drivers/STM32G4xx_HAL_Driver/Src/stm32g4xx_hal_opamp.o
 .debug_info    0x00000000000115d1      0xad8 Drivers/STM32G4xx_HAL_Driver/Src/stm32g4xx_hal_pwr_ex.o
 .debug_info    0x00000000000120a9      0xccb Drivers/STM32G4xx_HAL_Driver/Src/stm32g4xx_hal_rcc.o
 .debug_info    0x0000000000012d74      0xdb8 Drivers/STM32G4xx_HAL_Driver/Src/stm32g4xx_hal_rcc_ex.o
 .debug_info    0x0000000000013b2c     0x2b63 Drivers/STM32G4xx_HAL_Driver/Src/stm32g4xx_hal_tim.o
 .debug_info    0x000000000001668f     0x1ccf Drivers/STM32G4xx_HAL_Driver/Src/stm32g4xx_hal_tim_ex.o
 .debug_info    0x000000000001835e     0x1a91 Drivers/STM32G4xx_HAL_Driver/Src/stm32g4xx_hal_uart.o
 .debug_info    0x0000000000019def      0xca0 Drivers/STM32G4xx_HAL_Driver/Src/stm32g4xx_hal_uart_ex.o

.debug_abbrev   0x0000000000000000     0x3460
 .debug_abbrev  0x0000000000000000       0xeb Core/Src/control_table.o
 .debug_abbrev  0x00000000000000eb      0x1e3 Core/Src/eeprom.o
 .debug_abbrev  0x00000000000002ce      0x190 Core/Src/led.o
 .debug_abbrev  0x000000000000045e      0x2c1 Core/Src/main.o
 .debug_abbrev  0x000000000000071f      0x241 Core/Src/protocol.o
 .debug_abbrev  0x0000000000000960      0x314 Core/Src/serial.o
 .debug_abbrev  0x0000000000000c74      0x209 Core/Src/stm32g4xx_hal_msp.o
 .debug_abbrev  0x0000000000000e7d      0x1ac Core/Src/stm32g4xx_it.o
 .debug_abbrev  0x0000000000001029      0x147 Core/Src/system_stm32g4xx.o
 .debug_abbrev  0x0000000000001170       0x12 Core/Startup/startup_stm32g431kbtx.o
 .debug_abbrev  0x0000000000001182      0x1fb Drivers/STM32G4xx_HAL_Driver/Src/stm32g4xx_hal.o
 .debug_abbrev  0x000000000000137d      0x25d Drivers/STM32G4xx_HAL_Driver/Src/stm32g4xx_hal_adc.o
 .debug_abbrev  0x00000000000015da      0x27d Drivers/STM32G4xx_HAL_Driver/Src/stm32g4xx_hal_adc_ex.o
 .debug_abbrev  0x0000000000001857      0x2f1 Drivers/STM32G4xx_HAL_Driver/Src/stm32g4xx_hal_cortex.o
 .debug_abbrev  0x0000000000001b48      0x1d9 Drivers/STM32G4xx_HAL_Driver/Src/stm32g4xx_hal_dma.o
 .debug_abbrev  0x0000000000001d21      0x2b6 Drivers/STM32G4xx_HAL_Driver/Src/stm32g4xx_hal_flash.o
 .debug_abbrev  0x0000000000001fd7      0x24d Drivers/STM32G4xx_HAL_Driver/Src/stm32g4xx_hal_flash_ex.o
 .debug_abbrev  0x0000000000002224      0x1c0 Drivers/STM32G4xx_HAL_Driver/Src/stm32g4xx_hal_gpio.o
 .debug_abbrev  0x00000000000023e4      0x186 Drivers/STM32G4xx_HAL_Driver/Src/stm32g4xx_hal_opamp.o
 .debug_abbrev  0x000000000000256a      0x1fd Drivers/STM32G4xx_HAL_Driver/Src/stm32g4xx_hal_pwr_ex.o
 .debug_abbrev  0x0000000000002767      0x245 Drivers/STM32G4xx_HAL_Driver/Src/stm32g4xx_hal_rcc.o
 .debug_abbrev  0x00000000000029ac      0x204 Drivers/STM32G4xx_HAL_Driver/Src/stm32g4xx_hal_rcc_ex.o
 .debug_abbrev  0x0000000000002bb0      0x25b Drivers/STM32G4xx_HAL_Driver/Src/stm32g4xx_hal_tim.o
 .debug_abbrev  0x0000000000002e0b      0x261 Drivers/STM32G4xx_HAL_Driver/Src/stm32g4xx_hal_tim_ex.o
 .debug_abbrev  0x000000000000306c      0x212 Drivers/STM32G4xx_HAL_Driver/Src/stm32g4xx_hal_uart.o
 .debug_abbrev  0x000000000000327e      0x1e2 Drivers/STM32G4xx_HAL_Driver/Src/stm32g4xx_hal_uart_ex.o

.debug_aranges  0x0000000000000000     0x1780
 .debug_aranges
                0x0000000000000000       0x38 Core/Src/control_table.o
 .debug_aranges
                0x0000000000000038       0x38 Core/Src/eeprom.o
 .debug_aranges
                0x0000000000000070       0x58 Core/Src/led.o
 .debug_aranges
                0x00000000000000c8       0x68 Core/Src/main.o
 .debug_aranges
                0x0000000000000130       0x38 Core/Src/protocol.o
 .debug_aranges
                0x0000000000000168       0x78 Core/Src/serial.o
 .debug_aranges
                0x00000000000001e0       0x68 Core/Src/stm32g4xx_hal_msp.o
 .debug_aranges
                0x0000000000000248       0x90 Core/Src/stm32g4xx_it.o
 .debug_aranges
                0x00000000000002d8       0x28 Core/Src/system_stm32g4xx.o
 .debug_aranges
                0x0000000000000300       0x28 Core/Startup/startup_stm32g431kbtx.o
 .debug_aranges
                0x0000000000000328      0x130 Drivers/STM32G4xx_HAL_Driver/Src/stm32g4xx_hal.o
 .debug_aranges
                0x0000000000000458      0x248 Drivers/STM32G4xx_HAL_Driver/Src/stm32g4xx_hal_adc.o
 .debug_aranges
                0x00000000000006a0      0x1c0 Drivers/STM32G4xx_HAL_Driver/Src/stm32g4xx_hal_adc_ex.o
 .debug_aranges
                0x0000000000000860      0x118 Drivers/STM32G4xx_HAL_Driver/Src/stm32g4xx_hal_cortex.o
 .debug_aranges
                0x0000000000000978       0x90 Drivers/STM32G4xx_HAL_Driver/Src/stm32g4xx_hal_dma.o
 .debug_aranges
                0x0000000000000a08       0x88 Drivers/STM32G4xx_HAL_Driver/Src/stm32g4xx_hal_flash.o
 .debug_aranges
                0x0000000000000a90       0xc8 Drivers/STM32G4xx_HAL_Driver/Src/stm32g4xx_hal_flash_ex.o
 .debug_aranges
                0x0000000000000b58       0x58 Drivers/STM32G4xx_HAL_Driver/Src/stm32g4xx_hal_gpio.o
 .debug_aranges
                0x0000000000000bb0       0x70 Drivers/STM32G4xx_HAL_Driver/Src/stm32g4xx_hal_opamp.o
 .debug_aranges
                0x0000000000000c20      0x140 Drivers/STM32G4xx_HAL_Driver/Src/stm32g4xx_hal_pwr_ex.o
 .debug_aranges
                0x0000000000000d60       0x98 Drivers/STM32G4xx_HAL_Driver/Src/stm32g4xx_hal_rcc.o
 .debug_aranges
                0x0000000000000df8       0xb0 Drivers/STM32G4xx_HAL_Driver/Src/stm32g4xx_hal_rcc_ex.o
 .debug_aranges
                0x0000000000000ea8      0x3e0 Drivers/STM32G4xx_HAL_Driver/Src/stm32g4xx_hal_tim.o
 .debug_aranges
                0x0000000000001288      0x240 Drivers/STM32G4xx_HAL_Driver/Src/stm32g4xx_hal_tim_ex.o
 .debug_aranges
                0x00000000000014c8      0x230 Drivers/STM32G4xx_HAL_Driver/Src/stm32g4xx_hal_uart.o
 .debug_aranges
                0x00000000000016f8       0x88 Drivers/STM32G4xx_HAL_Driver/Src/stm32g4xx_hal_uart_ex.o

.debug_ranges   0x0000000000000000     0x15e8
 .debug_ranges  0x0000000000000000       0x28 Core/Src/control_table.o
 .debug_ranges  0x0000000000000028       0x28 Core/Src/eeprom.o
 .debug_ranges  0x0000000000000050       0x48 Core/Src/led.o
 .debug_ranges  0x0000000000000098       0x58 Core/Src/main.o
 .debug_ranges  0x00000000000000f0       0x28 Core/Src/protocol.o
 .debug_ranges  0x0000000000000118       0x68 Core/Src/serial.o
 .debug_ranges  0x0000000000000180       0x58 Core/Src/stm32g4xx_hal_msp.o
 .debug_ranges  0x00000000000001d8       0x80 Core/Src/stm32g4xx_it.o
 .debug_ranges  0x0000000000000258       0x18 Core/Src/system_stm32g4xx.o
 .debug_ranges  0x0000000000000270       0x20 Core/Startup/startup_stm32g431kbtx.o
 .debug_ranges  0x0000000000000290      0x120 Drivers/STM32G4xx_HAL_Driver/Src/stm32g4xx_hal.o
 .debug_ranges  0x00000000000003b0      0x238 Drivers/STM32G4xx_HAL_Driver/Src/stm32g4xx_hal_adc.o
 .debug_ranges  0x00000000000005e8      0x1b0 Drivers/STM32G4xx_HAL_Driver/Src/stm32g4xx_hal_adc_ex.o
 .debug_ranges  0x0000000000000798      0x108 Drivers/STM32G4xx_HAL_Driver/Src/stm32g4xx_hal_cortex.o
 .debug_ranges  0x00000000000008a0       0x80 Drivers/STM32G4xx_HAL_Driver/Src/stm32g4xx_hal_dma.o
 .debug_ranges  0x0000000000000920       0x78 Drivers/STM32G4xx_HAL_Driver/Src/stm32g4xx_hal_flash.o
 .debug_ranges  0x0000000000000998       0xb8 Drivers/STM32G4xx_HAL_Driver/Src/stm32g4xx_hal_flash_ex.o
 .debug_ranges  0x0000000000000a50       0x48 Drivers/STM32G4xx_HAL_Driver/Src/stm32g4xx_hal_gpio.o
 .debug_ranges  0x0000000000000a98       0x60 Drivers/STM32G4xx_HAL_Driver/Src/stm32g4xx_hal_opamp.o
 .debug_ranges  0x0000000000000af8      0x130 Drivers/STM32G4xx_HAL_Driver/Src/stm32g4xx_hal_pwr_ex.o
 .debug_ranges  0x0000000000000c28       0x88 Drivers/STM32G4xx_HAL_Driver/Src/stm32g4xx_hal_rcc.o
 .debug_ranges  0x0000000000000cb0       0xa0 Drivers/STM32G4xx_HAL_Driver/Src/stm32g4xx_hal_rcc_ex.o
 .debug_ranges  0x0000000000000d50      0x3d0 Drivers/STM32G4xx_HAL_Driver/Src/stm32g4xx_hal_tim.o
 .debug_ranges  0x0000000000001120      0x230 Drivers/STM32G4xx_HAL_Driver/Src/stm32g4xx_hal_tim_ex.o
 .debug_ranges  0x0000000000001350      0x220 Drivers/STM32G4xx_HAL_Driver/Src/stm32g4xx_hal_uart.o
 .debug_ranges  0x0000000000001570       0x78 Drivers/STM32G4xx_HAL_Driver/Src/stm32g4xx_hal_uart_ex.o

.debug_macro    0x0000000000000000    0x21c7f
 .debug_macro   0x0000000000000000      0x231 Core/Src/control_table.o
 .debug_macro   0x0000000000000231      0xa5a Core/Src/control_table.o
 .debug_macro   0x0000000000000c8b      0x167 Core/Src/control_table.o
 .debug_macro   0x0000000000000df2       0x2e Core/Src/control_table.o
 .debug_macro   0x0000000000000e20       0x28 Core/Src/control_table.o
 .debug_macro   0x0000000000000e48       0x22 Core/Src/control_table.o
 .debug_macro   0x0000000000000e6a       0x8e Core/Src/control_table.o
 .debug_macro   0x0000000000000ef8       0x51 Core/Src/control_table.o
 .debug_macro   0x0000000000000f49       0xef Core/Src/control_table.o
 .debug_macro   0x0000000000001038       0x6a Core/Src/control_table.o
 .debug_macro   0x00000000000010a2      0x1df Core/Src/control_table.o
 .debug_macro   0x0000000000001281       0x1c Core/Src/control_table.o
 .debug_macro   0x000000000000129d       0x22 Core/Src/control_table.o
 .debug_macro   0x00000000000012bf      0x101 Core/Src/control_table.o
 .debug_macro   0x00000000000013c0     0x1011 Core/Src/control_table.o
 .debug_macro   0x00000000000023d1      0x11f Core/Src/control_table.o
 .debug_macro   0x00000000000024f0    0x1138f Core/Src/control_table.o
 .debug_macro   0x000000000001387f       0x43 Core/Src/control_table.o
 .debug_macro   0x00000000000138c2     0x34ed Core/Src/control_table.o
 .debug_macro   0x0000000000016daf      0x174 Core/Src/control_table.o
 .debug_macro   0x0000000000016f23       0x5a Core/Src/control_table.o
 .debug_macro   0x0000000000016f7d     0x13de Core/Src/control_table.o
 .debug_macro   0x000000000001835b      0x535 Core/Src/control_table.o
 .debug_macro   0x0000000000018890      0x137 Core/Src/control_table.o
 .debug_macro   0x00000000000189c7      0x289 Core/Src/control_table.o
 .debug_macro   0x0000000000018c50      0x41d Core/Src/control_table.o
 .debug_macro   0x000000000001906d      0x18b Core/Src/control_table.o
 .debug_macro   0x00000000000191f8       0x43 Core/Src/control_table.o
 .debug_macro   0x000000000001923b      0x23d Core/Src/control_table.o
 .debug_macro   0x0000000000019478     0x10fd Core/Src/control_table.o
 .debug_macro   0x000000000001a575      0x72e Core/Src/control_table.o
 .debug_macro   0x000000000001aca3      0x391 Core/Src/control_table.o
 .debug_macro   0x000000000001b034      0x212 Core/Src/control_table.o
 .debug_macro   0x000000000001b246      0x401 Core/Src/control_table.o
 .debug_macro   0x000000000001b647      0x107 Core/Src/control_table.o
 .debug_macro   0x000000000001b74e      0x1ae Core/Src/control_table.o
 .debug_macro   0x000000000001b8fc      0x122 Core/Src/control_table.o
 .debug_macro   0x000000000001ba1e      0x3d1 Core/Src/control_table.o
 .debug_macro   0x000000000001bdef      0xbbe Core/Src/control_table.o
 .debug_macro   0x000000000001c9ad      0x47e Core/Src/control_table.o
 .debug_macro   0x000000000001ce2b      0x662 Core/Src/control_table.o
 .debug_macro   0x000000000001d48d       0xa6 Core/Src/control_table.o
 .debug_macro   0x000000000001d533      0x307 Core/Src/control_table.o
 .debug_macro   0x000000000001d83a      0x364 Core/Src/control_table.o
 .debug_macro   0x000000000001db9e       0x1c Core/Src/control_table.o
 .debug_macro   0x000000000001dbba       0x22 Core/Src/control_table.o
 .debug_macro   0x000000000001dbdc      0x2da Core/Src/eeprom.o
 .debug_macro   0x000000000001deb6       0x46 Core/Src/eeprom.o
 .debug_macro   0x000000000001defc       0x18 Core/Src/eeprom.o
 .debug_macro   0x000000000001df14       0x3c Core/Src/eeprom.o
 .debug_macro   0x000000000001df50       0x34 Core/Src/eeprom.o
 .debug_macro   0x000000000001df84       0x52 Core/Src/eeprom.o
 .debug_macro   0x000000000001dfd6       0x1f Core/Src/eeprom.o
 .debug_macro   0x000000000001dff5       0x43 Core/Src/eeprom.o
 .debug_macro   0x000000000001e038       0x20 Core/Src/eeprom.o
 .debug_macro   0x000000000001e058      0x1a3 Core/Src/eeprom.o
 .debug_macro   0x000000000001e1fb      0x32a Core/Src/eeprom.o
 .debug_macro   0x000000000001e525       0x10 Core/Src/eeprom.o
 .debug_macro   0x000000000001e535       0x35 Core/Src/eeprom.o
 .debug_macro   0x000000000001e56a       0x20 Core/Src/eeprom.o
 .debug_macro   0x000000000001e58a      0x222 Core/Src/led.o
 .debug_macro   0x000000000001e7ac       0x3a Core/Src/led.o
 .debug_macro   0x000000000001e7e6      0x248 Core/Src/main.o
 .debug_macro   0x000000000001ea2e       0x34 Core/Src/main.o
 .debug_macro   0x000000000001ea62      0x36a Core/Src/main.o
 .debug_macro   0x000000000001edcc       0x22 Core/Src/main.o
 .debug_macro   0x000000000001edee      0x2ee Core/Src/protocol.o
 .debug_macro   0x000000000001f0dc       0x1c Core/Src/protocol.o
 .debug_macro   0x000000000001f0f8      0x2e8 Core/Src/serial.o
 .debug_macro   0x000000000001f3e0       0x58 Core/Src/serial.o
 .debug_macro   0x000000000001f438      0x215 Core/Src/stm32g4xx_hal_msp.o
 .debug_macro   0x000000000001f64d      0x21f Core/Src/stm32g4xx_it.o
 .debug_macro   0x000000000001f86c      0x20c Core/Src/system_stm32g4xx.o
 .debug_macro   0x000000000001fa78      0x254 Drivers/STM32G4xx_HAL_Driver/Src/stm32g4xx_hal.o
 .debug_macro   0x000000000001fccc      0x223 Drivers/STM32G4xx_HAL_Driver/Src/stm32g4xx_hal_adc.o
 .debug_macro   0x000000000001feef      0x212 Drivers/STM32G4xx_HAL_Driver/Src/stm32g4xx_hal_adc_ex.o
 .debug_macro   0x0000000000020101      0x206 Drivers/STM32G4xx_HAL_Driver/Src/stm32g4xx_hal_cortex.o
 .debug_macro   0x0000000000020307      0x206 Drivers/STM32G4xx_HAL_Driver/Src/stm32g4xx_hal_dma.o
 .debug_macro   0x000000000002050d      0x20c Drivers/STM32G4xx_HAL_Driver/Src/stm32g4xx_hal_flash.o
 .debug_macro   0x0000000000020719      0x206 Drivers/STM32G4xx_HAL_Driver/Src/stm32g4xx_hal_flash_ex.o
 .debug_macro   0x000000000002091f      0x23e Drivers/STM32G4xx_HAL_Driver/Src/stm32g4xx_hal_gpio.o
 .debug_macro   0x0000000000020b5d      0x223 Drivers/STM32G4xx_HAL_Driver/Src/stm32g4xx_hal_opamp.o
 .debug_macro   0x0000000000020d80      0x230 Drivers/STM32G4xx_HAL_Driver/Src/stm32g4xx_hal_pwr_ex.o
 .debug_macro   0x0000000000020fb0      0x242 Drivers/STM32G4xx_HAL_Driver/Src/stm32g4xx_hal_rcc.o
 .debug_macro   0x00000000000211f2      0x230 Drivers/STM32G4xx_HAL_Driver/Src/stm32g4xx_hal_rcc_ex.o
 .debug_macro   0x0000000000021422      0x20e Drivers/STM32G4xx_HAL_Driver/Src/stm32g4xx_hal_tim.o
 .debug_macro   0x0000000000021630      0x20c Drivers/STM32G4xx_HAL_Driver/Src/stm32g4xx_hal_tim_ex.o
 .debug_macro   0x000000000002183c      0x231 Drivers/STM32G4xx_HAL_Driver/Src/stm32g4xx_hal_uart.o
 .debug_macro   0x0000000000021a6d      0x212 Drivers/STM32G4xx_HAL_Driver/Src/stm32g4xx_hal_uart_ex.o

.debug_line     0x0000000000000000    0x13a3a
 .debug_line    0x0000000000000000      0x810 Core/Src/control_table.o
 .debug_line    0x0000000000000810      0x905 Core/Src/eeprom.o
 .debug_line    0x0000000000001115      0x83d Core/Src/led.o
 .debug_line    0x0000000000001952      0x906 Core/Src/main.o
 .debug_line    0x0000000000002258      0x8d4 Core/Src/protocol.o
 .debug_line    0x0000000000002b2c      0xa7d Core/Src/serial.o
 .debug_line    0x00000000000035a9      0x86e Core/Src/stm32g4xx_hal_msp.o
 .debug_line    0x0000000000003e17      0x86c Core/Src/stm32g4xx_it.o
 .debug_line    0x0000000000004683      0x772 Core/Src/system_stm32g4xx.o
 .debug_line    0x0000000000004df5       0x89 Core/Startup/startup_stm32g431kbtx.o
 .debug_line    0x0000000000004e7e      0x9f8 Drivers/STM32G4xx_HAL_Driver/Src/stm32g4xx_hal.o
 .debug_line    0x0000000000005876     0x1582 Drivers/STM32G4xx_HAL_Driver/Src/stm32g4xx_hal_adc.o
 .debug_line    0x0000000000006df8     0x1294 Drivers/STM32G4xx_HAL_Driver/Src/stm32g4xx_hal_adc_ex.o
 .debug_line    0x000000000000808c      0xa80 Drivers/STM32G4xx_HAL_Driver/Src/stm32g4xx_hal_cortex.o
 .debug_line    0x0000000000008b0c      0x9c1 Drivers/STM32G4xx_HAL_Driver/Src/stm32g4xx_hal_dma.o
 .debug_line    0x00000000000094cd      0x982 Drivers/STM32G4xx_HAL_Driver/Src/stm32g4xx_hal_flash.o
 .debug_line    0x0000000000009e4f      0xa49 Drivers/STM32G4xx_HAL_Driver/Src/stm32g4xx_hal_flash_ex.o
 .debug_line    0x000000000000a898      0x8fa Drivers/STM32G4xx_HAL_Driver/Src/stm32g4xx_hal_gpio.o
 .debug_line    0x000000000000b192      0x8e6 Drivers/STM32G4xx_HAL_Driver/Src/stm32g4xx_hal_opamp.o
 .debug_line    0x000000000000ba78      0xae3 Drivers/STM32G4xx_HAL_Driver/Src/stm32g4xx_hal_pwr_ex.o
 .debug_line    0x000000000000c55b      0xa37 Drivers/STM32G4xx_HAL_Driver/Src/stm32g4xx_hal_rcc.o
 .debug_line    0x000000000000cf92      0xbe1 Drivers/STM32G4xx_HAL_Driver/Src/stm32g4xx_hal_rcc_ex.o
 .debug_line    0x000000000000db73     0x2876 Drivers/STM32G4xx_HAL_Driver/Src/stm32g4xx_hal_tim.o
 .debug_line    0x00000000000103e9     0x189d Drivers/STM32G4xx_HAL_Driver/Src/stm32g4xx_hal_tim_ex.o
 .debug_line    0x0000000000011c86     0x13eb Drivers/STM32G4xx_HAL_Driver/Src/stm32g4xx_hal_uart.o
 .debug_line    0x0000000000013071      0x9c9 Drivers/STM32G4xx_HAL_Driver/Src/stm32g4xx_hal_uart_ex.o

.debug_str      0x0000000000000000    0xdce08
 .debug_str     0x0000000000000000    0xd23c2 Core/Src/control_table.o
                                      0xd2921 (size before relaxing)
 .debug_str     0x00000000000d23c2     0x2ff3 Core/Src/eeprom.o
                                      0xd49b9 (size before relaxing)
 .debug_str     0x00000000000d53b5      0x275 Core/Src/led.o
                                      0xd1b8e (size before relaxing)
 .debug_str     0x00000000000d562a     0x1693 Core/Src/main.o
                                      0xd4279 (size before relaxing)
 .debug_str     0x00000000000d6cbd      0x3e3 Core/Src/protocol.o
                                      0xd335a (size before relaxing)
 .debug_str     0x00000000000d70a0      0x282 Core/Src/serial.o
                                      0xd51df (size before relaxing)
 .debug_str     0x00000000000d7322       0xf3 Core/Src/stm32g4xx_hal_msp.o
                                      0xd2d0c (size before relaxing)
 .debug_str     0x00000000000d7415      0x13c Core/Src/stm32g4xx_it.o
                                      0xd25e5 (size before relaxing)
 .debug_str     0x00000000000d7551       0xc6 Core/Src/system_stm32g4xx.o
                                      0xd1ae5 (size before relaxing)
 .debug_str     0x00000000000d7617       0x36 Core/Startup/startup_stm32g431kbtx.o
                                         0x5d (size before relaxing)
 .debug_str     0x00000000000d764d      0x583 Drivers/STM32G4xx_HAL_Driver/Src/stm32g4xx_hal.o
                                      0xd25a3 (size before relaxing)
 .debug_str     0x00000000000d7bd0      0xa6c Drivers/STM32G4xx_HAL_Driver/Src/stm32g4xx_hal_adc.o
                                      0xd2a20 (size before relaxing)
 .debug_str     0x00000000000d863c      0x731 Drivers/STM32G4xx_HAL_Driver/Src/stm32g4xx_hal_adc_ex.o
                                      0xd29f4 (size before relaxing)
 .debug_str     0x00000000000d8d6d      0x389 Drivers/STM32G4xx_HAL_Driver/Src/stm32g4xx_hal_cortex.o
                                      0xd22ab (size before relaxing)
 .debug_str     0x00000000000d90f6      0x2ce Drivers/STM32G4xx_HAL_Driver/Src/stm32g4xx_hal_dma.o
                                      0xd1ea3 (size before relaxing)
 .debug_str     0x00000000000d93c4      0x266 Drivers/STM32G4xx_HAL_Driver/Src/stm32g4xx_hal_flash.o
                                      0xd1bd7 (size before relaxing)
 .debug_str     0x00000000000d962a      0x329 Drivers/STM32G4xx_HAL_Driver/Src/stm32g4xx_hal_flash_ex.o
                                      0xd1cfa (size before relaxing)
 .debug_str     0x00000000000d9953      0x205 Drivers/STM32G4xx_HAL_Driver/Src/stm32g4xx_hal_gpio.o
                                      0xd1d3e (size before relaxing)
 .debug_str     0x00000000000d9b58      0x323 Drivers/STM32G4xx_HAL_Driver/Src/stm32g4xx_hal_opamp.o
                                      0xd1fa3 (size before relaxing)
 .debug_str     0x00000000000d9e7b      0x4c2 Drivers/STM32G4xx_HAL_Driver/Src/stm32g4xx_hal_pwr_ex.o
                                      0xd1fc4 (size before relaxing)
 .debug_str     0x00000000000da33d      0x35e Drivers/STM32G4xx_HAL_Driver/Src/stm32g4xx_hal_rcc.o
                                      0xd204a (size before relaxing)
 .debug_str     0x00000000000da69b      0x3f2 Drivers/STM32G4xx_HAL_Driver/Src/stm32g4xx_hal_rcc_ex.o
                                      0xd2163 (size before relaxing)
 .debug_str     0x00000000000daa8d      0xdf5 Drivers/STM32G4xx_HAL_Driver/Src/stm32g4xx_hal_tim.o
                                      0xd2e86 (size before relaxing)
 .debug_str     0x00000000000db882      0xa2d Drivers/STM32G4xx_HAL_Driver/Src/stm32g4xx_hal_tim_ex.o
                                      0xd2b4a (size before relaxing)
 .debug_str     0x00000000000dc2af      0x8d3 Drivers/STM32G4xx_HAL_Driver/Src/stm32g4xx_hal_uart.o
                                      0xd289f (size before relaxing)
 .debug_str     0x00000000000dcb82      0x286 Drivers/STM32G4xx_HAL_Driver/Src/stm32g4xx_hal_uart_ex.o
                                      0xd20a2 (size before relaxing)

.comment        0x0000000000000000       0x7b
 .comment       0x0000000000000000       0x7b Core/Src/control_table.o
                                         0x7c (size before relaxing)
 .comment       0x000000000000007b       0x7c Core/Src/eeprom.o
 .comment       0x000000000000007b       0x7c Core/Src/led.o
 .comment       0x000000000000007b       0x7c Core/Src/main.o
 .comment       0x000000000000007b       0x7c Core/Src/protocol.o
 .comment       0x000000000000007b       0x7c Core/Src/serial.o
 .comment       0x000000000000007b       0x7c Core/Src/stm32g4xx_hal_msp.o
 .comment       0x000000000000007b       0x7c Core/Src/stm32g4xx_it.o
 .comment       0x000000000000007b       0x7c Core/Src/system_stm32g4xx.o
 .comment       0x000000000000007b       0x7c Drivers/STM32G4xx_HAL_Driver/Src/stm32g4xx_hal.o
 .comment       0x000000000000007b       0x7c Drivers/STM32G4xx_HAL_Driver/Src/stm32g4xx_hal_adc.o
 .comment       0x000000000000007b       0x7c Drivers/STM32G4xx_HAL_Driver/Src/stm32g4xx_hal_adc_ex.o
 .comment       0x000000000000007b       0x7c Drivers/STM32G4xx_HAL_Driver/Src/stm32g4xx_hal_cortex.o
 .comment       0x000000000000007b       0x7c Drivers/STM32G4xx_HAL_Driver/Src/stm32g4xx_hal_dma.o
 .comment       0x000000000000007b       0x7c Drivers/STM32G4xx_HAL_Driver/Src/stm32g4xx_hal_flash.o
 .comment       0x000000000000007b       0x7c Drivers/STM32G4xx_HAL_Driver/Src/stm32g4xx_hal_flash_ex.o
 .comment       0x000000000000007b       0x7c Drivers/STM32G4xx_HAL_Driver/Src/stm32g4xx_hal_gpio.o
 .comment       0x000000000000007b       0x7c Drivers/STM32G4xx_HAL_Driver/Src/stm32g4xx_hal_opamp.o
 .comment       0x000000000000007b       0x7c Drivers/STM32G4xx_HAL_Driver/Src/stm32g4xx_hal_pwr_ex.o
 .comment       0x000000000000007b       0x7c Drivers/STM32G4xx_HAL_Driver/Src/stm32g4xx_hal_rcc.o
 .comment       0x000000000000007b       0x7c Drivers/STM32G4xx_HAL_Driver/Src/stm32g4xx_hal_rcc_ex.o
 .comment       0x000000000000007b       0x7c Drivers/STM32G4xx_HAL_Driver/Src/stm32g4xx_hal_tim.o
 .comment       0x000000000000007b       0x7c Drivers/STM32G4xx_HAL_Driver/Src/stm32g4xx_hal_tim_ex.o
 .comment       0x000000000000007b       0x7c Drivers/STM32G4xx_HAL_Driver/Src/stm32g4xx_hal_uart.o
 .comment       0x000000000000007b       0x7c Drivers/STM32G4xx_HAL_Driver/Src/stm32g4xx_hal_uart_ex.o

.debug_frame    0x0000000000000000     0x641c
 .debug_frame   0x0000000000000000       0x84 Core/Src/control_table.o
 .debug_frame   0x0000000000000084       0x9c Core/Src/eeprom.o
 .debug_frame   0x0000000000000120      0x134 Core/Src/led.o
 .debug_frame   0x0000000000000254      0x15c Core/Src/main.o
 .debug_frame   0x00000000000003b0       0xac Core/Src/protocol.o
 .debug_frame   0x000000000000045c      0x1f8 Core/Src/serial.o
 .debug_frame   0x0000000000000654      0x178 Core/Src/stm32g4xx_hal_msp.o
 .debug_frame   0x00000000000007cc      0x1ac Core/Src/stm32g4xx_it.o
 .debug_frame   0x0000000000000978       0x58 Core/Src/system_stm32g4xx.o
 .debug_frame   0x00000000000009d0      0x4a0 Drivers/STM32G4xx_HAL_Driver/Src/stm32g4xx_hal.o
 .debug_frame   0x0000000000000e70      0xacc Drivers/STM32G4xx_HAL_Driver/Src/stm32g4xx_hal_adc.o
 .debug_frame   0x000000000000193c      0x81c Drivers/STM32G4xx_HAL_Driver/Src/stm32g4xx_hal_adc_ex.o
 .debug_frame   0x0000000000002158      0x498 Drivers/STM32G4xx_HAL_Driver/Src/stm32g4xx_hal_cortex.o
 .debug_frame   0x00000000000025f0      0x24c Drivers/STM32G4xx_HAL_Driver/Src/stm32g4xx_hal_dma.o
 .debug_frame   0x000000000000283c      0x21c Drivers/STM32G4xx_HAL_Driver/Src/stm32g4xx_hal_flash.o
 .debug_frame   0x0000000000002a58      0x344 Drivers/STM32G4xx_HAL_Driver/Src/stm32g4xx_hal_flash_ex.o
 .debug_frame   0x0000000000002d9c      0x14c Drivers/STM32G4xx_HAL_Driver/Src/stm32g4xx_hal_gpio.o
 .debug_frame   0x0000000000002ee8      0x1c0 Drivers/STM32G4xx_HAL_Driver/Src/stm32g4xx_hal_opamp.o
 .debug_frame   0x00000000000030a8      0x4fc Drivers/STM32G4xx_HAL_Driver/Src/stm32g4xx_hal_pwr_ex.o
 .debug_frame   0x00000000000035a4      0x23c Drivers/STM32G4xx_HAL_Driver/Src/stm32g4xx_hal_rcc.o
 .debug_frame   0x00000000000037e0      0x2ac Drivers/STM32G4xx_HAL_Driver/Src/stm32g4xx_hal_rcc_ex.o
 .debug_frame   0x0000000000003a8c     0x121c Drivers/STM32G4xx_HAL_Driver/Src/stm32g4xx_hal_tim.o
 .debug_frame   0x0000000000004ca8      0xa68 Drivers/STM32G4xx_HAL_Driver/Src/stm32g4xx_hal_tim_ex.o
 .debug_frame   0x0000000000005710      0xa0c Drivers/STM32G4xx_HAL_Driver/Src/stm32g4xx_hal_uart.o
 .debug_frame   0x000000000000611c      0x22c Drivers/STM32G4xx_HAL_Driver/Src/stm32g4xx_hal_uart_ex.o
 .debug_frame   0x0000000000006348       0x2c c:/st/stm32cubeide_1.4.0/stm32cubeide/plugins/com.st.stm32cube.ide.mcu.externaltools.gnu-tools-for-stm32.7-2018-q2-update.win32_1.5.0.202011040924/tools/bin/../lib/gcc/arm-none-eabi/7.3.1/../../../../arm-none-eabi/lib/thumb/v7e-m/fpv4-sp/hard\libc_nano.a(lib_a-init.o)
 .debug_frame   0x0000000000006374       0x28 c:/st/stm32cubeide_1.4.0/stm32cubeide/plugins/com.st.stm32cube.ide.mcu.externaltools.gnu-tools-for-stm32.7-2018-q2-update.win32_1.5.0.202011040924/tools/bin/../lib/gcc/arm-none-eabi/7.3.1/../../../../arm-none-eabi/lib/thumb/v7e-m/fpv4-sp/hard\libc_nano.a(lib_a-memcpy-stub.o)
 .debug_frame   0x000000000000639c       0x20 c:/st/stm32cubeide_1.4.0/stm32cubeide/plugins/com.st.stm32cube.ide.mcu.externaltools.gnu-tools-for-stm32.7-2018-q2-update.win32_1.5.0.202011040924/tools/bin/../lib/gcc/arm-none-eabi/7.3.1/../../../../arm-none-eabi/lib/thumb/v7e-m/fpv4-sp/hard\libc_nano.a(lib_a-memset.o)
 .debug_frame   0x00000000000063bc       0x2c c:/st/stm32cubeide_1.4.0/stm32cubeide/plugins/com.st.stm32cube.ide.mcu.externaltools.gnu-tools-for-stm32.7-2018-q2-update.win32_1.5.0.202011040924/tools/bin/../lib/gcc/arm-none-eabi/7.3.1/thumb/v7e-m/fpv4-sp/hard\libgcc.a(_aeabi_uldivmod.o)
 .debug_frame   0x00000000000063e8       0x34 c:/st/stm32cubeide_1.4.0/stm32cubeide/plugins/com.st.stm32cube.ide.mcu.externaltools.gnu-tools-for-stm32.7-2018-q2-update.win32_1.5.0.202011040924/tools/bin/../lib/gcc/arm-none-eabi/7.3.1/thumb/v7e-m/fpv4-sp/hard\libgcc.a(_udivmoddi4.o)