Archive member included to satisfy reference by file (symbol)

c:/st/stm32cubeide_1.4.0/stm32cubeide/plugins/com.st.stm32cube.ide.mcu.externaltools.gnu-tools-for-stm32.7-2018-q2-update.win32_1.5.0.202011040924/tools/bin/../lib/gcc/arm-none-eabi/7.3.1/../../../../arm-none-eabi/lib/thumb/v7e-m/fpv4-sp/hard\libc_nano.a(lib_a-errno.o)
                              Core/Src/syscalls.o (__errno)
c:/st/stm32cubeide_1.4.0/stm32cubeide/plugins/com.st.stm32cube.ide.mcu.externaltools.gnu-tools-for-stm32.7-2018-q2-update.win32_1.5.0.202011040924/tools/bin/../lib/gcc/arm-none-eabi/7.3.1/../../../../arm-none-eabi/lib/thumb/v7e-m/fpv4-sp/hard\libc_nano.a(lib_a-exit.o)
                              c:/st/stm32cubeide_1.4.0/stm32cubeide/plugins/com.st.stm32cube.ide.mcu.externaltools.gnu-tools-for-stm32.7-2018-q2-update.win32_1.5.0.202011040924/tools/bin/../lib/gcc/arm-none-eabi/7.3.1/../../../../arm-none-eabi/lib/thumb/v7e-m/fpv4-sp/hard/crt0.o (exit)
c:/st/stm32cubeide_1.4.0/stm32cubeide/plugins/com.st.stm32cube.ide.mcu.externaltools.gnu-tools-for-stm32.7-2018-q2-update.win32_1.5.0.202011040924/tools/bin/../lib/gcc/arm-none-eabi/7.3.1/../../../../arm-none-eabi/lib/thumb/v7e-m/fpv4-sp/hard\libc_nano.a(lib_a-impure.o)
                              c:/st/stm32cubeide_1.4.0/stm32cubeide/plugins/com.st.stm32cube.ide.mcu.externaltools.gnu-tools-for-stm32.7-2018-q2-update.win32_1.5.0.202011040924/tools/bin/../lib/gcc/arm-none-eabi/7.3.1/../../../../arm-none-eabi/lib/thumb/v7e-m/fpv4-sp/hard\libc_nano.a(lib_a-exit.o) (_global_impure_ptr)
c:/st/stm32cubeide_1.4.0/stm32cubeide/plugins/com.st.stm32cube.ide.mcu.externaltools.gnu-tools-for-stm32.7-2018-q2-update.win32_1.5.0.202011040924/tools/bin/../lib/gcc/arm-none-eabi/7.3.1/../../../../arm-none-eabi/lib/thumb/v7e-m/fpv4-sp/hard\libc_nano.a(lib_a-init.o)
                              c:/st/stm32cubeide_1.4.0/stm32cubeide/plugins/com.st.stm32cube.ide.mcu.externaltools.gnu-tools-for-stm32.7-2018-q2-update.win32_1.5.0.202011040924/tools/bin/../lib/gcc/arm-none-eabi/7.3.1/../../../../arm-none-eabi/lib/thumb/v7e-m/fpv4-sp/hard/crt0.o (__libc_init_array)
c:/st/stm32cubeide_1.4.0/stm32cubeide/plugins/com.st.stm32cube.ide.mcu.externaltools.gnu-tools-for-stm32.7-2018-q2-update.win32_1.5.0.202011040924/tools/bin/../lib/gcc/arm-none-eabi/7.3.1/../../../../arm-none-eabi/lib/thumb/v7e-m/fpv4-sp/hard\libc_nano.a(lib_a-memcpy-stub.o)
                              Core/Src/eeprom.o (memcpy)
c:/st/stm32cubeide_1.4.0/stm32cubeide/plugins/com.st.stm32cube.ide.mcu.externaltools.gnu-tools-for-stm32.7-2018-q2-update.win32_1.5.0.202011040924/tools/bin/../lib/gcc/arm-none-eabi/7.3.1/../../../../arm-none-eabi/lib/thumb/v7e-m/fpv4-sp/hard\libc_nano.a(lib_a-memset.o)
                              c:/st/stm32cubeide_1.4.0/stm32cubeide/plugins/com.st.stm32cube.ide.mcu.externaltools.gnu-tools-for-stm32.7-2018-q2-update.win32_1.5.0.202011040924/tools/bin/../lib/gcc/arm-none-eabi/7.3.1/../../../../arm-none-eabi/lib/thumb/v7e-m/fpv4-sp/hard/crt0.o (memset)
c:/st/stm32cubeide_1.4.0/stm32cubeide/plugins/com.st.stm32cube.ide.mcu.externaltools.gnu-tools-for-stm32.7-2018-q2-update.win32_1.5.0.202011040924/tools/bin/../lib/gcc/arm-none-eabi/7.3.1/../../../../arm-none-eabi/lib/thumb/v7e-m/fpv4-sp/hard\libm.a(lib_a-wf_sqrt.o)
                              Core/Src/control_algo.o (sqrtf)
c:/st/stm32cubeide_1.4.0/stm32cubeide/plugins/com.st.stm32cube.ide.mcu.externaltools.gnu-tools-for-stm32.7-2018-q2-update.win32_1.5.0.202011040924/tools/bin/../lib/gcc/arm-none-eabi/7.3.1/../../../../arm-none-eabi/lib/thumb/v7e-m/fpv4-sp/hard\libm.a(lib_a-ef_sqrt.o)
                              c:/st/stm32cubeide_1.4.0/stm32cubeide/plugins/com.st.stm32cube.ide.mcu.externaltools.gnu-tools-for-stm32.7-2018-q2-update.win32_1.5.0.202011040924/tools/bin/../lib/gcc/arm-none-eabi/7.3.1/../../../../arm-none-eabi/lib/thumb/v7e-m/fpv4-sp/hard\libm.a(lib_a-wf_sqrt.o) (__ieee754_sqrtf)
c:/st/stm32cubeide_1.4.0/stm32cubeide/plugins/com.st.stm32cube.ide.mcu.externaltools.gnu-tools-for-stm32.7-2018-q2-update.win32_1.5.0.202011040924/tools/bin/../lib/gcc/arm-none-eabi/7.3.1/../../../../arm-none-eabi/lib/thumb/v7e-m/fpv4-sp/hard\libm.a(lib_a-s_lib_ver.o)
                              c:/st/stm32cubeide_1.4.0/stm32cubeide/plugins/com.st.stm32cube.ide.mcu.externaltools.gnu-tools-for-stm32.7-2018-q2-update.win32_1.5.0.202011040924/tools/bin/../lib/gcc/arm-none-eabi/7.3.1/../../../../arm-none-eabi/lib/thumb/v7e-m/fpv4-sp/hard\libm.a(lib_a-wf_sqrt.o) (__fdlib_version)
c:/st/stm32cubeide_1.4.0/stm32cubeide/plugins/com.st.stm32cube.ide.mcu.externaltools.gnu-tools-for-stm32.7-2018-q2-update.win32_1.5.0.202011040924/tools/bin/../lib/gcc/arm-none-eabi/7.3.1/../../../../arm-none-eabi/lib/thumb/v7e-m/fpv4-sp/hard\libm.a(lib_a-s_matherr.o)
[...]
Memory Configuration

Name             Origin             Length             Attributes
RAM              0x0000000020000000 0x0000000000008000 xrw
FLASH            0x0000000008000000 0x0000000000020000 xr
*default*        0x0000000000000000 0xffffffffffffffff

Linker script and memory map

LOAD c:/st/stm32cubeide_1.4.0/stm32cubeide/plugins/com.st.stm32cube.ide.mcu.externaltools.gnu-tools-for-stm32.7-2018-q2-update.win32_1.5.0.202011040924/tools/bin/../lib/gcc/arm-none-eabi/7.3.1/thumb/v7e-m/fpv4-sp/hard/crti.o
LOAD c:/st/stm32cubeide_1.4.0/stm32cubeide/plugins/com.st.stm32cube.ide.mcu.externaltools.gnu-tools-for-stm32.7-2018-q2-update.win32_1.5.0.202011040924/tools/bin/../lib/gcc/arm-none-eabi/7.3.1/thumb/v7e-m/fpv4-sp/hard/crtbegin.o
LOAD c:/st/stm32cubeide_1.4.0/stm32cubeide/plugins/com.st.stm32cube.ide.mcu.externaltools.gnu-tools-for-stm32.7-2018-q2-update.win32_1.5.0.202011040924/tools/bin/../lib/gcc/arm-none-eabi/7.3.1/../../../../arm-none-eabi/lib/thumb/v7e-m/fpv4-sp/hard/crt0.o
LOAD Core/Src/control_algo.o
LOAD Core/Src/control_table.o
LOAD Core/Src/eeprom.o
LOAD Core/Src/led.o
LOAD Core/Src/main.o
LOAD Core/Src/math_tool.o
LOAD Core/Src/pic.o
LOAD Core/Src/protocol.o
LOAD Core/Src/serial.o
LOAD Core/Src/stm32g4xx_hal_msp.o
LOAD Core/Src/stm32g4xx_it.o
LOAD Core/Src/syscalls.o
LOAD Core/Src/sysmem.o
LOAD Core/Src/system_stm32g4xx.o
LOAD Core/Startup/startup_stm32g431kbtx.o
LOAD Drivers/STM32G4xx_HAL_Driver/Src/stm32g4xx_hal.o
LOAD Drivers/STM32G4xx_HAL_Driver/Src/stm32g4xx_hal_adc.o
LOAD Drivers/STM32G4xx_HAL_Driver/Src/stm32g4xx_hal_adc_ex.o
LOAD Drivers/STM32G4xx_HAL_Driver/Src/stm32g4xx_hal_cortex.o
LOAD Drivers/STM32G4xx_HAL_Driver/Src/stm32g4xx_hal_dma.o
LOAD Drivers/STM32G4xx_HAL_Driver/Src/stm32g4xx_hal_dma_ex.o
LOAD Drivers/STM32G4xx_HAL_Driver/Src/stm32g4xx_hal_exti.o
LOAD Drivers/STM32G4xx_HAL_Driver/Src/stm32g4xx_hal_flash.o
LOAD Drivers/STM32G4xx_HAL_Driver/Src/stm32g4xx_hal_flash_ex.o
LOAD Drivers/STM32G4xx_HAL_Driver/Src/stm32g4xx_hal_flash_ramfunc.o
LOAD Drivers/STM32G4xx_HAL_Driver/Src/stm32g4xx_hal_gpio.o
LOAD Drivers/STM32G4xx_HAL_Driver/Src/stm32g4xx_hal_opamp.o
LOAD Drivers/STM32G4xx_HAL_Driver/Src/stm32g4xx_hal_opamp_ex.o
LOAD Drivers/STM32G4xx_HAL_Driver/Src/stm32g4xx_hal_pwr.o
LOAD Drivers/STM32G4xx_HAL_Driver/Src/stm32g4xx_hal_pwr_ex.o
LOAD Drivers/STM32G4xx_HAL_Driver/Src/stm32g4xx_hal_rcc.o
LOAD Drivers/STM32G4xx_HAL_Driver/Src/stm32g4xx_hal_rcc_ex.o
LOAD Drivers/STM32G4xx_HAL_Driver/Src/stm32g4xx_hal_tim.o
LOAD Drivers/STM32G4xx_HAL_Driver/Src/stm32g4xx_hal_tim_ex.o
LOAD Drivers/STM32G4xx_HAL_Driver/Src/stm32g4xx_hal_uart.o
LOAD Drivers/STM32G4xx_HAL_Driver/Src/stm32g4xx_hal_uart_ex.o
LOAD Drivers/STM32G4xx_HAL_Driver/Src/stm32g4xx_ll_adc.o
START GROUP
LOAD c:/st/stm32cubeide_1.4.0/stm32cubeide/plugins/com.st.stm32cube.ide.mcu.externaltools.gnu-tools-for-stm32.7-2018-q2-update.win32_1.5.0.202011040924/tools/bin/../lib/gcc/arm-none-eabi/7.3.1/../../../../arm-none-eabi/lib/thumb/v7e-m/fpv4-sp/hard\libc_nano.a
LOAD c:/st/stm32cubeide_1.4.0/stm32cubeide/plugins/com.st.stm32cube.ide.mcu.externaltools.gnu-tools-for-stm32.7-2018-q2-update.win32_1.5.0.202011040924/tools/bin/../lib/gcc/arm-none-eabi/7.3.1/../../../../arm-none-eabi/lib/thumb/v7e-m/fpv4-sp/hard\libm.a
END GROUP
START GROUP
LOAD c:/st/stm32cubeide_1.4.0/stm32cubeide/plugins/com.st.stm32cube.ide.mcu.externaltools.gnu-tools-for-stm32.7-2018-q2-update.win32_1.5.0.202011040924/tools/bin/../lib/gcc/arm-none-eabi/7.3.1/thumb/v7e-m/fpv4-sp/hard\libgcc.a
LOAD c:/st/stm32cubeide_1.4.0/stm32cubeide/plugins/com.st.stm32cube.ide.mcu.externaltools.gnu-tools-for-stm32.7-2018-q2-update.win32_1.5.0.202011040924/tools/bin/../lib/gcc/arm-none-eabi/7.3.1/../../../../arm-none-eabi/lib/thumb/v7e-m/fpv4-sp/hard\libc_nano.a
END GROUP
START GROUP
LOAD c:/st/stm32cubeide_1.4.0/stm32cubeide/plugins/com.st.stm32cube.ide.mcu.externaltools.gnu-tools-for-stm32.7-2018-q2-update.win32_1.5.0.202011040924/tools/bin/../lib/gcc/arm-none-eabi/7.3.1/thumb/v7e-m/fpv4-sp/hard\libgcc.a
LOAD c:/st/stm32cubeide_1.4.0/stm32cubeide/plugins/com.st.stm32cube.ide.mcu.externaltools.gnu-tools-for-stm32.7-2018-q2-update.win32_1.5.0.202011040924/tools/bin/../lib/gcc/arm-none-eabi/7.3.1/../../../../arm-none-eabi/lib/thumb/v7e-m/fpv4-sp/hard\libc_nano.a
LOAD c:/st/stm32cubeide_1.4.0/stm32cubeide/plugins/com.st.stm32cube.ide.mcu.externaltools.gnu-tools-for-stm32.7-2018-q2-update.win32_1.5.0.202011040924/tools/bin/../lib/gcc/arm-none-eabi/7.3.1/../../../../arm-none-eabi/lib/thumb/v7e-m/fpv4-sp/hard\libnosys.a
END GROUP
START GROUP
LOAD c:/st/stm32cubeide_1.4.0/stm32cubeide/plugins/com.st.stm32cube.ide.mcu.externaltools.gnu-tools-for-stm32.7-2018-q2-update.win32_1.5.0.202011040924/tools/bin/../lib/gcc/arm-none-eabi/7.3.1/thumb/v7e-m/fpv4-sp/hard\libgcc.a
LOAD c:/st/stm32cubeide_1.4.0/stm32cubeide/plugins/com.st.stm32cube.ide.mcu.externaltools.gnu-tools-for-stm32.7-2018-q2-update.win32_1.5.0.202011040924/tools/bin/../lib/gcc/arm-none-eabi/7.3.1/../../../../arm-none-eabi/lib/thumb/v7e-m/fpv4-sp/hard\libc_nano.a
LOAD c:/st/stm32cubeide_1.4.0/stm32cubeide/plugins/com.st.stm32cube.ide.mcu.externaltools.gnu-tools-for-stm32.7-2018-q2-update.win32_1.5.0.202011040924/tools/bin/../lib/gcc/arm-none-eabi/7.3.1/../../../../arm-none-eabi/lib/thumb/v7e-m/fpv4-sp/hard\libnosys.a
END GROUP
LOAD c:/st/stm32cubeide_1.4.0/stm32cubeide/plugins/com.st.stm32cube.ide.mcu.externaltools.gnu-tools-for-stm32.7-2018-q2-update.win32_1.5.0.202011040924/tools/bin/../lib/gcc/arm-none-eabi/7.3.1/thumb/v7e-m/fpv4-sp/hard/crtend.o
LOAD c:/st/stm32cubeide_1.4.0/stm32cubeide/plugins/com.st.stm32cube.ide.mcu.externaltools.gnu-tools-for-stm32.7-2018-q2-update.win32_1.5.0.202011040924/tools/bin/../lib/gcc/arm-none-eabi/7.3.1/thumb/v7e-m/fpv4-sp/hard/crtn.o
                0x0000000020008000                _estack = (ORIGIN (RAM) + LENGTH (RAM))
                0x0000000000000200                _Min_Heap_Size = 0x200
                0x0000000000000400                _Min_Stack_Size = 0x400

.isr_vector     0x0000000008000000      0x1d8
                0x0000000008000000                . = ALIGN (0x4)
 *(.isr_vector)
 .isr_vector    0x0000000008000000      0x1d8 Core/Startup/startup_stm32g431kbtx.o
                0x0000000008000000                g_pfnVectors
                0x00000000080001d8                . = ALIGN (0x4)

.text           0x00000000080001d8     0xaaec
                0x00000000080001d8                . = ALIGN (0x4)
 *(.text)
 .text          0x00000000080001d8       0x40 c:/st/stm32cubeide_1.4.0/stm32cubeide/plugins/com.st.stm32cube.ide.mcu.externaltools.gnu-tools-for-stm32.7-2018-q2-update.win32_1.5.0.202011040924/tools/bin/../lib/gcc/arm-none-eabi/7.3.1/thumb/v7e-m/fpv4-sp/hard/crtbegin.o
 .text          0x0000000008000218      0x378 c:/st/stm32cubeide_1.4.0/stm32cubeide/plugins/com.st.stm32cube.ide.mcu.externaltools.gnu-tools-for-stm32.7-2018-q2-update.win32_1.5.0.202011040924/tools/bin/../lib/gcc/arm-none-eabi/7.3.1/thumb/v7e-m/fpv4-sp/hard\libgcc.a(_arm_addsubdf3.o)
                0x0000000008000218                __aeabi_drsub
                0x0000000008000220                __aeabi_dsub
                0x0000000008000220                __subdf3
                0x0000000008000224                __aeabi_dadd
                0x0000000008000224                __adddf3
                0x000000000800049c                __floatunsidf
                0x000000000800049c                __aeabi_ui2d
                0x00000000080004bc                __floatsidf
                0x00000000080004bc                __aeabi_i2d
                0x00000000080004e0                __aeabi_f2d
                0x00000000080004e0                __extendsfdf2
                0x0000000008000524                __floatundidf
                0x0000000008000524                __aeabi_ul2d
                0x0000000008000534                __floatdidf
                0x0000000008000534                __aeabi_l2d
 .text          0x0000000008000590      0x424 c:/st/stm32cubeide_1.4.0/stm32cubeide/plugins/com.st.stm32cube.ide.mcu.externaltools.gnu-tools-for-stm32.7-2018-q2-update.win32_1.5.0.202011040924/tools/bin/../lib/gcc/arm-none-eabi/7.3.1/thumb/v7e-m/fpv4-sp/hard\libgcc.a(_arm_muldivdf3.o)
                0x0000000008000590                __aeabi_dmul
                0x0000000008000590                __muldf3
                0x00000000080007e4                __divdf3
                0x00000000080007e4                __aeabi_ddiv
 .text          0x00000000080009b4       0xa0 c:/st/stm32cubeide_1.4.0/stm32cubeide/plugins/com.st.stm32cube.ide.mcu.externaltools.gnu-tools-for-stm32.7-2018-q2-update.win32_1.5.0.202011040924/tools/bin/../lib/gcc/arm-none-eabi/7.3.1/thumb/v7e-m/fpv4-sp/hard\libgcc.a(_arm_truncdfsf2.o)
                0x00000000080009b4                __truncdfsf2
                0x00000000080009b4                __aeabi_d2f
 .text          0x0000000008000a54       0x30 c:/st/stm32cubeide_1.4.0/stm32cubeide/plugins/com.st.stm32cube.ide.mcu.externaltools.gnu-tools-for-stm32.7-2018-q2-update.win32_1.5.0.202011040924/tools/bin/../lib/gcc/arm-none-eabi/7.3.1/thumb/v7e-m/fpv4-sp/hard\libgcc.a(_aeabi_uldivmod.o)
                0x0000000008000a54                __aeabi_uldivmod
 .text          0x0000000008000a84      0x2cc c:/st/stm32cubeide_1.4.0/stm32cubeide/plugins/com.st.stm32cube.ide.mcu.externaltools.gnu-tools-for-stm32.7-2018-q2-update.win32_1.5.0.202011040924/tools/bin/../lib/gcc/arm-none-eabi/7.3.1/thumb/v7e-m/fpv4-sp/hard\libgcc.a(_udivmoddi4.o)
                0x0000000008000a84                __udivmoddi4
 .text          0x0000000008000d50        0x4 c:/st/stm32cubeide_1.4.0/stm32cubeide/plugins/com.st.stm32cube.ide.mcu.externaltools.gnu-tools-for-stm32.7-2018-q2-update.win32_1.5.0.202011040924/tools/bin/../lib/gcc/arm-none-eabi/7.3.1/thumb/v7e-m/fpv4-sp/hard\libgcc.a(_dvmd_tls.o)
                0x0000000008000d50                __aeabi_idiv0
                0x0000000008000d50                __aeabi_ldiv0
 *(.text*)
 .text.scale_all_sensors
                0x0000000008000d54      0x174 Core/Src/control_algo.o
                0x0000000008000d54                scale_all_sensors
 .text.APP_Control_Reset
                0x0000000008000ec8       0xd0 Core/Src/control_algo.o
                0x0000000008000ec8                APP_Control_Reset
 .text.APP_Control_Init
                0x0000000008000f98       0xb4 Core/Src/control_algo.o
                0x0000000008000f98                APP_Control_Init
 .text.APP_Control_Process
                0x000000000800104c     0x1248 Core/Src/control_algo.o
                0x000000000800104c                APP_Control_Process
 .text.HAL_ADC_ConvCpltCallback
                0x0000000008002294      0x12c Core/Src/control_algo.o
                0x0000000008002294                HAL_ADC_ConvCpltCallback
 .text.factory_reset_eeprom_regs
                0x00000000080023c0      0x188 Core/Src/control_table.o
                0x00000000080023c0                factory_reset_eeprom_regs
 .text.load_eeprom_regs
                0x0000000008002548       0x14 Core/Src/control_table.o
                0x0000000008002548                load_eeprom_regs
 .text.store_eeprom_regs
                0x000000000800255c       0x14 Core/Src/control_table.o
                0x000000000800255c                store_eeprom_regs
 .text.reset_ram_regs
                0x0000000008002570      0x144 Core/Src/control_table.o
                0x0000000008002570                reset_ram_regs
 .text.eeprom_empty
                0x00000000080026b4       0x24 Core/Src/eeprom.o
                0x00000000080026b4                eeprom_empty
 .text.eeprom_restore
                0x00000000080026d8       0x24 Core/Src/eeprom.o
                0x00000000080026d8                eeprom_restore
 *fill*         0x00000000080026fc        0x4 
 .text.eeprom_store
                0x0000000008002700       0xdc Core/Src/eeprom.o
                0x0000000008002700                eeprom_store
 .text.stop_blinking
                0x00000000080027dc       0x4c Core/Src/led.o
                0x00000000080027dc                stop_blinking
 .text.HAL_Led_Init
                0x0000000008002828       0x3a Core/Src/led.o
                0x0000000008002828                HAL_Led_Init
 *fill*         0x0000000008002862        0x2 
 .text.HAL_Led_Process
                0x0000000008002864       0xe8 Core/Src/led.o
                0x0000000008002864                HAL_Led_Process
 .text.HAL_Led_Set
                0x000000000800294c       0x26 Core/Src/led.o
                0x000000000800294c                HAL_Led_Set
 .text.HAL_Led_Reset
                0x0000000008002972       0x26 Core/Src/led.o
                0x0000000008002972                HAL_Led_Reset
 .text.HAL_Led_Blink
                0x0000000008002998       0x7c Core/Src/led.o
                0x0000000008002998                HAL_Led_Blink
 .text.main     0x0000000008002a14       0xe4 Core/Src/main.o
                0x0000000008002a14                main
 .text.SystemClock_Config
                0x0000000008002af8       0xd2 Core/Src/main.o
                0x0000000008002af8                SystemClock_Config
 *fill*         0x0000000008002bca        0x2 
 .text.MX_ADC1_Init
                0x0000000008002bcc      0x134 Core/Src/main.o
 .text.MX_OPAMP1_Init
                0x0000000008002d00       0x5c Core/Src/main.o
 .text.MX_TIM4_Init
                0x0000000008002d5c      0x108 Core/Src/main.o
 .text.MX_TIM15_Init
                0x0000000008002e64       0xa4 Core/Src/main.o
 .text.MX_USART2_UART_Init
                0x0000000008002f08       0x9c Core/Src/main.o
 .text.MX_DMA_Init
                0x0000000008002fa4       0x74 Core/Src/main.o
 .text.MX_GPIO_Init
                0x0000000008003018       0xfc Core/Src/main.o
 .text.Error_Handler
                0x0000000008003114        0x8 Core/Src/main.o
                0x0000000008003114                Error_Handler
 .text.fconstrain
                0x000000000800311c       0x52 Core/Src/math_tool.o
                0x000000000800311c                fconstrain
 .text.fmap     0x000000000800316e       0x8c Core/Src/math_tool.o
                0x000000000800316e                fmap
 .text.pid_reset
                0x00000000080031fa       0x2c Core/Src/pic.o
                0x00000000080031fa                pid_reset
 .text.pid_process_antiwindup_clamp_with_ff
                0x0000000008003226      0x15c Core/Src/pic.o
                0x0000000008003226                pid_process_antiwindup_clamp_with_ff
 .text.pid_process_antiwindup_clamp
                0x0000000008003382      0x150 Core/Src/pic.o
                0x0000000008003382                pid_process_antiwindup_clamp
 *fill*         0x00000000080034d2        0x2 
 .text.updateCRC
                0x00000000080034d4       0x64 Core/Src/protocol.o
                0x00000000080034d4                updateCRC
 .text.packet_encapsulate
                0x0000000008003538       0x90 Core/Src/protocol.o
                0x0000000008003538                packet_encapsulate
 .text.instruction_handler
                0x00000000080035c8      0x2ec Core/Src/protocol.o
                0x00000000080035c8                instruction_handler
 .text.packet_handler
                0x00000000080038b4      0x23c Core/Src/protocol.o
                0x00000000080038b4                packet_handler
 .text.HAL_UART_ErrorCallback
                0x0000000008003af0       0x98 Core/Src/serial.o
                0x0000000008003af0                HAL_UART_ErrorCallback
 .text.HAL_Serial_Init_Half_Duplex
                0x0000000008003b88      0x12c Core/Src/serial.o
                0x0000000008003b88                HAL_Serial_Init_Half_Duplex
 .text.HAL_Serial_Available
                0x0000000008003cb4       0x60 Core/Src/serial.o
                0x0000000008003cb4                HAL_Serial_Available
 .text.HAL_Serial_GetChar
                0x0000000008003d14       0xa0 Core/Src/serial.o
                0x0000000008003d14                HAL_Serial_GetChar
 .text.HAL_Serial_Write
                0x0000000008003db4      0x156 Core/Src/serial.o
                0x0000000008003db4                HAL_Serial_Write
 *fill*         0x0000000008003f0a        0x2 
 .text.HAL_UART_TxCpltCallback
                0x0000000008003f0c      0x1dc Core/Src/serial.o
                0x0000000008003f0c                HAL_UART_TxCpltCallback
 .text.HAL_MspInit
                0x00000000080040e8       0x48 Core/Src/stm32g4xx_hal_msp.o
                0x00000000080040e8                HAL_MspInit
 .text.HAL_ADC_MspInit
                0x0000000008004130      0x11c Core/Src/stm32g4xx_hal_msp.o
                0x0000000008004130                HAL_ADC_MspInit
 .text.HAL_OPAMP_MspInit
                0x000000000800424c       0x64 Core/Src/stm32g4xx_hal_msp.o
                0x000000000800424c                HAL_OPAMP_MspInit
 .text.HAL_TIM_Base_MspInit
                0x00000000080042b0       0x74 Core/Src/stm32g4xx_hal_msp.o
                0x00000000080042b0                HAL_TIM_Base_MspInit
 .text.HAL_TIM_MspPostInit
                0x0000000008004324       0x70 Core/Src/stm32g4xx_hal_msp.o
                0x0000000008004324                HAL_TIM_MspPostInit
 .text.HAL_UART_MspInit
                0x0000000008004394      0x188 Core/Src/stm32g4xx_hal_msp.o
                0x0000000008004394                HAL_UART_MspInit
 .text.NMI_Handler
                0x000000000800451c        0x6 Core/Src/stm32g4xx_it.o
                0x000000000800451c                NMI_Handler
 .text.HardFault_Handler
                0x0000000008004522        0x6 Core/Src/stm32g4xx_it.o
                0x0000000008004522                HardFault_Handler
 .text.MemManage_Handler
                0x0000000008004528        0x6 Core/Src/stm32g4xx_it.o
                0x0000000008004528                MemManage_Handler
 .text.BusFault_Handler
                0x000000000800452e        0x6 Core/Src/stm32g4xx_it.o
                0x000000000800452e                BusFault_Handler
 .text.UsageFault_Handler
                0x0000000008004534        0x6 Core/Src/stm32g4xx_it.o
                0x0000000008004534                UsageFault_Handler
 .text.SVC_Handler
                0x000000000800453a        0xe Core/Src/stm32g4xx_it.o
                0x000000000800453a                SVC_Handler
 .text.DebugMon_Handler
                0x0000000008004548        0xe Core/Src/stm32g4xx_it.o
                0x0000000008004548                DebugMon_Handler
 .text.PendSV_Handler
                0x0000000008004556        0xe Core/Src/stm32g4xx_it.o
                0x0000000008004556                PendSV_Handler
 .text.SysTick_Handler
                0x0000000008004564        0xc Core/Src/stm32g4xx_it.o
                0x0000000008004564                SysTick_Handler
 .text.DMA1_Channel1_IRQHandler
                0x0000000008004570       0x14 Core/Src/stm32g4xx_it.o
                0x0000000008004570                DMA1_Channel1_IRQHandler
 .text.DMA1_Channel2_IRQHandler
                0x0000000008004584       0x14 Core/Src/stm32g4xx_it.o
                0x0000000008004584                DMA1_Channel2_IRQHandler
 .text.DMA1_Channel3_IRQHandler
                0x0000000008004598       0x14 Core/Src/stm32g4xx_it.o
                0x0000000008004598                DMA1_Channel3_IRQHandler
 .text.ADC1_2_IRQHandler
                0x00000000080045ac       0x14 Core/Src/stm32g4xx_it.o
                0x00000000080045ac                ADC1_2_IRQHandler
 .text.TIM4_IRQHandler
                0x00000000080045c0       0x14 Core/Src/stm32g4xx_it.o
                0x00000000080045c0                TIM4_IRQHandler
 .text.USART2_IRQHandler
                0x00000000080045d4       0x14 Core/Src/stm32g4xx_it.o
                0x00000000080045d4                USART2_IRQHandler
 .text.SystemInit
                0x00000000080045e8       0x2c Core/Src/system_stm32g4xx.o
                0x00000000080045e8                SystemInit
 .text.Reset_Handler
                0x0000000008004614       0x50 Core/Startup/startup_stm32g431kbtx.o
                0x0000000008004614                Reset_Handler
 .text.Default_Handler
                0x0000000008004664        0x2 Core/Startup/startup_stm32g431kbtx.o
                0x0000000008004664                RTC_Alarm_IRQHandler
                0x0000000008004664                EXTI2_IRQHandler
                0x0000000008004664                TIM8_TRG_COM_IRQHandler
                0x0000000008004664                TIM8_CC_IRQHandler
                0x0000000008004664                TIM1_CC_IRQHandler
                0x0000000008004664                USB_HP_IRQHandler
                0x0000000008004664                CORDIC_IRQHandler
                0x0000000008004664                EXTI3_IRQHandler
                0x0000000008004664                I2C3_ER_IRQHandler
                0x0000000008004664                EXTI0_IRQHandler
                0x0000000008004664                I2C2_EV_IRQHandler
                0x0000000008004664                FPU_IRQHandler
                0x0000000008004664                FDCAN1_IT1_IRQHandler
                0x0000000008004664                TIM1_UP_TIM16_IRQHandler
                0x0000000008004664                SPI1_IRQHandler
                0x0000000008004664                TIM6_DAC_IRQHandler
                0x0000000008004664                TIM8_UP_IRQHandler
                0x0000000008004664                DMA2_Channel2_IRQHandler
                0x0000000008004664                DMA1_Channel4_IRQHandler
                0x0000000008004664                USART3_IRQHandler
                0x0000000008004664                DMA2_Channel1_IRQHandler
                0x0000000008004664                I2C1_EV_IRQHandler
                0x0000000008004664                DMA1_Channel6_IRQHandler
                0x0000000008004664                UART4_IRQHandler
                0x0000000008004664                DMA2_Channel4_IRQHandler
                0x0000000008004664                TIM3_IRQHandler
                0x0000000008004664                RCC_IRQHandler
                0x0000000008004664                Default_Handler
                0x0000000008004664                RTC_TAMP_LSECSS_IRQHandler
                0x0000000008004664                FMAC_IRQHandler
                0x0000000008004664                EXTI15_10_IRQHandler
                0x0000000008004664                TIM7_IRQHandler
                0x0000000008004664                UCPD1_IRQHandler
                0x0000000008004664                I2C3_EV_IRQHandler
                0x0000000008004664                EXTI9_5_IRQHandler
                0x0000000008004664                RTC_WKUP_IRQHandler
                0x0000000008004664                PVD_PVM_IRQHandler
                0x0000000008004664                SPI2_IRQHandler
                0x0000000008004664                DMA2_Channel5_IRQHandler
                0x0000000008004664                CRS_IRQHandler
                0x0000000008004664                DMA1_Channel5_IRQHandler
                0x0000000008004664                USB_LP_IRQHandler
                0x0000000008004664                EXTI4_IRQHandler
                0x0000000008004664                RNG_IRQHandler
                0x0000000008004664                TIM1_TRG_COM_TIM17_IRQHandler
                0x0000000008004664                WWDG_IRQHandler
                0x0000000008004664                LPUART1_IRQHandler
                0x0000000008004664                DMA2_Channel6_IRQHandler
                0x0000000008004664                FDCAN1_IT0_IRQHandler
                0x0000000008004664                TIM2_IRQHandler
                0x0000000008004664                COMP1_2_3_IRQHandler
                0x0000000008004664                EXTI1_IRQHandler
                0x0000000008004664                I2C2_ER_IRQHandler
                0x0000000008004664                TIM8_BRK_IRQHandler
                0x0000000008004664                FLASH_IRQHandler
                0x0000000008004664                USART1_IRQHandler
                0x0000000008004664                SPI3_IRQHandler
                0x0000000008004664                I2C1_ER_IRQHandler
                0x0000000008004664                LPTIM1_IRQHandler
                0x0000000008004664                DMAMUX_OVR_IRQHandler
                0x0000000008004664                USBWakeUp_IRQHandler
                0x0000000008004664                SAI1_IRQHandler
                0x0000000008004664                DMA2_Channel3_IRQHandler
                0x0000000008004664                COMP4_IRQHandler
                0x0000000008004664                TIM1_BRK_TIM15_IRQHandler
 .text.HAL_Init
                0x0000000008004666       0x30 Drivers/STM32G4xx_HAL_Driver/Src/stm32g4xx_hal.o
                0x0000000008004666                HAL_Init
 *fill*         0x0000000008004696        0x2 
 .text.HAL_InitTick
                0x0000000008004698       0x74 Drivers/STM32G4xx_HAL_Driver/Src/stm32g4xx_hal.o
                0x0000000008004698                HAL_InitTick
 .text.HAL_IncTick
                0x000000000800470c       0x24 Drivers/STM32G4xx_HAL_Driver/Src/stm32g4xx_hal.o
                0x000000000800470c                HAL_IncTick
 .text.HAL_GetTick
                0x0000000008004730       0x18 Drivers/STM32G4xx_HAL_Driver/Src/stm32g4xx_hal.o
                0x0000000008004730                HAL_GetTick
 .text.HAL_Delay
                0x0000000008004748       0x44 Drivers/STM32G4xx_HAL_Driver/Src/stm32g4xx_hal.o
                0x0000000008004748                HAL_Delay
 .text.LL_ADC_SetCommonClock
                0x000000000800478c       0x26 Drivers/STM32G4xx_HAL_Driver/Src/stm32g4xx_hal_adc.o
 .text.LL_ADC_SetCommonPathInternalCh
                0x00000000080047b2       0x26 Drivers/STM32G4xx_HAL_Driver/Src/stm32g4xx_hal_adc.o
 .text.LL_ADC_GetCommonPathInternalCh
                0x00000000080047d8       0x1c Drivers/STM32G4xx_HAL_Driver/Src/stm32g4xx_hal_adc.o
 .text.LL_ADC_SetOffset
                0x00000000080047f4       0x48 Drivers/STM32G4xx_HAL_Driver/Src/stm32g4xx_hal_adc.o
 .text.LL_ADC_GetOffsetChannel
                0x000000000800483c       0x2c Drivers/STM32G4xx_HAL_Driver/Src/stm32g4xx_hal_adc.o
 .text.LL_ADC_SetOffsetState
                0x0000000008004868       0x36 Drivers/STM32G4xx_HAL_Driver/Src/stm32g4xx_hal_adc.o
 .text.LL_ADC_SetOffsetSign
                0x000000000800489e       0x36 Drivers/STM32G4xx_HAL_Driver/Src/stm32g4xx_hal_adc.o
 .text.LL_ADC_SetOffsetSaturation
                0x00000000080048d4       0x36 Drivers/STM32G4xx_HAL_Driver/Src/stm32g4xx_hal_adc.o
 .text.LL_ADC_SetSamplingTimeCommonConfig
                0x000000000800490a       0x26 Drivers/STM32G4xx_HAL_Driver/Src/stm32g4xx_hal_adc.o
 .text.LL_ADC_REG_IsTriggerSourceSWStart
                0x0000000008004930       0x26 Drivers/STM32G4xx_HAL_Driver/Src/stm32g4xx_hal_adc.o
 .text.LL_ADC_REG_SetSequencerRanks
                0x0000000008004956       0x58 Drivers/STM32G4xx_HAL_Driver/Src/stm32g4xx_hal_adc.o
 .text.LL_ADC_INJ_IsTriggerSourceSWStart
                0x00000000080049ae       0x26 Drivers/STM32G4xx_HAL_Driver/Src/stm32g4xx_hal_adc.o
 .text.LL_ADC_SetChannelSamplingTime
                0x00000000080049d4       0x56 Drivers/STM32G4xx_HAL_Driver/Src/stm32g4xx_hal_adc.o
 *fill*         0x0000000008004a2a        0x2 
 .text.LL_ADC_SetChannelSingleDiff
                0x0000000008004a2c       0x48 Drivers/STM32G4xx_HAL_Driver/Src/stm32g4xx_hal_adc.o
 .text.LL_ADC_GetMultimode
                0x0000000008004a74       0x1c Drivers/STM32G4xx_HAL_Driver/Src/stm32g4xx_hal_adc.o
 .text.LL_ADC_GetMultiDMATransfer
                0x0000000008004a90       0x1c Drivers/STM32G4xx_HAL_Driver/Src/stm32g4xx_hal_adc.o
 .text.LL_ADC_DisableDeepPowerDown
                0x0000000008004aac       0x24 Drivers/STM32G4xx_HAL_Driver/Src/stm32g4xx_hal_adc.o
 .text.LL_ADC_IsDeepPowerDownEnabled
                0x0000000008004ad0       0x28 Drivers/STM32G4xx_HAL_Driver/Src/stm32g4xx_hal_adc.o
 .text.LL_ADC_EnableInternalRegulator
                0x0000000008004af8       0x28 Drivers/STM32G4xx_HAL_Driver/Src/stm32g4xx_hal_adc.o
 .text.LL_ADC_IsInternalRegulatorEnabled
                0x0000000008004b20       0x28 Drivers/STM32G4xx_HAL_Driver/Src/stm32g4xx_hal_adc.o
 .text.LL_ADC_Enable
                0x0000000008004b48       0x28 Drivers/STM32G4xx_HAL_Driver/Src/stm32g4xx_hal_adc.o
 .text.LL_ADC_IsEnabled
                0x0000000008004b70       0x26 Drivers/STM32G4xx_HAL_Driver/Src/stm32g4xx_hal_adc.o
 .text.LL_ADC_REG_StartConversion
                0x0000000008004b96       0x28 Drivers/STM32G4xx_HAL_Driver/Src/stm32g4xx_hal_adc.o
 .text.LL_ADC_REG_IsConversionOngoing
                0x0000000008004bbe       0x26 Drivers/STM32G4xx_HAL_Driver/Src/stm32g4xx_hal_adc.o
 .text.LL_ADC_INJ_IsConversionOngoing
                0x0000000008004be4       0x26 Drivers/STM32G4xx_HAL_Driver/Src/stm32g4xx_hal_adc.o
 *fill*         0x0000000008004c0a        0x2 
 .text.HAL_ADC_Init
                0x0000000008004c0c      0x310 Drivers/STM32G4xx_HAL_Driver/Src/stm32g4xx_hal_adc.o
                0x0000000008004c0c                HAL_ADC_Init
 .text.HAL_ADC_Start_DMA
                0x0000000008004f1c      0x168 Drivers/STM32G4xx_HAL_Driver/Src/stm32g4xx_hal_adc.o
                0x0000000008004f1c                HAL_ADC_Start_DMA
 .text.HAL_ADC_IRQHandler
                0x0000000008005084      0x434 Drivers/STM32G4xx_HAL_Driver/Src/stm32g4xx_hal_adc.o
                0x0000000008005084                HAL_ADC_IRQHandler
 .text.HAL_ADC_ConvHalfCpltCallback
                0x00000000080054b8       0x14 Drivers/STM32G4xx_HAL_Driver/Src/stm32g4xx_hal_adc.o
                0x00000000080054b8                HAL_ADC_ConvHalfCpltCallback
 .text.HAL_ADC_LevelOutOfWindowCallback
                0x00000000080054cc       0x14 Drivers/STM32G4xx_HAL_Driver/Src/stm32g4xx_hal_adc.o
                0x00000000080054cc                HAL_ADC_LevelOutOfWindowCallback
 .text.HAL_ADC_ErrorCallback
                0x00000000080054e0       0x14 Drivers/STM32G4xx_HAL_Driver/Src/stm32g4xx_hal_adc.o
                0x00000000080054e0                HAL_ADC_ErrorCallback
 .text.HAL_ADC_ConfigChannel
                0x00000000080054f4      0x7e0 Drivers/STM32G4xx_HAL_Driver/Src/stm32g4xx_hal_adc.o
                0x00000000080054f4                HAL_ADC_ConfigChannel
 .text.ADC_Enable
                0x0000000008005cd4       0xb4 Drivers/STM32G4xx_HAL_Driver/Src/stm32g4xx_hal_adc.o
                0x0000000008005cd4                ADC_Enable
 .text.ADC_DMAConvCplt
                0x0000000008005d88       0xd8 Drivers/STM32G4xx_HAL_Driver/Src/stm32g4xx_hal_adc.o
                0x0000000008005d88                ADC_DMAConvCplt
 .text.ADC_DMAHalfConvCplt
                0x0000000008005e60       0x1c Drivers/STM32G4xx_HAL_Driver/Src/stm32g4xx_hal_adc.o
                0x0000000008005e60                ADC_DMAHalfConvCplt
 .text.ADC_DMAError
                0x0000000008005e7c       0x34 Drivers/STM32G4xx_HAL_Driver/Src/stm32g4xx_hal_adc.o
                0x0000000008005e7c                ADC_DMAError
 .text.LL_ADC_IsEnabled
                0x0000000008005eb0       0x26 Drivers/STM32G4xx_HAL_Driver/Src/stm32g4xx_hal_adc_ex.o
 .text.LL_ADC_REG_IsConversionOngoing
                0x0000000008005ed6       0x26 Drivers/STM32G4xx_HAL_Driver/Src/stm32g4xx_hal_adc_ex.o
 .text.HAL_ADCEx_InjectedConvCpltCallback
                0x0000000008005efc       0x14 Drivers/STM32G4xx_HAL_Driver/Src/stm32g4xx_hal_adc_ex.o
                0x0000000008005efc                HAL_ADCEx_InjectedConvCpltCallback
 .text.HAL_ADCEx_InjectedQueueOverflowCallback
                0x0000000008005f10       0x14 Drivers/STM32G4xx_HAL_Driver/Src/stm32g4xx_hal_adc_ex.o
                0x0000000008005f10                HAL_ADCEx_InjectedQueueOverflowCallback
 .text.HAL_ADCEx_LevelOutOfWindow2Callback
                0x0000000008005f24       0x14 Drivers/STM32G4xx_HAL_Driver/Src/stm32g4xx_hal_adc_ex.o
                0x0000000008005f24                HAL_ADCEx_LevelOutOfWindow2Callback
 .text.HAL_ADCEx_LevelOutOfWindow3Callback
                0x0000000008005f38       0x14 Drivers/STM32G4xx_HAL_Driver/Src/stm32g4xx_hal_adc_ex.o
                0x0000000008005f38                HAL_ADCEx_LevelOutOfWindow3Callback
 .text.HAL_ADCEx_EndOfSamplingCallback
                0x0000000008005f4c       0x14 Drivers/STM32G4xx_HAL_Driver/Src/stm32g4xx_hal_adc_ex.o
                0x0000000008005f4c                HAL_ADCEx_EndOfSamplingCallback
 .text.HAL_ADCEx_MultiModeConfigChannel
                0x0000000008005f60      0x140 Drivers/STM32G4xx_HAL_Driver/Src/stm32g4xx_hal_adc_ex.o
                0x0000000008005f60                HAL_ADCEx_MultiModeConfigChannel
 .text.__NVIC_SetPriorityGrouping
                0x00000000080060a0       0x48 Drivers/STM32G4xx_HAL_Driver/Src/stm32g4xx_hal_cortex.o
 .text.__NVIC_GetPriorityGrouping
                0x00000000080060e8       0x1c Drivers/STM32G4xx_HAL_Driver/Src/stm32g4xx_hal_cortex.o
 .text.__NVIC_EnableIRQ
                0x0000000008006104       0x3c Drivers/STM32G4xx_HAL_Driver/Src/stm32g4xx_hal_cortex.o
 .text.__NVIC_SetPriority
                0x0000000008006140       0x54 Drivers/STM32G4xx_HAL_Driver/Src/stm32g4xx_hal_cortex.o
 .text.NVIC_EncodePriority
                0x0000000008006194       0x66 Drivers/STM32G4xx_HAL_Driver/Src/stm32g4xx_hal_cortex.o
 *fill*         0x00000000080061fa        0x2 
 .text.__NVIC_SystemReset
                0x00000000080061fc       0x28 Drivers/STM32G4xx_HAL_Driver/Src/stm32g4xx_hal_cortex.o
 .text.SysTick_Config
                0x0000000008006224       0x44 Drivers/STM32G4xx_HAL_Driver/Src/stm32g4xx_hal_cortex.o
 .text.HAL_NVIC_SetPriorityGrouping
                0x0000000008006268       0x16 Drivers/STM32G4xx_HAL_Driver/Src/stm32g4xx_hal_cortex.o
                0x0000000008006268                HAL_NVIC_SetPriorityGrouping
 .text.HAL_NVIC_SetPriority
                0x000000000800627e       0x34 Drivers/STM32G4xx_HAL_Driver/Src/stm32g4xx_hal_cortex.o
                0x000000000800627e                HAL_NVIC_SetPriority
 .text.HAL_NVIC_EnableIRQ
                0x00000000080062b2       0x1c Drivers/STM32G4xx_HAL_Driver/Src/stm32g4xx_hal_cortex.o
                0x00000000080062b2                HAL_NVIC_EnableIRQ
 .text.HAL_NVIC_SystemReset
                0x00000000080062ce        0x8 Drivers/STM32G4xx_HAL_Driver/Src/stm32g4xx_hal_cortex.o
                0x00000000080062ce                HAL_NVIC_SystemReset
 .text.HAL_SYSTICK_Config
                0x00000000080062d6       0x18 Drivers/STM32G4xx_HAL_Driver/Src/stm32g4xx_hal_cortex.o
                0x00000000080062d6                HAL_SYSTICK_Config
 *fill*         0x00000000080062ee        0x2 
 .text.HAL_DMA_Init
                0x00000000080062f0      0x150 Drivers/STM32G4xx_HAL_Driver/Src/stm32g4xx_hal_dma.o
                0x00000000080062f0                HAL_DMA_Init
 .text.HAL_DMA_Start_IT
                0x0000000008006440       0xf6 Drivers/STM32G4xx_HAL_Driver/Src/stm32g4xx_hal_dma.o
                0x0000000008006440                HAL_DMA_Start_IT
 .text.HAL_DMA_Abort_IT
                0x0000000008006536       0xce Drivers/STM32G4xx_HAL_Driver/Src/stm32g4xx_hal_dma.o
                0x0000000008006536                HAL_DMA_Abort_IT
 .text.HAL_DMA_IRQHandler
                0x0000000008006604      0x15e Drivers/STM32G4xx_HAL_Driver/Src/stm32g4xx_hal_dma.o
                0x0000000008006604                HAL_DMA_IRQHandler
 .text.DMA_SetConfig
                0x0000000008006762       0x7c Drivers/STM32G4xx_HAL_Driver/Src/stm32g4xx_hal_dma.o
 *fill*         0x00000000080067de        0x2 
 .text.DMA_CalcDMAMUXChannelBaseAndMask
                0x00000000080067e0       0x7c Drivers/STM32G4xx_HAL_Driver/Src/stm32g4xx_hal_dma.o
 .text.DMA_CalcDMAMUXRequestGenBaseAndMask
                0x000000000800685c       0x48 Drivers/STM32G4xx_HAL_Driver/Src/stm32g4xx_hal_dma.o
 .text.HAL_FLASH_Program
                0x00000000080068a4       0xac Drivers/STM32G4xx_HAL_Driver/Src/stm32g4xx_hal_flash.o
                0x00000000080068a4                HAL_FLASH_Program
 .text.HAL_FLASH_Unlock
                0x0000000008006950       0x44 Drivers/STM32G4xx_HAL_Driver/Src/stm32g4xx_hal_flash.o
                0x0000000008006950                HAL_FLASH_Unlock
 .text.HAL_FLASH_Lock
                0x0000000008006994       0x34 Drivers/STM32G4xx_HAL_Driver/Src/stm32g4xx_hal_flash.o
                0x0000000008006994                HAL_FLASH_Lock
 .text.HAL_FLASH_GetError
                0x00000000080069c8       0x18 Drivers/STM32G4xx_HAL_Driver/Src/stm32g4xx_hal_flash.o
                0x00000000080069c8                HAL_FLASH_GetError
 .text.FLASH_WaitForLastOperation
                0x00000000080069e0       0xa8 Drivers/STM32G4xx_HAL_Driver/Src/stm32g4xx_hal_flash.o
                0x00000000080069e0                FLASH_WaitForLastOperation
 .text.FLASH_Program_DoubleWord
                0x0000000008006a88       0x48 Drivers/STM32G4xx_HAL_Driver/Src/stm32g4xx_hal_flash.o
 .text.FLASH_Program_Fast
                0x0000000008006ad0       0x68 Drivers/STM32G4xx_HAL_Driver/Src/stm32g4xx_hal_flash.o
 .text.HAL_FLASHEx_Erase
                0x0000000008006b38      0x13c Drivers/STM32G4xx_HAL_Driver/Src/stm32g4xx_hal_flash_ex.o
                0x0000000008006b38                HAL_FLASHEx_Erase
 .text.FLASH_MassErase
                0x0000000008006c74       0x3c Drivers/STM32G4xx_HAL_Driver/Src/stm32g4xx_hal_flash_ex.o
 .text.FLASH_PageErase
                0x0000000008006cb0       0x48 Drivers/STM32G4xx_HAL_Driver/Src/stm32g4xx_hal_flash_ex.o
                0x0000000008006cb0                FLASH_PageErase
 .text.FLASH_FlushCaches
                0x0000000008006cf8       0x88 Drivers/STM32G4xx_HAL_Driver/Src/stm32g4xx_hal_flash_ex.o
                0x0000000008006cf8                FLASH_FlushCaches
 .text.HAL_GPIO_Init
                0x0000000008006d80      0x304 Drivers/STM32G4xx_HAL_Driver/Src/stm32g4xx_hal_gpio.o
                0x0000000008006d80                HAL_GPIO_Init
 .text.HAL_GPIO_ReadPin
                0x0000000008007084       0x30 Drivers/STM32G4xx_HAL_Driver/Src/stm32g4xx_hal_gpio.o
                0x0000000008007084                HAL_GPIO_ReadPin
 .text.HAL_GPIO_WritePin
                0x00000000080070b4       0x30 Drivers/STM32G4xx_HAL_Driver/Src/stm32g4xx_hal_gpio.o
                0x00000000080070b4                HAL_GPIO_WritePin
 .text.HAL_OPAMP_Init
                0x00000000080070e4      0x1a0 Drivers/STM32G4xx_HAL_Driver/Src/stm32g4xx_hal_opamp.o
                0x00000000080070e4                HAL_OPAMP_Init
 .text.HAL_OPAMP_Start
                0x0000000008007284       0x62 Drivers/STM32G4xx_HAL_Driver/Src/stm32g4xx_hal_opamp.o
                0x0000000008007284                HAL_OPAMP_Start
 *fill*         0x00000000080072e6        0x2 
 .text.HAL_PWREx_ControlVoltageScaling
                0x00000000080072e8      0x148 Drivers/STM32G4xx_HAL_Driver/Src/stm32g4xx_hal_pwr_ex.o
                0x00000000080072e8                HAL_PWREx_ControlVoltageScaling
 .text.HAL_PWREx_DisableUCPDDeadBattery
                0x0000000008007430       0x20 Drivers/STM32G4xx_HAL_Driver/Src/stm32g4xx_hal_pwr_ex.o
                0x0000000008007430                HAL_PWREx_DisableUCPDDeadBattery
 .text.HAL_RCC_OscConfig
                0x0000000008007450      0x630 Drivers/STM32G4xx_HAL_Driver/Src/stm32g4xx_hal_rcc.o
                0x0000000008007450                HAL_RCC_OscConfig
 .text.HAL_RCC_ClockConfig
                0x0000000008007a80      0x278 Drivers/STM32G4xx_HAL_Driver/Src/stm32g4xx_hal_rcc.o
                0x0000000008007a80                HAL_RCC_ClockConfig
 .text.HAL_RCC_GetSysClockFreq
                0x0000000008007cf8       0xc4 Drivers/STM32G4xx_HAL_Driver/Src/stm32g4xx_hal_rcc.o
                0x0000000008007cf8                HAL_RCC_GetSysClockFreq
 .text.HAL_RCC_GetHCLKFreq
                0x0000000008007dbc       0x18 Drivers/STM32G4xx_HAL_Driver/Src/stm32g4xx_hal_rcc.o
                0x0000000008007dbc                HAL_RCC_GetHCLKFreq
 .text.HAL_RCC_GetPCLK1Freq
                0x0000000008007dd4       0x2c Drivers/STM32G4xx_HAL_Driver/Src/stm32g4xx_hal_rcc.o
                0x0000000008007dd4                HAL_RCC_GetPCLK1Freq
 .text.HAL_RCC_GetPCLK2Freq
                0x0000000008007e00       0x2c Drivers/STM32G4xx_HAL_Driver/Src/stm32g4xx_hal_rcc.o
                0x0000000008007e00                HAL_RCC_GetPCLK2Freq
 .text.RCC_GetSysClockFreqFromPLLSource
                0x0000000008007e2c       0x8c Drivers/STM32G4xx_HAL_Driver/Src/stm32g4xx_hal_rcc.o
 .text.HAL_RCCEx_PeriphCLKConfig
                0x0000000008007eb8      0x3e0 Drivers/STM32G4xx_HAL_Driver/Src/stm32g4xx_hal_rcc_ex.o
                0x0000000008007eb8                HAL_RCCEx_PeriphCLKConfig
 .text.HAL_TIM_Base_Init
                0x0000000008008298       0xae Drivers/STM32G4xx_HAL_Driver/Src/stm32g4xx_hal_tim.o
                0x0000000008008298                HAL_TIM_Base_Init
 *fill*         0x0000000008008346        0x2 
 .text.HAL_TIM_Base_Start
                0x0000000008008348       0xc4 Drivers/STM32G4xx_HAL_Driver/Src/stm32g4xx_hal_tim.o
                0x0000000008008348                HAL_TIM_Base_Start
 .text.HAL_TIM_PWM_Init
                0x000000000800840c       0xae Drivers/STM32G4xx_HAL_Driver/Src/stm32g4xx_hal_tim.o
                0x000000000800840c                HAL_TIM_PWM_Init
 .text.HAL_TIM_PWM_MspInit
                0x00000000080084ba       0x14 Drivers/STM32G4xx_HAL_Driver/Src/stm32g4xx_hal_tim.o
                0x00000000080084ba                HAL_TIM_PWM_MspInit
 *fill*         0x00000000080084ce        0x2 
 .text.HAL_TIM_PWM_Start_IT
                0x00000000080084d0      0x28c Drivers/STM32G4xx_HAL_Driver/Src/stm32g4xx_hal_tim.o
                0x00000000080084d0                HAL_TIM_PWM_Start_IT
 .text.HAL_TIM_IRQHandler
                0x000000000800875c      0x2fe Drivers/STM32G4xx_HAL_Driver/Src/stm32g4xx_hal_tim.o
                0x000000000800875c                HAL_TIM_IRQHandler
 *fill*         0x0000000008008a5a        0x2 
 .text.HAL_TIM_PWM_ConfigChannel
                0x0000000008008a5c      0x220 Drivers/STM32G4xx_HAL_Driver/Src/stm32g4xx_hal_tim.o
                0x0000000008008a5c                HAL_TIM_PWM_ConfigChannel
 .text.HAL_TIM_ConfigClockSource
                0x0000000008008c7c      0x1a4 Drivers/STM32G4xx_HAL_Driver/Src/stm32g4xx_hal_tim.o
                0x0000000008008c7c                HAL_TIM_ConfigClockSource
 .text.HAL_TIM_PeriodElapsedCallback
                0x0000000008008e20       0x14 Drivers/STM32G4xx_HAL_Driver/Src/stm32g4xx_hal_tim.o
                0x0000000008008e20                HAL_TIM_PeriodElapsedCallback
 .text.HAL_TIM_OC_DelayElapsedCallback
                0x0000000008008e34       0x14 Drivers/STM32G4xx_HAL_Driver/Src/stm32g4xx_hal_tim.o
                0x0000000008008e34                HAL_TIM_OC_DelayElapsedCallback
 .text.HAL_TIM_IC_CaptureCallback
                0x0000000008008e48       0x14 Drivers/STM32G4xx_HAL_Driver/Src/stm32g4xx_hal_tim.o
                0x0000000008008e48                HAL_TIM_IC_CaptureCallback
 .text.HAL_TIM_PWM_PulseFinishedCallback
                0x0000000008008e5c       0x14 Drivers/STM32G4xx_HAL_Driver/Src/stm32g4xx_hal_tim.o
                0x0000000008008e5c                HAL_TIM_PWM_PulseFinishedCallback
 .text.HAL_TIM_TriggerCallback
                0x0000000008008e70       0x14 Drivers/STM32G4xx_HAL_Driver/Src/stm32g4xx_hal_tim.o
                0x0000000008008e70                HAL_TIM_TriggerCallback
 .text.TIM_Base_SetConfig
                0x0000000008008e84      0x120 Drivers/STM32G4xx_HAL_Driver/Src/stm32g4xx_hal_tim.o
                0x0000000008008e84                TIM_Base_SetConfig
 .text.TIM_OC1_SetConfig
                0x0000000008008fa4      0x120 Drivers/STM32G4xx_HAL_Driver/Src/stm32g4xx_hal_tim.o
 .text.TIM_OC2_SetConfig
                0x00000000080090c4      0x114 Drivers/STM32G4xx_HAL_Driver/Src/stm32g4xx_hal_tim.o
                0x00000000080090c4                TIM_OC2_SetConfig
 .text.TIM_OC3_SetConfig
                0x00000000080091d8      0x110 Drivers/STM32G4xx_HAL_Driver/Src/stm32g4xx_hal_tim.o
 .text.TIM_OC4_SetConfig
                0x00000000080092e8      0x114 Drivers/STM32G4xx_HAL_Driver/Src/stm32g4xx_hal_tim.o
 .text.TIM_OC5_SetConfig
                0x00000000080093fc       0xc8 Drivers/STM32G4xx_HAL_Driver/Src/stm32g4xx_hal_tim.o
 .text.TIM_OC6_SetConfig
                0x00000000080094c4       0xcc Drivers/STM32G4xx_HAL_Driver/Src/stm32g4xx_hal_tim.o
 .text.TIM_TI1_ConfigInputStage
                0x0000000008009590       0x5e Drivers/STM32G4xx_HAL_Driver/Src/stm32g4xx_hal_tim.o
 .text.TIM_TI2_ConfigInputStage
                0x00000000080095ee       0x60 Drivers/STM32G4xx_HAL_Driver/Src/stm32g4xx_hal_tim.o
 .text.TIM_ITRx_SetConfig
                0x000000000800964e       0x3a Drivers/STM32G4xx_HAL_Driver/Src/stm32g4xx_hal_tim.o
 .text.TIM_ETR_SetConfig
                0x0000000008009688       0x40 Drivers/STM32G4xx_HAL_Driver/Src/stm32g4xx_hal_tim.o
                0x0000000008009688                TIM_ETR_SetConfig
 .text.TIM_CCxChannelCmd
                0x00000000080096c8       0x4a Drivers/STM32G4xx_HAL_Driver/Src/stm32g4xx_hal_tim.o
                0x00000000080096c8                TIM_CCxChannelCmd
 *fill*         0x0000000008009712        0x2 
 .text.HAL_TIMEx_MasterConfigSynchronization
                0x0000000008009714      0x104 Drivers/STM32G4xx_HAL_Driver/Src/stm32g4xx_hal_tim_ex.o
                0x0000000008009714                HAL_TIMEx_MasterConfigSynchronization
 .text.HAL_TIMEx_CommutCallback
                0x0000000008009818       0x14 Drivers/STM32G4xx_HAL_Driver/Src/stm32g4xx_hal_tim_ex.o
                0x0000000008009818                HAL_TIMEx_CommutCallback
 .text.HAL_TIMEx_BreakCallback
                0x000000000800982c       0x14 Drivers/STM32G4xx_HAL_Driver/Src/stm32g4xx_hal_tim_ex.o
                0x000000000800982c                HAL_TIMEx_BreakCallback
 .text.HAL_TIMEx_Break2Callback
                0x0000000008009840       0x14 Drivers/STM32G4xx_HAL_Driver/Src/stm32g4xx_hal_tim_ex.o
                0x0000000008009840                HAL_TIMEx_Break2Callback
 .text.HAL_TIMEx_EncoderIndexCallback
                0x0000000008009854       0x14 Drivers/STM32G4xx_HAL_Driver/Src/stm32g4xx_hal_tim_ex.o
                0x0000000008009854                HAL_TIMEx_EncoderIndexCallback
 .text.HAL_TIMEx_DirectionChangeCallback
                0x0000000008009868       0x14 Drivers/STM32G4xx_HAL_Driver/Src/stm32g4xx_hal_tim_ex.o
                0x0000000008009868                HAL_TIMEx_DirectionChangeCallback
 .text.HAL_TIMEx_IndexErrorCallback
                0x000000000800987c       0x14 Drivers/STM32G4xx_HAL_Driver/Src/stm32g4xx_hal_tim_ex.o
                0x000000000800987c                HAL_TIMEx_IndexErrorCallback
 .text.HAL_TIMEx_TransitionErrorCallback
                0x0000000008009890       0x14 Drivers/STM32G4xx_HAL_Driver/Src/stm32g4xx_hal_tim_ex.o
                0x0000000008009890                HAL_TIMEx_TransitionErrorCallback
 .text.HAL_UART_Init
                0x00000000080098a4       0xa0 Drivers/STM32G4xx_HAL_Driver/Src/stm32g4xx_hal_uart.o
                0x00000000080098a4                HAL_UART_Init
 .text.HAL_UART_Transmit_DMA
                0x0000000008009944      0x100 Drivers/STM32G4xx_HAL_Driver/Src/stm32g4xx_hal_uart.o
                0x0000000008009944                HAL_UART_Transmit_DMA
 .text.HAL_UART_Receive_DMA
                0x0000000008009a44      0x110 Drivers/STM32G4xx_HAL_Driver/Src/stm32g4xx_hal_uart.o
                0x0000000008009a44                HAL_UART_Receive_DMA
 .text.HAL_UART_IRQHandler
                0x0000000008009b54      0x300 Drivers/STM32G4xx_HAL_Driver/Src/stm32g4xx_hal_uart.o
                0x0000000008009b54                HAL_UART_IRQHandler
 .text.HAL_UART_TxHalfCpltCallback
                0x0000000008009e54       0x14 Drivers/STM32G4xx_HAL_Driver/Src/stm32g4xx_hal_uart.o
                0x0000000008009e54                HAL_UART_TxHalfCpltCallback
 .text.HAL_UART_RxCpltCallback
                0x0000000008009e68       0x14 Drivers/STM32G4xx_HAL_Driver/Src/stm32g4xx_hal_uart.o
                0x0000000008009e68                HAL_UART_RxCpltCallback
 .text.HAL_UART_RxHalfCpltCallback
                0x0000000008009e7c       0x14 Drivers/STM32G4xx_HAL_Driver/Src/stm32g4xx_hal_uart.o
                0x0000000008009e7c                HAL_UART_RxHalfCpltCallback
 .text.UART_SetConfig
                0x0000000008009e90      0x550 Drivers/STM32G4xx_HAL_Driver/Src/stm32g4xx_hal_uart.o
                0x0000000008009e90                UART_SetConfig
 .text.UART_AdvFeatureConfig
                0x000000000800a3e0      0x144 Drivers/STM32G4xx_HAL_Driver/Src/stm32g4xx_hal_uart.o
                0x000000000800a3e0                UART_AdvFeatureConfig
 .text.UART_CheckIdleState
                0x000000000800a524       0x90 Drivers/STM32G4xx_HAL_Driver/Src/stm32g4xx_hal_uart.o
                0x000000000800a524                UART_CheckIdleState
 .text.UART_WaitOnFlagUntilTimeout
                0x000000000800a5b4      0x100 Drivers/STM32G4xx_HAL_Driver/Src/stm32g4xx_hal_uart.o
                0x000000000800a5b4                UART_WaitOnFlagUntilTimeout
 .text.UART_EndTxTransfer
                0x000000000800a6b4       0x3c Drivers/STM32G4xx_HAL_Driver/Src/stm32g4xx_hal_uart.o
 .text.UART_EndRxTransfer
                0x000000000800a6f0       0x46 Drivers/STM32G4xx_HAL_Driver/Src/stm32g4xx_hal_uart.o
 .text.UART_DMATransmitCplt
                0x000000000800a736       0x54 Drivers/STM32G4xx_HAL_Driver/Src/stm32g4xx_hal_uart.o
 .text.UART_DMATxHalfCplt
                0x000000000800a78a       0x1c Drivers/STM32G4xx_HAL_Driver/Src/stm32g4xx_hal_uart.o
 .text.UART_DMAReceiveCplt
                0x000000000800a7a6       0x6a Drivers/STM32G4xx_HAL_Driver/Src/stm32g4xx_hal_uart.o
 .text.UART_DMARxHalfCplt
                0x000000000800a810       0x1c Drivers/STM32G4xx_HAL_Driver/Src/stm32g4xx_hal_uart.o
 .text.UART_DMAError
                0x000000000800a82c       0x80 Drivers/STM32G4xx_HAL_Driver/Src/stm32g4xx_hal_uart.o
 .text.UART_DMAAbortOnError
                0x000000000800a8ac       0x2c Drivers/STM32G4xx_HAL_Driver/Src/stm32g4xx_hal_uart.o
 .text.UART_EndTransmit_IT
                0x000000000800a8d8       0x34 Drivers/STM32G4xx_HAL_Driver/Src/stm32g4xx_hal_uart.o
 .text.HAL_UARTEx_WakeupCallback
                0x000000000800a90c       0x14 Drivers/STM32G4xx_HAL_Driver/Src/stm32g4xx_hal_uart_ex.o
                0x000000000800a90c                HAL_UARTEx_WakeupCallback
 .text.HAL_UARTEx_RxFifoFullCallback
                0x000000000800a920       0x14 Drivers/STM32G4xx_HAL_Driver/Src/stm32g4xx_hal_uart_ex.o
                0x000000000800a920                HAL_UARTEx_RxFifoFullCallback
 .text.HAL_UARTEx_TxFifoEmptyCallback
                0x000000000800a934       0x14 Drivers/STM32G4xx_HAL_Driver/Src/stm32g4xx_hal_uart_ex.o
                0x000000000800a934                HAL_UARTEx_TxFifoEmptyCallback
 .text.HAL_UARTEx_DisableFifoMode
                0x000000000800a948       0x72 Drivers/STM32G4xx_HAL_Driver/Src/stm32g4xx_hal_uart_ex.o
                0x000000000800a948                HAL_UARTEx_DisableFifoMode
 .text.HAL_UARTEx_SetTxFifoThreshold
                0x000000000800a9ba       0x7c Drivers/STM32G4xx_HAL_Driver/Src/stm32g4xx_hal_uart_ex.o
                0x000000000800a9ba                HAL_UARTEx_SetTxFifoThreshold
 .text.HAL_UARTEx_SetRxFifoThreshold
                0x000000000800aa36       0x7c Drivers/STM32G4xx_HAL_Driver/Src/stm32g4xx_hal_uart_ex.o
                0x000000000800aa36                HAL_UARTEx_SetRxFifoThreshold
 *fill*         0x000000000800aab2        0x2 
 .text.UARTEx_SetNbDataToProcess
                0x000000000800aab4       0xd0 Drivers/STM32G4xx_HAL_Driver/Src/stm32g4xx_hal_uart_ex.o
 .text.__errno  0x000000000800ab84        0xc c:/st/stm32cubeide_1.4.0/stm32cubeide/plugins/com.st.stm32cube.ide.mcu.externaltools.gnu-tools-for-stm32.7-2018-q2-update.win32_1.5.0.202011040924/tools/bin/../lib/gcc/arm-none-eabi/7.3.1/../../../../arm-none-eabi/lib/thumb/v7e-m/fpv4-sp/hard\libc_nano.a(lib_a-errno.o)
                0x000000000800ab84                __errno
 .text.__libc_init_array
                0x000000000800ab90       0x48 c:/st/stm32cubeide_1.4.0/stm32cubeide/plugins/com.st.stm32cube.ide.mcu.externaltools.gnu-tools-for-stm32.7-2018-q2-update.win32_1.5.0.202011040924/tools/bin/../lib/gcc/arm-none-eabi/7.3.1/../../../../arm-none-eabi/lib/thumb/v7e-m/fpv4-sp/hard\libc_nano.a(lib_a-init.o)
                0x000000000800ab90                __libc_init_array
 .text.memcpy   0x000000000800abd8       0x16 c:/st/stm32cubeide_1.4.0/stm32cubeide/plugins/com.st.stm32cube.ide.mcu.externaltools.gnu-tools-for-stm32.7-2018-q2-update.win32_1.5.0.202011040924/tools/bin/../lib/gcc/arm-none-eabi/7.3.1/../../../../arm-none-eabi/lib/thumb/v7e-m/fpv4-sp/hard\libc_nano.a(lib_a-memcpy-stub.o)
                0x000000000800abd8                memcpy
 .text.memset   0x000000000800abee       0x10 c:/st/stm32cubeide_1.4.0/stm32cubeide/plugins/com.st.stm32cube.ide.mcu.externaltools.gnu-tools-for-stm32.7-2018-q2-update.win32_1.5.0.202011040924/tools/bin/../lib/gcc/arm-none-eabi/7.3.1/../../../../arm-none-eabi/lib/thumb/v7e-m/fpv4-sp/hard\libc_nano.a(lib_a-memset.o)
                0x000000000800abee                memset
 *fill*         0x000000000800abfe        0x2 
 .text.sqrtf    0x000000000800ac00       0xa0 c:/st/stm32cubeide_1.4.0/stm32cubeide/plugins/com.st.stm32cube.ide.mcu.externaltools.gnu-tools-for-stm32.7-2018-q2-update.win32_1.5.0.202011040924/tools/bin/../lib/gcc/arm-none-eabi/7.3.1/../../../../arm-none-eabi/lib/thumb/v7e-m/fpv4-sp/hard\libm.a(lib_a-wf_sqrt.o)
                0x000000000800ac00                sqrtf
 .text.__ieee754_sqrtf
                0x000000000800aca0        0x6 c:/st/stm32cubeide_1.4.0/stm32cubeide/plugins/com.st.stm32cube.ide.mcu.externaltools.gnu-tools-for-stm32.7-2018-q2-update.win32_1.5.0.202011040924/tools/bin/../lib/gcc/arm-none-eabi/7.3.1/../../../../arm-none-eabi/lib/thumb/v7e-m/fpv4-sp/hard\libm.a(lib_a-ef_sqrt.o)
                0x000000000800aca0                __ieee754_sqrtf
 .text.matherr  0x000000000800aca6        0x4 c:/st/stm32cubeide_1.4.0/stm32cubeide/plugins/com.st.stm32cube.ide.mcu.externaltools.gnu-tools-for-stm32.7-2018-q2-update.win32_1.5.0.202011040924/tools/bin/../lib/gcc/arm-none-eabi/7.3.1/../../../../arm-none-eabi/lib/thumb/v7e-m/fpv4-sp/hard\libm.a(lib_a-s_matherr.o)
                0x000000000800aca6                matherr
 *(.glue_7)
 .glue_7        0x000000000800acaa        0x0 linker stubs
 *(.glue_7t)
 .glue_7t       0x000000000800acaa        0x0 linker stubs
 *(.eh_frame)
 *fill*         0x000000000800acaa        0x2 
 .eh_frame      0x000000000800acac        0x0 c:/st/stm32cubeide_1.4.0/stm32cubeide/plugins/com.st.stm32cube.ide.mcu.externaltools.gnu-tools-for-stm32.7-2018-q2-update.win32_1.5.0.202011040924/tools/bin/../lib/gcc/arm-none-eabi/7.3.1/thumb/v7e-m/fpv4-sp/hard/crtbegin.o
 *(.init)
 .init          0x000000000800acac        0x4 c:/st/stm32cubeide_1.4.0/stm32cubeide/plugins/com.st.stm32cube.ide.mcu.externaltools.gnu-tools-for-stm32.7-2018-q2-update.win32_1.5.0.202011040924/tools/bin/../lib/gcc/arm-none-eabi/7.3.1/thumb/v7e-m/fpv4-sp/hard/crti.o
                0x000000000800acac                _init
 .init          0x000000000800acb0        0x8 c:/st/stm32cubeide_1.4.0/stm32cubeide/plugins/com.st.stm32cube.ide.mcu.externaltools.gnu-tools-for-stm32.7-2018-q2-update.win32_1.5.0.202011040924/tools/bin/../lib/gcc/arm-none-eabi/7.3.1/thumb/v7e-m/fpv4-sp/hard/crtn.o
 *(.fini)
 .fini          0x000000000800acb8        0x4 c:/st/stm32cubeide_1.4.0/stm32cubeide/plugins/com.st.stm32cube.ide.mcu.externaltools.gnu-tools-for-stm32.7-2018-q2-update.win32_1.5.0.202011040924/tools/bin/../lib/gcc/arm-none-eabi/7.3.1/thumb/v7e-m/fpv4-sp/hard/crti.o
                0x000000000800acb8                _fini
 .fini          0x000000000800acbc        0x8 c:/st/stm32cubeide_1.4.0/stm32cubeide/plugins/com.st.stm32cube.ide.mcu.externaltools.gnu-tools-for-stm32.7-2018-q2-update.win32_1.5.0.202011040924/tools/bin/../lib/gcc/arm-none-eabi/7.3.1/thumb/v7e-m/fpv4-sp/hard/crtn.o
                0x000000000800acc4                . = ALIGN (0x4)
                0x000000000800acc4                _etext = .

.vfp11_veneer   0x000000000800acc4        0x0
 .vfp11_veneer  0x000000000800acc4        0x0 linker stubs

.v4_bx          0x000000000800acc4        0x0
 .v4_bx         0x000000000800acc4        0x0 linker stubs

.iplt           0x000000000800acc4        0x0
 .iplt          0x000000000800acc4        0x0 c:/st/stm32cubeide_1.4.0/stm32cubeide/plugins/com.st.stm32cube.ide.mcu.externaltools.gnu-tools-for-stm32.7-2018-q2-update.win32_1.5.0.202011040924/tools/bin/../lib/gcc/arm-none-eabi/7.3.1/thumb/v7e-m/fpv4-sp/hard/crtbegin.o

.rodata         0x000000000800acc4      0x248
                0x000000000800acc4                . = ALIGN (0x4)
 *(.rodata)
 .rodata        0x000000000800acc4       0x10 Drivers/STM32G4xx_HAL_Driver/Src/stm32g4xx_hal_uart_ex.o
 *(.rodata*)
 .rodata.crc_table.9465
                0x000000000800acd4      0x200 Core/Src/protocol.o
 .rodata.AHBPrescTable
                0x000000000800aed4       0x10 Core/Src/system_stm32g4xx.o
                0x000000000800aed4                AHBPrescTable
 .rodata.APBPrescTable
                0x000000000800aee4        0x8 Core/Src/system_stm32g4xx.o
                0x000000000800aee4                APBPrescTable
 .rodata.UARTPrescTable
                0x000000000800aeec       0x18 Drivers/STM32G4xx_HAL_Driver/Src/stm32g4xx_hal_uart.o
                0x000000000800aeec                UARTPrescTable
 .rodata.sqrtf.str1.1
                0x000000000800af04        0x6 c:/st/stm32cubeide_1.4.0/stm32cubeide/plugins/com.st.stm32cube.ide.mcu.externaltools.gnu-tools-for-stm32.7-2018-q2-update.win32_1.5.0.202011040924/tools/bin/../lib/gcc/arm-none-eabi/7.3.1/../../../../arm-none-eabi/lib/thumb/v7e-m/fpv4-sp/hard\libm.a(lib_a-wf_sqrt.o)
                0x000000000800af0c                . = ALIGN (0x4)
 *fill*         0x000000000800af0a        0x2 

.ARM.extab      0x000000000800af0c        0x0
                0x000000000800af0c                . = ALIGN (0x4)
 *(.ARM.extab* .gnu.linkonce.armextab.*)
                0x000000000800af0c                . = ALIGN (0x4)

.ARM            0x000000000800af0c        0x8
                0x000000000800af0c                . = ALIGN (0x4)
                0x000000000800af0c                __exidx_start = .
 *(.ARM.exidx*)
 .ARM.exidx     0x000000000800af0c        0x8 c:/st/stm32cubeide_1.4.0/stm32cubeide/plugins/com.st.stm32cube.ide.mcu.externaltools.gnu-tools-for-stm32.7-2018-q2-update.win32_1.5.0.202011040924/tools/bin/../lib/gcc/arm-none-eabi/7.3.1/thumb/v7e-m/fpv4-sp/hard\libgcc.a(_udivmoddi4.o)
                0x000000000800af14                __exidx_end = .
                0x000000000800af14                . = ALIGN (0x4)

.rel.dyn        0x000000000800af14        0x0
 .rel.iplt      0x000000000800af14        0x0 c:/st/stm32cubeide_1.4.0/stm32cubeide/plugins/com.st.stm32cube.ide.mcu.externaltools.gnu-tools-for-stm32.7-2018-q2-update.win32_1.5.0.202011040924/tools/bin/../lib/gcc/arm-none-eabi/7.3.1/thumb/v7e-m/fpv4-sp/hard/crtbegin.o

.preinit_array  0x000000000800af14        0x0
                0x000000000800af14                . = ALIGN (0x4)
                0x000000000800af14                PROVIDE (__preinit_array_start = .)
 *(.preinit_array*)
                0x000000000800af14                PROVIDE (__preinit_array_end = .)
                0x000000000800af14                . = ALIGN (0x4)

.init_array     0x000000000800af14        0x4
                0x000000000800af14                . = ALIGN (0x4)
                0x000000000800af14                PROVIDE (__init_array_start = .)
 *(SORT_BY_NAME(.init_array.*))
 *(.init_array*)
 .init_array    0x000000000800af14        0x4 c:/st/stm32cubeide_1.4.0/stm32cubeide/plugins/com.st.stm32cube.ide.mcu.externaltools.gnu-tools-for-stm32.7-2018-q2-update.win32_1.5.0.202011040924/tools/bin/../lib/gcc/arm-none-eabi/7.3.1/thumb/v7e-m/fpv4-sp/hard/crtbegin.o
                0x000000000800af18                PROVIDE (__init_array_end = .)
                0x000000000800af18                . = ALIGN (0x4)

.fini_array     0x000000000800af18        0x4
                0x000000000800af18                . = ALIGN (0x4)
                [!provide]                        PROVIDE (__fini_array_start = .)
 *(SORT_BY_NAME(.fini_array.*))
 *(.fini_array*)
 .fini_array    0x000000000800af18        0x4 c:/st/stm32cubeide_1.4.0/stm32cubeide/plugins/com.st.stm32cube.ide.mcu.externaltools.gnu-tools-for-stm32.7-2018-q2-update.win32_1.5.0.202011040924/tools/bin/../lib/gcc/arm-none-eabi/7.3.1/thumb/v7e-m/fpv4-sp/hard/crtbegin.o
                [!provide]                        PROVIDE (__fini_array_end = .)
                0x000000000800af1c                . = ALIGN (0x4)
                0x000000000800af1c                _sidata = LOADADDR (.data)

.data           0x0000000020000000       0x9c load address 0x000000000800af1c
                0x0000000020000000                . = ALIGN (0x4)
                0x0000000020000000                _sdata = .
 *(.data)
 *(.data*)
 .data.entering_state
                0x0000000020000000        0x1 Core/Src/control_algo.o
 *fill*         0x0000000020000001        0x3 
 .data.current_control_mode
                0x0000000020000004        0x4 Core/Src/control_algo.o
 .data.SystemCoreClock
                0x0000000020000008        0x4 Core/Src/system_stm32g4xx.o
                0x0000000020000008                SystemCoreClock
 .data.uwTickPrio
                0x000000002000000c        0x4 Drivers/STM32G4xx_HAL_Driver/Src/stm32g4xx_hal.o
                0x000000002000000c                uwTickPrio
 .data.uwTickFreq
                0x0000000020000010        0x4 Drivers/STM32G4xx_HAL_Driver/Src/stm32g4xx_hal.o
                0x0000000020000010                uwTickFreq
 .data.pFlash   0x0000000020000014       0x20 Drivers/STM32G4xx_HAL_Driver/Src/stm32g4xx_hal_flash.o
                0x0000000020000014                pFlash
 .data._impure_ptr
                0x0000000020000034        0x4 c:/st/stm32cubeide_1.4.0/stm32cubeide/plugins/com.st.stm32cube.ide.mcu.externaltools.gnu-tools-for-stm32.7-2018-q2-update.win32_1.5.0.202011040924/tools/bin/../lib/gcc/arm-none-eabi/7.3.1/../../../../arm-none-eabi/lib/thumb/v7e-m/fpv4-sp/hard\libc_nano.a(lib_a-impure.o)
                0x0000000020000034                _impure_ptr
 .data.impure_data
                0x0000000020000038       0x60 c:/st/stm32cubeide_1.4.0/stm32cubeide/plugins/com.st.stm32cube.ide.mcu.externaltools.gnu-tools-for-stm32.7-2018-q2-update.win32_1.5.0.202011040924/tools/bin/../lib/gcc/arm-none-eabi/7.3.1/../../../../arm-none-eabi/lib/thumb/v7e-m/fpv4-sp/hard\libc_nano.a(lib_a-impure.o)
 .data.__fdlib_version
                0x0000000020000098        0x1 c:/st/stm32cubeide_1.4.0/stm32cubeide/plugins/com.st.stm32cube.ide.mcu.externaltools.gnu-tools-for-stm32.7-2018-q2-update.win32_1.5.0.202011040924/tools/bin/../lib/gcc/arm-none-eabi/7.3.1/../../../../arm-none-eabi/lib/thumb/v7e-m/fpv4-sp/hard\libm.a(lib_a-s_lib_ver.o)
                0x0000000020000098                __fdlib_version
 *(.RamFunc)
 *(.RamFunc*)
                0x000000002000009c                . = ALIGN (0x4)
 *fill*         0x0000000020000099        0x3 
                0x000000002000009c                _edata = .

.igot.plt       0x000000002000009c        0x0 load address 0x000000000800afb8
 .igot.plt      0x000000002000009c        0x0 c:/st/stm32cubeide_1.4.0/stm32cubeide/plugins/com.st.stm32cube.ide.mcu.externaltools.gnu-tools-for-stm32.7-2018-q2-update.win32_1.5.0.202011040924/tools/bin/../lib/gcc/arm-none-eabi/7.3.1/thumb/v7e-m/fpv4-sp/hard/crtbegin.o
                0x000000002000009c                . = ALIGN (0x4)

.bss            0x000000002000009c     0x3568 load address 0x000000000800afb8
                0x000000002000009c                _sbss = .
                0x000000002000009c                __bss_start__ = _sbss
 *(.bss)
 .bss           0x000000002000009c       0x1c c:/st/stm32cubeide_1.4.0/stm32cubeide/plugins/com.st.stm32cube.ide.mcu.externaltools.gnu-tools-for-stm32.7-2018-q2-update.win32_1.5.0.202011040924/tools/bin/../lib/gcc/arm-none-eabi/7.3.1/thumb/v7e-m/fpv4-sp/hard/crtbegin.o
 *(.bss*)
 .bss.ADC_DMA   0x00000000200000b8        0x6 Core/Src/control_algo.o
                0x00000000200000b8                ADC_DMA
 *fill*         0x00000000200000be        0x2 
 .bss.motor_current_input_adc
                0x00000000200000c0        0x4 Core/Src/control_algo.o
 .bss.position_input_adc
                0x00000000200000c4        0x4 Core/Src/control_algo.o
 .bss.voltage_input_adc
                0x00000000200000c8        0x4 Core/Src/control_algo.o
 .bss.motor_current_input_adc_offset
                0x00000000200000cc        0x4 Core/Src/control_algo.o
 .bss.pwm_sign  0x00000000200000d0        0x4 Core/Src/control_algo.o
 .bss.pwm_ratio
                0x00000000200000d4        0x4 Core/Src/control_algo.o
 .bss.present_motor_current_ma
                0x00000000200000d8        0x4 Core/Src/control_algo.o
 .bss.present_position_deg
                0x00000000200000dc        0x4 Core/Src/control_algo.o
 .bss.present_voltage_0v1
                0x00000000200000e0        0x4 Core/Src/control_algo.o
 .bss.setpoint_pwm
                0x00000000200000e4        0x4 Core/Src/control_algo.o
 .bss.setpoint_current_ma
                0x00000000200000e8        0x4 Core/Src/control_algo.o
 .bss.setpoint_acceleration_dpss
                0x00000000200000ec        0x4 Core/Src/control_algo.o
 .bss.setpoint_velocity_dps
                0x00000000200000f0        0x4 Core/Src/control_algo.o
 .bss.setpoint_position_deg
                0x00000000200000f4        0x4 Core/Src/control_algo.o
 .bss.counter   0x00000000200000f8        0x4 Core/Src/control_algo.o
 .bss.pid_position
                0x00000000200000fc        0xc Core/Src/control_algo.o
 .bss.pid_current
                0x0000000020000108        0xc Core/Src/control_algo.o
 .bss.present_velocity_dps
                0x0000000020000114        0x4 Core/Src/control_algo.o
 .bss.last_present_position_deg
                0x0000000020000118        0x4 Core/Src/control_algo.o
 .bss.last_setpoint_velocity_dps
                0x000000002000011c        0x4 Core/Src/control_algo.o
 .bss.blinkin_period
                0x0000000020000120        0x4 Core/Src/led.o
 .bss.blinkin_counter
                0x0000000020000124        0x4 Core/Src/led.o
 .bss.blinkin_infinite
                0x0000000020000128        0x1 Core/Src/led.o
 *fill*         0x0000000020000129        0x3 
 .bss.last_state_change_time
                0x000000002000012c        0x4 Core/Src/led.o
 .bss.rx_packet_position
                0x0000000020000130        0x4 Core/Src/protocol.o
                0x0000000020000130                rx_packet_position
 .bss.rx_packet_payload_bytes
                0x0000000020000134        0x4 Core/Src/protocol.o
                0x0000000020000134                rx_packet_payload_bytes
 .bss.tx_packet_length
                0x0000000020000138        0x4 Core/Src/protocol.o
                0x0000000020000138                tx_packet_length
 .bss.packet_state
                0x000000002000013c        0x1 Core/Src/protocol.o
                0x000000002000013c                packet_state
 *fill*         0x000000002000013d        0x3 
 .bss.hserial_table
                0x0000000020000140        0x4 Core/Src/serial.o
                0x0000000020000140                hserial_table
 .bss.serial_counter
                0x0000000020000144        0x4 Core/Src/serial.o
                0x0000000020000144                serial_counter
 .bss.id.9838   0x0000000020000148        0x4 Core/Src/serial.o
 .bss.id.9886   0x000000002000014c        0x4 Core/Src/serial.o
 *(COMMON)
 COMMON         0x0000000020000150       0x82 Core/Src/control_table.o
                0x0000000020000150                regs
 *fill*         0x00000000200001d2        0x2 
 COMMON         0x00000000200001d4     0x2b94 Core/Src/main.o
                0x00000000200001d4                hdma_usart2_rx
                0x0000000020000234                htim4
                0x0000000020000280                htim15
                0x00000000200002cc                hopamp1
                0x0000000020000308                hadc1
                0x0000000020000374                hdma_usart2_tx
                0x00000000200003d4                serial
                0x0000000020002c7c                hdma_adc1
                0x0000000020002cdc                huart2
 COMMON         0x0000000020002d68      0x898 Core/Src/protocol.o
                0x0000000020002d68                rx_packet_buffer
                0x00000000200031b4                tx_packet_buffer
 COMMON         0x0000000020003600        0x4 Drivers/STM32G4xx_HAL_Driver/Src/stm32g4xx_hal.o
                0x0000000020003600                uwTick
                0x0000000020003604                . = ALIGN (0x4)
                0x0000000020003604                _ebss = .
                0x0000000020003604                __bss_end__ = _ebss

._user_heap_stack
                0x0000000020003604      0x604 load address 0x000000000800afb8
                0x0000000020003608                . = ALIGN (0x8)
 *fill*         0x0000000020003604        0x4 
                [!provide]                        PROVIDE (end = .)
                0x0000000020003608                PROVIDE (_end = .)
                0x0000000020003808                . = (. + _Min_Heap_Size)
 *fill*         0x0000000020003608      0x200 
                0x0000000020003c08                . = (. + _Min_Stack_Size)
 *fill*         0x0000000020003808      0x400 
                0x0000000020003c08                . = ALIGN (0x8)

/DISCARD/
 libc.a(*)
 libm.a(*)
 libgcc.a(*)

.ARM.attributes
                0x0000000000000000       0x30
 *(.ARM.attributes)
 .ARM.attributes
                0x0000000000000000       0x22 c:/st/stm32cubeide_1.4.0/stm32cubeide/plugins/com.st.stm32cube.ide.mcu.externaltools.gnu-tools-for-stm32.7-2018-q2-update.win32_1.5.0.202011040924/tools/bin/../lib/gcc/arm-none-eabi/7.3.1/thumb/v7e-m/fpv4-sp/hard/crti.o
 .ARM.attributes
                0x0000000000000022       0x34 c:/st/stm32cubeide_1.4.0/stm32cubeide/plugins/com.st.stm32cube.ide.mcu.externaltools.gnu-tools-for-stm32.7-2018-q2-update.win32_1.5.0.202011040924/tools/bin/../lib/gcc/arm-none-eabi/7.3.1/thumb/v7e-m/fpv4-sp/hard/crtbegin.o
 .ARM.attributes
                0x0000000000000056       0x39 Core/Src/control_algo.o
 .ARM.attributes
                0x000000000000008f       0x39 Core/Src/control_table.o
 .ARM.attributes
                0x00000000000000c8       0x39 Core/Src/eeprom.o
 .ARM.attributes
                0x0000000000000101       0x39 Core/Src/led.o
 .ARM.attributes
                0x000000000000013a       0x39 Core/Src/main.o
 .ARM.attributes
                0x0000000000000173       0x39 Core/Src/math_tool.o
 .ARM.attributes
                0x00000000000001ac       0x39 Core/Src/pic.o
 .ARM.attributes
                0x00000000000001e5       0x39 Core/Src/protocol.o
 .ARM.attributes
                0x000000000000021e       0x39 Core/Src/serial.o
 .ARM.attributes
                0x0000000000000257       0x39 Core/Src/stm32g4xx_hal_msp.o
 .ARM.attributes
                0x0000000000000290       0x39 Core/Src/stm32g4xx_it.o
 .ARM.attributes
                0x00000000000002c9       0x39 Core/Src/system_stm32g4xx.o
 .ARM.attributes
                0x0000000000000302       0x21 Core/Startup/startup_stm32g431kbtx.o
 .ARM.attributes
                0x0000000000000323       0x39 Drivers/STM32G4xx_HAL_Driver/Src/stm32g4xx_hal.o
 .ARM.attributes
                0x000000000000035c       0x39 Drivers/STM32G4xx_HAL_Driver/Src/stm32g4xx_hal_adc.o
 .ARM.attributes
                0x0000000000000395       0x39 Drivers/STM32G4xx_HAL_Driver/Src/stm32g4xx_hal_adc_ex.o
 .ARM.attributes
                0x00000000000003ce       0x39 Drivers/STM32G4xx_HAL_Driver/Src/stm32g4xx_hal_cortex.o
 .ARM.attributes
                0x0000000000000407       0x39 Drivers/STM32G4xx_HAL_Driver/Src/stm32g4xx_hal_dma.o
 .ARM.attributes
                0x0000000000000440       0x39 Drivers/STM32G4xx_HAL_Driver/Src/stm32g4xx_hal_flash.o
 .ARM.attributes
                0x0000000000000479       0x39 Drivers/STM32G4xx_HAL_Driver/Src/stm32g4xx_hal_flash_ex.o
 .ARM.attributes
                0x00000000000004b2       0x39 Drivers/STM32G4xx_HAL_Driver/Src/stm32g4xx_hal_gpio.o
 .ARM.attributes
                0x00000000000004eb       0x39 Drivers/STM32G4xx_HAL_Driver/Src/stm32g4xx_hal_opamp.o
 .ARM.attributes
                0x0000000000000524       0x39 Drivers/STM32G4xx_HAL_Driver/Src/stm32g4xx_hal_pwr_ex.o
 .ARM.attributes
                0x000000000000055d       0x39 Drivers/STM32G4xx_HAL_Driver/Src/stm32g4xx_hal_rcc.o
 .ARM.attributes
                0x0000000000000596       0x39 Drivers/STM32G4xx_HAL_Driver/Src/stm32g4xx_hal_rcc_ex.o
 .ARM.attributes
                0x00000000000005cf       0x39 Drivers/STM32G4xx_HAL_Driver/Src/stm32g4xx_hal_tim.o
 .ARM.attributes
                0x0000000000000608       0x39 Drivers/STM32G4xx_HAL_Driver/Src/stm32g4xx_hal_tim_ex.o
 .ARM.attributes
                0x0000000000000641       0x39 Drivers/STM32G4xx_HAL_Driver/Src/stm32g4xx_hal_uart.o
 .ARM.attributes
                0x000000000000067a       0x39 Drivers/STM32G4xx_HAL_Driver/Src/stm32g4xx_hal_uart_ex.o
 .ARM.attributes
                0x00000000000006b3       0x34 c:/st/stm32cubeide_1.4.0/stm32cubeide/plugins/com.st.stm32cube.ide.mcu.externaltools.gnu-tools-for-stm32.7-2018-q2-update.win32_1.5.0.202011040924/tools/bin/../lib/gcc/arm-none-eabi/7.3.1/../../../../arm-none-eabi/lib/thumb/v7e-m/fpv4-sp/hard\libc_nano.a(lib_a-errno.o)
 .ARM.attributes
                0x00000000000006e7       0x34 c:/st/stm32cubeide_1.4.0/stm32cubeide/plugins/com.st.stm32cube.ide.mcu.externaltools.gnu-tools-for-stm32.7-2018-q2-update.win32_1.5.0.202011040924/tools/bin/../lib/gcc/arm-none-eabi/7.3.1/../../../../arm-none-eabi/lib/thumb/v7e-m/fpv4-sp/hard\libc_nano.a(lib_a-impure.o)
 .ARM.attributes
                0x000000000000071b       0x34 c:/st/stm32cubeide_1.4.0/stm32cubeide/plugins/com.st.stm32cube.ide.mcu.externaltools.gnu-tools-for-stm32.7-2018-q2-update.win32_1.5.0.202011040924/tools/bin/../lib/gcc/arm-none-eabi/7.3.1/../../../../arm-none-eabi/lib/thumb/v7e-m/fpv4-sp/hard\libc_nano.a(lib_a-init.o)
 .ARM.attributes
                0x000000000000074f       0x34 c:/st/stm32cubeide_1.4.0/stm32cubeide/plugins/com.st.stm32cube.ide.mcu.externaltools.gnu-tools-for-stm32.7-2018-q2-update.win32_1.5.0.202011040924/tools/bin/../lib/gcc/arm-none-eabi/7.3.1/../../../../arm-none-eabi/lib/thumb/v7e-m/fpv4-sp/hard\libc_nano.a(lib_a-memcpy-stub.o)
 .ARM.attributes
                0x0000000000000783       0x34 c:/st/stm32cubeide_1.4.0/stm32cubeide/plugins/com.st.stm32cube.ide.mcu.externaltools.gnu-tools-for-stm32.7-2018-q2-update.win32_1.5.0.202011040924/tools/bin/../lib/gcc/arm-none-eabi/7.3.1/../../../../arm-none-eabi/lib/thumb/v7e-m/fpv4-sp/hard\libc_nano.a(lib_a-memset.o)
 .ARM.attributes
                0x00000000000007b7       0x34 c:/st/stm32cubeide_1.4.0/stm32cubeide/plugins/com.st.stm32cube.ide.mcu.externaltools.gnu-tools-for-stm32.7-2018-q2-update.win32_1.5.0.202011040924/tools/bin/../lib/gcc/arm-none-eabi/7.3.1/../../../../arm-none-eabi/lib/thumb/v7e-m/fpv4-sp/hard\libm.a(lib_a-wf_sqrt.o)
 .ARM.attributes
                0x00000000000007eb       0x34 c:/st/stm32cubeide_1.4.0/stm32cubeide/plugins/com.st.stm32cube.ide.mcu.externaltools.gnu-tools-for-stm32.7-2018-q2-update.win32_1.5.0.202011040924/tools/bin/../lib/gcc/arm-none-eabi/7.3.1/../../../../arm-none-eabi/lib/thumb/v7e-m/fpv4-sp/hard\libm.a(lib_a-ef_sqrt.o)
 .ARM.attributes
                0x000000000000081f       0x34 c:/st/stm32cubeide_1.4.0/stm32cubeide/plugins/com.st.stm32cube.ide.mcu.externaltools.gnu-tools-for-stm32.7-2018-q2-update.win32_1.5.0.202011040924/tools/bin/../lib/gcc/arm-none-eabi/7.3.1/../../../../arm-none-eabi/lib/thumb/v7e-m/fpv4-sp/hard\libm.a(lib_a-s_lib_ver.o)
 .ARM.attributes
                0x0000000000000853       0x34 c:/st/stm32cubeide_1.4.0/stm32cubeide/plugins/com.st.stm32cube.ide.mcu.externaltools.gnu-tools-for-stm32.7-2018-q2-update.win32_1.5.0.202011040924/tools/bin/../lib/gcc/arm-none-eabi/7.3.1/../../../../arm-none-eabi/lib/thumb/v7e-m/fpv4-sp/hard\libm.a(lib_a-s_matherr.o)
 .ARM.attributes
                0x0000000000000887       0x22 c:/st/stm32cubeide_1.4.0/stm32cubeide/plugins/com.st.stm32cube.ide.mcu.externaltools.gnu-tools-for-stm32.7-2018-q2-update.win32_1.5.0.202011040924/tools/bin/../lib/gcc/arm-none-eabi/7.3.1/thumb/v7e-m/fpv4-sp/hard\libgcc.a(_arm_addsubdf3.o)
 .ARM.attributes
                0x00000000000008a9       0x22 c:/st/stm32cubeide_1.4.0/stm32cubeide/plugins/com.st.stm32cube.ide.mcu.externaltools.gnu-tools-for-stm32.7-2018-q2-update.win32_1.5.0.202011040924/tools/bin/../lib/gcc/arm-none-eabi/7.3.1/thumb/v7e-m/fpv4-sp/hard\libgcc.a(_arm_muldivdf3.o)
 .ARM.attributes
                0x00000000000008cb       0x22 c:/st/stm32cubeide_1.4.0/stm32cubeide/plugins/com.st.stm32cube.ide.mcu.externaltools.gnu-tools-for-stm32.7-2018-q2-update.win32_1.5.0.202011040924/tools/bin/../lib/gcc/arm-none-eabi/7.3.1/thumb/v7e-m/fpv4-sp/hard\libgcc.a(_arm_truncdfsf2.o)
 .ARM.attributes
                0x00000000000008ed       0x22 c:/st/stm32cubeide_1.4.0/stm32cubeide/plugins/com.st.stm32cube.ide.mcu.externaltools.gnu-tools-for-stm32.7-2018-q2-update.win32_1.5.0.202011040924/tools/bin/../lib/gcc/arm-none-eabi/7.3.1/thumb/v7e-m/fpv4-sp/hard\libgcc.a(_aeabi_uldivmod.o)
 .ARM.attributes
                0x000000000000090f       0x34 c:/st/stm32cubeide_1.4.0/stm32cubeide/plugins/com.st.stm32cube.ide.mcu.externaltools.gnu-tools-for-stm32.7-2018-q2-update.win32_1.5.0.202011040924/tools/bin/../lib/gcc/arm-none-eabi/7.3.1/thumb/v7e-m/fpv4-sp/hard\libgcc.a(_udivmoddi4.o)
 .ARM.attributes
                0x0000000000000943       0x22 c:/st/stm32cubeide_1.4.0/stm32cubeide/plugins/com.st.stm32cube.ide.mcu.externaltools.gnu-tools-for-stm32.7-2018-q2-update.win32_1.5.0.202011040924/tools/bin/../lib/gcc/arm-none-eabi/7.3.1/thumb/v7e-m/fpv4-sp/hard\libgcc.a(_dvmd_tls.o)
 .ARM.attributes
                0x0000000000000965       0x22 c:/st/stm32cubeide_1.4.0/stm32cubeide/plugins/com.st.stm32cube.ide.mcu.externaltools.gnu-tools-for-stm32.7-2018-q2-update.win32_1.5.0.202011040924/tools/bin/../lib/gcc/arm-none-eabi/7.3.1/thumb/v7e-m/fpv4-sp/hard/crtn.o
OUTPUT(STM32G431KBx.elf elf32-littlearm)

.debug_info     0x0000000000000000    0x1da77
 .debug_info    0x0000000000000000     0x1e47 Core/Src/control_algo.o
 .debug_info    0x0000000000001e47      0x302 Core/Src/control_table.o
 .debug_info    0x0000000000002149      0xc9b Core/Src/eeprom.o
 .debug_info    0x0000000000002de4      0x5b2 Core/Src/led.o
 .debug_info    0x0000000000003396     0x1f94 Core/Src/main.o
 .debug_info    0x000000000000532a      0x3d9 Core/Src/math_tool.o
 .debug_info    0x0000000000005703      0xdd5 Core/Src/pic.o
 .debug_info    0x00000000000064d8      0xdfe Core/Src/protocol.o
 .debug_info    0x00000000000072d6     0x176d Core/Src/serial.o
 .debug_info    0x0000000000008a43     0x1a31 Core/Src/stm32g4xx_hal_msp.o
 .debug_info    0x000000000000a474     0x119e Core/Src/stm32g4xx_it.o
 .debug_info    0x000000000000b612      0x6eb Core/Src/system_stm32g4xx.o
 .debug_info    0x000000000000bcfd       0x22 Core/Startup/startup_stm32g431kbtx.o
 .debug_info    0x000000000000bd1f      0xbe6 Drivers/STM32G4xx_HAL_Driver/Src/stm32g4xx_hal.o
 .debug_info    0x000000000000c905     0x2123 Drivers/STM32G4xx_HAL_Driver/Src/stm32g4xx_hal_adc.o
 .debug_info    0x000000000000ea28     0x1e34 Drivers/STM32G4xx_HAL_Driver/Src/stm32g4xx_hal_adc_ex.o
 .debug_info    0x000000000001085c      0xef7 Drivers/STM32G4xx_HAL_Driver/Src/stm32g4xx_hal_cortex.o
 .debug_info    0x0000000000011753      0xa43 Drivers/STM32G4xx_HAL_Driver/Src/stm32g4xx_hal_dma.o
 .debug_info    0x0000000000012196      0x784 Drivers/STM32G4xx_HAL_Driver/Src/stm32g4xx_hal_flash.o
 .debug_info    0x000000000001291a      0x997 Drivers/STM32G4xx_HAL_Driver/Src/stm32g4xx_hal_flash_ex.o
 .debug_info    0x00000000000132b1      0x99e Drivers/STM32G4xx_HAL_Driver/Src/stm32g4xx_hal_gpio.o
 .debug_info    0x0000000000013c4f      0x96a Drivers/STM32G4xx_HAL_Driver/Src/stm32g4xx_hal_opamp.o
 .debug_info    0x00000000000145b9      0xad8 Drivers/STM32G4xx_HAL_Driver/Src/stm32g4xx_hal_pwr_ex.o
 .debug_info    0x0000000000015091      0xccb Drivers/STM32G4xx_HAL_Driver/Src/stm32g4xx_hal_rcc.o
 .debug_info    0x0000000000015d5c      0xdb8 Drivers/STM32G4xx_HAL_Driver/Src/stm32g4xx_hal_rcc_ex.o
 .debug_info    0x0000000000016b14     0x2b63 Drivers/STM32G4xx_HAL_Driver/Src/stm32g4xx_hal_tim.o
 .debug_info    0x0000000000019677     0x1ccf Drivers/STM32G4xx_HAL_Driver/Src/stm32g4xx_hal_tim_ex.o
 .debug_info    0x000000000001b346     0x1a91 Drivers/STM32G4xx_HAL_Driver/Src/stm32g4xx_hal_uart.o
 .debug_info    0x000000000001cdd7      0xca0 Drivers/STM32G4xx_HAL_Driver/Src/stm32g4xx_hal_uart_ex.o

.debug_abbrev   0x0000000000000000     0x3a09
 .debug_abbrev  0x0000000000000000      0x2b0 Core/Src/control_algo.o
 .debug_abbrev  0x00000000000002b0       0xeb Core/Src/control_table.o
 .debug_abbrev  0x000000000000039b      0x1e3 Core/Src/eeprom.o
 .debug_abbrev  0x000000000000057e      0x190 Core/Src/led.o
 .debug_abbrev  0x000000000000070e      0x2ab Core/Src/main.o
 .debug_abbrev  0x00000000000009b9      0x122 Core/Src/math_tool.o
 .debug_abbrev  0x0000000000000adb      0x1ed Core/Src/pic.o
 .debug_abbrev  0x0000000000000cc8      0x241 Core/Src/protocol.o
 .debug_abbrev  0x0000000000000f09      0x314 Core/Src/serial.o
 .debug_abbrev  0x000000000000121d      0x209 Core/Src/stm32g4xx_hal_msp.o
 .debug_abbrev  0x0000000000001426      0x1ac Core/Src/stm32g4xx_it.o
 .debug_abbrev  0x00000000000015d2      0x147 Core/Src/system_stm32g4xx.o
 .debug_abbrev  0x0000000000001719       0x12 Core/Startup/startup_stm32g431kbtx.o
 .debug_abbrev  0x000000000000172b      0x1fb Drivers/STM32G4xx_HAL_Driver/Src/stm32g4xx_hal.o
 .debug_abbrev  0x0000000000001926      0x25d Drivers/STM32G4xx_HAL_Driver/Src/stm32g4xx_hal_adc.o
 .debug_abbrev  0x0000000000001b83      0x27d Drivers/STM32G4xx_HAL_Driver/Src/stm32g4xx_hal_adc_ex.o
 .debug_abbrev  0x0000000000001e00      0x2f1 Drivers/STM32G4xx_HAL_Driver/Src/stm32g4xx_hal_cortex.o
 .debug_abbrev  0x00000000000020f1      0x1d9 Drivers/STM32G4xx_HAL_Driver/Src/stm32g4xx_hal_dma.o
 .debug_abbrev  0x00000000000022ca      0x2b6 Drivers/STM32G4xx_HAL_Driver/Src/stm32g4xx_hal_flash.o
 .debug_abbrev  0x0000000000002580      0x24d Drivers/STM32G4xx_HAL_Driver/Src/stm32g4xx_hal_flash_ex.o
 .debug_abbrev  0x00000000000027cd      0x1c0 Drivers/STM32G4xx_HAL_Driver/Src/stm32g4xx_hal_gpio.o
 .debug_abbrev  0x000000000000298d      0x186 Drivers/STM32G4xx_HAL_Driver/Src/stm32g4xx_hal_opamp.o
 .debug_abbrev  0x0000000000002b13      0x1fd Drivers/STM32G4xx_HAL_Driver/Src/stm32g4xx_hal_pwr_ex.o
 .debug_abbrev  0x0000000000002d10      0x245 Drivers/STM32G4xx_HAL_Driver/Src/stm32g4xx_hal_rcc.o
 .debug_abbrev  0x0000000000002f55      0x204 Drivers/STM32G4xx_HAL_Driver/Src/stm32g4xx_hal_rcc_ex.o
 .debug_abbrev  0x0000000000003159      0x25b Drivers/STM32G4xx_HAL_Driver/Src/stm32g4xx_hal_tim.o
 .debug_abbrev  0x00000000000033b4      0x261 Drivers/STM32G4xx_HAL_Driver/Src/stm32g4xx_hal_tim_ex.o
 .debug_abbrev  0x0000000000003615      0x212 Drivers/STM32G4xx_HAL_Driver/Src/stm32g4xx_hal_uart.o
 .debug_abbrev  0x0000000000003827      0x1e2 Drivers/STM32G4xx_HAL_Driver/Src/stm32g4xx_hal_uart_ex.o

.debug_aranges  0x0000000000000000     0x1830
 .debug_aranges
                0x0000000000000000       0x40 Core/Src/control_algo.o
 .debug_aranges
                0x0000000000000040       0x38 Core/Src/control_table.o
 .debug_aranges
                0x0000000000000078       0x38 Core/Src/eeprom.o
 .debug_aranges
                0x00000000000000b0       0x58 Core/Src/led.o
 .debug_aranges
                0x0000000000000108       0x68 Core/Src/main.o
 .debug_aranges
                0x0000000000000170       0x38 Core/Src/math_tool.o
 .debug_aranges
                0x00000000000001a8       0x38 Core/Src/pic.o
 .debug_aranges
                0x00000000000001e0       0x38 Core/Src/protocol.o
 .debug_aranges
                0x0000000000000218       0x78 Core/Src/serial.o
 .debug_aranges
                0x0000000000000290       0x68 Core/Src/stm32g4xx_hal_msp.o
 .debug_aranges
                0x00000000000002f8       0x90 Core/Src/stm32g4xx_it.o
 .debug_aranges
                0x0000000000000388       0x28 Core/Src/system_stm32g4xx.o
 .debug_aranges
                0x00000000000003b0       0x28 Core/Startup/startup_stm32g431kbtx.o
 .debug_aranges
                0x00000000000003d8      0x130 Drivers/STM32G4xx_HAL_Driver/Src/stm32g4xx_hal.o
 .debug_aranges
                0x0000000000000508      0x248 Drivers/STM32G4xx_HAL_Driver/Src/stm32g4xx_hal_adc.o
 .debug_aranges
                0x0000000000000750      0x1c0 Drivers/STM32G4xx_HAL_Driver/Src/stm32g4xx_hal_adc_ex.o
 .debug_aranges
                0x0000000000000910      0x118 Drivers/STM32G4xx_HAL_Driver/Src/stm32g4xx_hal_cortex.o
 .debug_aranges
                0x0000000000000a28       0x90 Drivers/STM32G4xx_HAL_Driver/Src/stm32g4xx_hal_dma.o
 .debug_aranges
                0x0000000000000ab8       0x88 Drivers/STM32G4xx_HAL_Driver/Src/stm32g4xx_hal_flash.o
 .debug_aranges
                0x0000000000000b40       0xc8 Drivers/STM32G4xx_HAL_Driver/Src/stm32g4xx_hal_flash_ex.o
 .debug_aranges
                0x0000000000000c08       0x58 Drivers/STM32G4xx_HAL_Driver/Src/stm32g4xx_hal_gpio.o
 .debug_aranges
                0x0000000000000c60       0x70 Drivers/STM32G4xx_HAL_Driver/Src/stm32g4xx_hal_opamp.o
 .debug_aranges
                0x0000000000000cd0      0x140 Drivers/STM32G4xx_HAL_Driver/Src/stm32g4xx_hal_pwr_ex.o
 .debug_aranges
                0x0000000000000e10       0x98 Drivers/STM32G4xx_HAL_Driver/Src/stm32g4xx_hal_rcc.o
 .debug_aranges
                0x0000000000000ea8       0xb0 Drivers/STM32G4xx_HAL_Driver/Src/stm32g4xx_hal_rcc_ex.o
 .debug_aranges
                0x0000000000000f58      0x3e0 Drivers/STM32G4xx_HAL_Driver/Src/stm32g4xx_hal_tim.o
 .debug_aranges
                0x0000000000001338      0x240 Drivers/STM32G4xx_HAL_Driver/Src/stm32g4xx_hal_tim_ex.o
 .debug_aranges
                0x0000000000001578      0x230 Drivers/STM32G4xx_HAL_Driver/Src/stm32g4xx_hal_uart.o
 .debug_aranges
                0x00000000000017a8       0x88 Drivers/STM32G4xx_HAL_Driver/Src/stm32g4xx_hal_uart_ex.o

.debug_ranges   0x0000000000000000     0x1668
 .debug_ranges  0x0000000000000000       0x30 Core/Src/control_algo.o
 .debug_ranges  0x0000000000000030       0x28 Core/Src/control_table.o
 .debug_ranges  0x0000000000000058       0x28 Core/Src/eeprom.o
 .debug_ranges  0x0000000000000080       0x48 Core/Src/led.o
 .debug_ranges  0x00000000000000c8       0x58 Core/Src/main.o
 .debug_ranges  0x0000000000000120       0x28 Core/Src/math_tool.o
 .debug_ranges  0x0000000000000148       0x28 Core/Src/pic.o
 .debug_ranges  0x0000000000000170       0x28 Core/Src/protocol.o
 .debug_ranges  0x0000000000000198       0x68 Core/Src/serial.o
 .debug_ranges  0x0000000000000200       0x58 Core/Src/stm32g4xx_hal_msp.o
 .debug_ranges  0x0000000000000258       0x80 Core/Src/stm32g4xx_it.o
 .debug_ranges  0x00000000000002d8       0x18 Core/Src/system_stm32g4xx.o
 .debug_ranges  0x00000000000002f0       0x20 Core/Startup/startup_stm32g431kbtx.o
 .debug_ranges  0x0000000000000310      0x120 Drivers/STM32G4xx_HAL_Driver/Src/stm32g4xx_hal.o
 .debug_ranges  0x0000000000000430      0x238 Drivers/STM32G4xx_HAL_Driver/Src/stm32g4xx_hal_adc.o
 .debug_ranges  0x0000000000000668      0x1b0 Drivers/STM32G4xx_HAL_Driver/Src/stm32g4xx_hal_adc_ex.o
 .debug_ranges  0x0000000000000818      0x108 Drivers/STM32G4xx_HAL_Driver/Src/stm32g4xx_hal_cortex.o
 .debug_ranges  0x0000000000000920       0x80 Drivers/STM32G4xx_HAL_Driver/Src/stm32g4xx_hal_dma.o
 .debug_ranges  0x00000000000009a0       0x78 Drivers/STM32G4xx_HAL_Driver/Src/stm32g4xx_hal_flash.o
 .debug_ranges  0x0000000000000a18       0xb8 Drivers/STM32G4xx_HAL_Driver/Src/stm32g4xx_hal_flash_ex.o
 .debug_ranges  0x0000000000000ad0       0x48 Drivers/STM32G4xx_HAL_Driver/Src/stm32g4xx_hal_gpio.o
 .debug_ranges  0x0000000000000b18       0x60 Drivers/STM32G4xx_HAL_Driver/Src/stm32g4xx_hal_opamp.o
 .debug_ranges  0x0000000000000b78      0x130 Drivers/STM32G4xx_HAL_Driver/Src/stm32g4xx_hal_pwr_ex.o
 .debug_ranges  0x0000000000000ca8       0x88 Drivers/STM32G4xx_HAL_Driver/Src/stm32g4xx_hal_rcc.o
 .debug_ranges  0x0000000000000d30       0xa0 Drivers/STM32G4xx_HAL_Driver/Src/stm32g4xx_hal_rcc_ex.o
 .debug_ranges  0x0000000000000dd0      0x3d0 Drivers/STM32G4xx_HAL_Driver/Src/stm32g4xx_hal_tim.o
 .debug_ranges  0x00000000000011a0      0x230 Drivers/STM32G4xx_HAL_Driver/Src/stm32g4xx_hal_tim_ex.o
 .debug_ranges  0x00000000000013d0      0x220 Drivers/STM32G4xx_HAL_Driver/Src/stm32g4xx_hal_uart.o
 .debug_ranges  0x00000000000015f0       0x78 Drivers/STM32G4xx_HAL_Driver/Src/stm32g4xx_hal_uart_ex.o

.debug_macro    0x0000000000000000    0x22668
 .debug_macro   0x0000000000000000      0x31e Core/Src/control_algo.o
 .debug_macro   0x000000000000031e      0xa5a Core/Src/control_algo.o
 .debug_macro   0x0000000000000d78      0x167 Core/Src/control_algo.o
 .debug_macro   0x0000000000000edf       0x2e Core/Src/control_algo.o
 .debug_macro   0x0000000000000f0d       0x28 Core/Src/control_algo.o
 .debug_macro   0x0000000000000f35       0x22 Core/Src/control_algo.o
 .debug_macro   0x0000000000000f57       0x8e Core/Src/control_algo.o
 .debug_macro   0x0000000000000fe5       0x51 Core/Src/control_algo.o
 .debug_macro   0x0000000000001036       0xef Core/Src/control_algo.o
 .debug_macro   0x0000000000001125       0x6a Core/Src/control_algo.o
 .debug_macro   0x000000000000118f      0x1df Core/Src/control_algo.o
 .debug_macro   0x000000000000136e       0x1c Core/Src/control_algo.o
 .debug_macro   0x000000000000138a       0x22 Core/Src/control_algo.o
 .debug_macro   0x00000000000013ac      0x101 Core/Src/control_algo.o
 .debug_macro   0x00000000000014ad     0x1011 Core/Src/control_algo.o
 .debug_macro   0x00000000000024be      0x11f Core/Src/control_algo.o
 .debug_macro   0x00000000000025dd    0x1138f Core/Src/control_algo.o
 .debug_macro   0x000000000001396c       0x43 Core/Src/control_algo.o
 .debug_macro   0x00000000000139af     0x34ed Core/Src/control_algo.o
 .debug_macro   0x0000000000016e9c      0x174 Core/Src/control_algo.o
 .debug_macro   0x0000000000017010       0x5a Core/Src/control_algo.o
 .debug_macro   0x000000000001706a     0x13de Core/Src/control_algo.o
 .debug_macro   0x0000000000018448      0x535 Core/Src/control_algo.o
 .debug_macro   0x000000000001897d      0x137 Core/Src/control_algo.o
 .debug_macro   0x0000000000018ab4      0x289 Core/Src/control_algo.o
 .debug_macro   0x0000000000018d3d      0x41d Core/Src/control_algo.o
 .debug_macro   0x000000000001915a      0x18b Core/Src/control_algo.o
 .debug_macro   0x00000000000192e5       0x43 Core/Src/control_algo.o
 .debug_macro   0x0000000000019328      0x23d Core/Src/control_algo.o
 .debug_macro   0x0000000000019565     0x10fd Core/Src/control_algo.o
 .debug_macro   0x000000000001a662      0x72e Core/Src/control_algo.o
 .debug_macro   0x000000000001ad90      0x391 Core/Src/control_algo.o
 .debug_macro   0x000000000001b121      0x212 Core/Src/control_algo.o
 .debug_macro   0x000000000001b333      0x401 Core/Src/control_algo.o
 .debug_macro   0x000000000001b734      0x107 Core/Src/control_algo.o
 .debug_macro   0x000000000001b83b      0x1ae Core/Src/control_algo.o
 .debug_macro   0x000000000001b9e9      0x122 Core/Src/control_algo.o
 .debug_macro   0x000000000001bb0b      0x3d1 Core/Src/control_algo.o
 .debug_macro   0x000000000001bedc      0xbbe Core/Src/control_algo.o
 .debug_macro   0x000000000001ca9a      0x47e Core/Src/control_algo.o
 .debug_macro   0x000000000001cf18      0x662 Core/Src/control_algo.o
 .debug_macro   0x000000000001d57a       0xa6 Core/Src/control_algo.o
 .debug_macro   0x000000000001d620      0x307 Core/Src/control_algo.o
 .debug_macro   0x000000000001d927      0x35e Core/Src/control_algo.o
 .debug_macro   0x000000000001dc85       0x1c Core/Src/control_algo.o
 .debug_macro   0x000000000001dca1       0x10 Core/Src/control_algo.o
 .debug_macro   0x000000000001dcb1       0x22 Core/Src/control_algo.o
 .debug_macro   0x000000000001dcd3       0x46 Core/Src/control_algo.o
 .debug_macro   0x000000000001dd19       0x18 Core/Src/control_algo.o
 .debug_macro   0x000000000001dd31       0x3c Core/Src/control_algo.o
 .debug_macro   0x000000000001dd6d       0x34 Core/Src/control_algo.o
 .debug_macro   0x000000000001dda1       0x52 Core/Src/control_algo.o
 .debug_macro   0x000000000001ddf3       0x1f Core/Src/control_algo.o
 .debug_macro   0x000000000001de12       0x43 Core/Src/control_algo.o
 .debug_macro   0x000000000001de55       0x20 Core/Src/control_algo.o
 .debug_macro   0x000000000001de75      0x1a3 Core/Src/control_algo.o
 .debug_macro   0x000000000001e018      0x32a Core/Src/control_algo.o
 .debug_macro   0x000000000001e342      0x1e1 Core/Src/control_algo.o
 .debug_macro   0x000000000001e523      0x231 Core/Src/control_table.o
 .debug_macro   0x000000000001e754      0x358 Core/Src/control_table.o
 .debug_macro   0x000000000001eaac      0x2da Core/Src/eeprom.o
 .debug_macro   0x000000000001ed86       0x10 Core/Src/eeprom.o
 .debug_macro   0x000000000001ed96       0x35 Core/Src/eeprom.o
 .debug_macro   0x000000000001edcb       0x20 Core/Src/eeprom.o
 .debug_macro   0x000000000001edeb      0x222 Core/Src/led.o
 .debug_macro   0x000000000001f00d       0x3a Core/Src/led.o
 .debug_macro   0x000000000001f047      0x262 Core/Src/main.o
 .debug_macro   0x000000000001f2a9       0x34 Core/Src/main.o
 .debug_macro   0x000000000001f2dd       0x1c Core/Src/main.o
 .debug_macro   0x000000000001f2f9      0x210 Core/Src/math_tool.o
 .debug_macro   0x000000000001f509      0x2ea Core/Src/pic.o
 .debug_macro   0x000000000001f7f3      0x2ee Core/Src/protocol.o